###############################################################################
#
# IAR ELF Linker V7.50.1.10123/W32 for ARM                18/Apr/2017  10:25:49
# Copyright 2007-2015 IAR Systems AB.
#
#    Output file  =  
#        D:\Work\devel\stopwach_100417\Debug\Exe\test_prj_210416.out
#    Map file     =  
#        D:\Work\devel\stopwach_100417\Debug\List\test_prj_210416.map
#    Command line =  
#        D:\Work\devel\stopwach_100417\Debug\Obj\cmsis_os.o
#        D:\Work\devel\stopwach_100417\Debug\Obj\croutine.o
#        D:\Work\devel\stopwach_100417\Debug\Obj\event_groups.o
#        D:\Work\devel\stopwach_100417\Debug\Obj\ft5336.o
#        D:\Work\devel\stopwach_100417\Debug\Obj\GUI_X_OS.o
#        D:\Work\devel\stopwach_100417\Debug\Obj\GUIConf.o
#        D:\Work\devel\stopwach_100417\Debug\Obj\heap_4.o
#        D:\Work\devel\stopwach_100417\Debug\Obj\LCDConf.o
#        D:\Work\devel\stopwach_100417\Debug\Obj\list.o
#        D:\Work\devel\stopwach_100417\Debug\Obj\main.o
#        D:\Work\devel\stopwach_100417\Debug\Obj\port.o
#        D:\Work\devel\stopwach_100417\Debug\Obj\portasm.o
#        D:\Work\devel\stopwach_100417\Debug\Obj\queue.o
#        D:\Work\devel\stopwach_100417\Debug\Obj\startup_stm32f746xx.o
#        D:\Work\devel\stopwach_100417\Middlewares\STemWIN\Lib\STemWin528_CM7_OS_IAR.a
#        D:\Work\devel\stopwach_100417\Debug\Obj\stm32746g_discovery.o
#        D:\Work\devel\stopwach_100417\Debug\Obj\stm32746g_discovery_sdram.o
#        D:\Work\devel\stopwach_100417\Debug\Obj\stm32746g_discovery_ts.o
#        D:\Work\devel\stopwach_100417\Debug\Obj\stm32f7xx_hal.o
#        D:\Work\devel\stopwach_100417\Debug\Obj\stm32f7xx_hal_adc.o
#        D:\Work\devel\stopwach_100417\Debug\Obj\stm32f7xx_hal_adc_ex.o
#        D:\Work\devel\stopwach_100417\Debug\Obj\stm32f7xx_hal_can.o
#        D:\Work\devel\stopwach_100417\Debug\Obj\stm32f7xx_hal_cec.o
#        D:\Work\devel\stopwach_100417\Debug\Obj\stm32f7xx_hal_cortex.o
#        D:\Work\devel\stopwach_100417\Debug\Obj\stm32f7xx_hal_crc.o
#        D:\Work\devel\stopwach_100417\Debug\Obj\stm32f7xx_hal_crc_ex.o
#        D:\Work\devel\stopwach_100417\Debug\Obj\stm32f7xx_hal_cryp.o
#        D:\Work\devel\stopwach_100417\Debug\Obj\stm32f7xx_hal_cryp_ex.o
#        D:\Work\devel\stopwach_100417\Debug\Obj\stm32f7xx_hal_dac.o
#        D:\Work\devel\stopwach_100417\Debug\Obj\stm32f7xx_hal_dac_ex.o
#        D:\Work\devel\stopwach_100417\Debug\Obj\stm32f7xx_hal_dcmi.o
#        D:\Work\devel\stopwach_100417\Debug\Obj\stm32f7xx_hal_dcmi_ex.o
#        D:\Work\devel\stopwach_100417\Debug\Obj\stm32f7xx_hal_dma.o
#        D:\Work\devel\stopwach_100417\Debug\Obj\stm32f7xx_hal_dma2d.o
#        D:\Work\devel\stopwach_100417\Debug\Obj\stm32f7xx_hal_dma_ex.o
#        D:\Work\devel\stopwach_100417\Debug\Obj\stm32f7xx_hal_eth.o
#        D:\Work\devel\stopwach_100417\Debug\Obj\stm32f7xx_hal_flash.o
#        D:\Work\devel\stopwach_100417\Debug\Obj\stm32f7xx_hal_flash_ex.o
#        D:\Work\devel\stopwach_100417\Debug\Obj\stm32f7xx_hal_gpio.o
#        D:\Work\devel\stopwach_100417\Debug\Obj\stm32f7xx_hal_hash.o
#        D:\Work\devel\stopwach_100417\Debug\Obj\stm32f7xx_hal_hash_ex.o
#        D:\Work\devel\stopwach_100417\Debug\Obj\stm32f7xx_hal_hcd.o
#        D:\Work\devel\stopwach_100417\Debug\Obj\stm32f7xx_hal_i2c.o
#        D:\Work\devel\stopwach_100417\Debug\Obj\stm32f7xx_hal_i2c_ex.o
#        D:\Work\devel\stopwach_100417\Debug\Obj\stm32f7xx_hal_i2s.o
#        D:\Work\devel\stopwach_100417\Debug\Obj\stm32f7xx_hal_irda.o
#        D:\Work\devel\stopwach_100417\Debug\Obj\stm32f7xx_hal_iwdg.o
#        D:\Work\devel\stopwach_100417\Debug\Obj\stm32f7xx_hal_lptim.o
#        D:\Work\devel\stopwach_100417\Debug\Obj\stm32f7xx_hal_ltdc.o
#        D:\Work\devel\stopwach_100417\Debug\Obj\stm32f7xx_hal_msp.o
#        D:\Work\devel\stopwach_100417\Debug\Obj\stm32f7xx_hal_nand.o
#        D:\Work\devel\stopwach_100417\Debug\Obj\stm32f7xx_hal_nor.o
#        D:\Work\devel\stopwach_100417\Debug\Obj\stm32f7xx_hal_pcd.o
#        D:\Work\devel\stopwach_100417\Debug\Obj\stm32f7xx_hal_pcd_ex.o
#        D:\Work\devel\stopwach_100417\Debug\Obj\stm32f7xx_hal_pwr.o
#        D:\Work\devel\stopwach_100417\Debug\Obj\stm32f7xx_hal_pwr_ex.o
#        D:\Work\devel\stopwach_100417\Debug\Obj\stm32f7xx_hal_qspi.o
#        D:\Work\devel\stopwach_100417\Debug\Obj\stm32f7xx_hal_rcc.o
#        D:\Work\devel\stopwach_100417\Debug\Obj\stm32f7xx_hal_rcc_ex.o
#        D:\Work\devel\stopwach_100417\Debug\Obj\stm32f7xx_hal_rng.o
#        D:\Work\devel\stopwach_100417\Debug\Obj\stm32f7xx_hal_rtc.o
#        D:\Work\devel\stopwach_100417\Debug\Obj\stm32f7xx_hal_rtc_ex.o
#        D:\Work\devel\stopwach_100417\Debug\Obj\stm32f7xx_hal_sai.o
#        D:\Work\devel\stopwach_100417\Debug\Obj\stm32f7xx_hal_sai_ex.o
#        D:\Work\devel\stopwach_100417\Debug\Obj\stm32f7xx_hal_sd.o
#        D:\Work\devel\stopwach_100417\Debug\Obj\stm32f7xx_hal_sdram.o
#        D:\Work\devel\stopwach_100417\Debug\Obj\stm32f7xx_hal_smartcard.o
#        D:\Work\devel\stopwach_100417\Debug\Obj\stm32f7xx_hal_smartcard_ex.o
#        D:\Work\devel\stopwach_100417\Debug\Obj\stm32f7xx_hal_spdifrx.o
#        D:\Work\devel\stopwach_100417\Debug\Obj\stm32f7xx_hal_spi.o
#        D:\Work\devel\stopwach_100417\Debug\Obj\stm32f7xx_hal_sram.o
#        D:\Work\devel\stopwach_100417\Debug\Obj\stm32f7xx_hal_tim.o
#        D:\Work\devel\stopwach_100417\Debug\Obj\stm32f7xx_hal_tim_ex.o
#        D:\Work\devel\stopwach_100417\Debug\Obj\stm32f7xx_hal_uart.o
#        D:\Work\devel\stopwach_100417\Debug\Obj\stm32f7xx_hal_usart.o
#        D:\Work\devel\stopwach_100417\Debug\Obj\stm32f7xx_hal_wwdg.o
#        D:\Work\devel\stopwach_100417\Debug\Obj\stm32f7xx_it.o
#        D:\Work\devel\stopwach_100417\Debug\Obj\stm32f7xx_ll_fmc.o
#        D:\Work\devel\stopwach_100417\Debug\Obj\stm32f7xx_ll_sdmmc.o
#        D:\Work\devel\stopwach_100417\Debug\Obj\stm32f7xx_ll_usb.o
#        D:\Work\devel\stopwach_100417\Debug\Obj\stopwatch.o
#        D:\Work\devel\stopwach_100417\Debug\Obj\svd_gui.o
#        D:\Work\devel\stopwach_100417\Debug\Obj\system_stm32f7xx.o
#        D:\Work\devel\stopwach_100417\Debug\Obj\tasks.o
#        D:\Work\devel\stopwach_100417\Debug\Obj\timers.o --redirect
#        _Printf=_PrintfFull -o
#        D:\Work\devel\stopwach_100417\Debug\Exe\test_prj_210416.out --map
#        D:\Work\devel\stopwach_100417\Debug\List\test_prj_210416.map --config
#        D:\Work\devel\stopwach_100417\stm32f746xx_flash.icf --semihosting
#        --entry __iar_program_start --vfe
#
###############################################################################

*******************************************************************************
*** RUNTIME MODEL ATTRIBUTES
***

CppFlavor                     = *
__Heap_Handler                = Basic
__SystemLibrary               = DLib
__dlib_dynamic_initialization = normal


*******************************************************************************
*** PLACEMENT SUMMARY
***

"A1":  place at 0x08000000 { ro section .intvec };
"P1":  place in [from 0x08000000 to 0x080fffff] { ro };
"P2":  place in [from 0x20000000 to 0x2004ffff] { rw, block CSTACK, block HEAP };

  Section             Kind        Address     Size  Object
  -------             ----        -------     ----  ------
"A1":                                        0x1c8
  .intvec             ro code  0x08000000    0x1c8  startup_stm32f746xx.o [1]
                             - 0x080001c8    0x1c8

"P1":                                      0x17d0d
  .rodata             const    0x080001c8   0x18c8  FD48x64.o [3]
  .text               ro code  0x08001a90   0x1158  WM.o [3]
  .text               ro code  0x08002be8     0x30  LCD_SetClipRectEx.o [3]
  .text               ro code  0x08002c18    0x6e4  GUI_Alloc.o [3]
  .text               ro code  0x080032fc     0x40  GUI__IntersectRect.o [3]
  .text               ro code  0x0800333c     0x58  GUI_MergeRect.o [3]
  .text               ro code  0x08003394     0x76  ABImemcpy_unaligned.o [6]
  .text               ro code  0x0800340a     0x76  lz77_init_single.o [6]
  .text               ro code  0x08003480     0x10  GUI_WaitEvent.o [3]
  .text               ro code  0x08003490     0x1c  GUI_MoveRect.o [3]
  .text               ro code  0x080034ac    0x328  GUIDEV.o [3]
  .text               ro code  0x080037d4     0x1a  WM_GetFirstChild.o [3]
  .text               ro code  0x080037ee     0x62  GUI__IntersectRects.o [3]
  .text               ro code  0x08003850     0x38  GUI_RectsIntersect.o [3]
  .text               ro code  0x08003888    0x134  GUI_Task.o [3]
  .text               ro code  0x080039bc     0x40  WM__SendMessage.o [3]
  .text               ro code  0x080039fc     0x2e  GUI_ALLOC_AllocZero.o [3]
  .text               ro code  0x08003a2a     0x90  WM_BringToBottom.o [3]
  .text               ro code  0x08003aba      0xa  xsprout.o [4]
  .text               ro code  0x08003ac4    0x15c  WM_Timer.o [3]
  .text               ro code  0x08003c20     0x14  WM_NotifyParent.o [3]
  .text               ro code  0x08003c34     0xa6  GUI_SelectLayer.o [3]
  .text               ro code  0x08003cda      0x2  GUICC_8888_Index2Color.o [3]
  .text               ro code  0x08003cdc    0x5e0  LCD.o [3]
  .text               ro code  0x080042bc     0x40  GUI_SetDefault.o [3]
  .text               ro code  0x080042fc     0x1a  WM_SendMessageNoPara.o [3]
  .text               ro code  0x08004316      0x2  GUICC_888_Index2Color.o [3]
  .text               ro code  0x08004318    0x128  GUIDEV_Banding.o [3]
  .text               ro code  0x08004440     0x60  GUI_OnKey.o [3]
  .text               ro code  0x080044a0     0xb4  GUI__ManageCache.o [3]
  .text               ro code  0x08004554     0x1c  GUI_SaveContext.o [3]
  .text               ro code  0x08004570     0x26  GUI_SetColor.o [3]
  .text               ro code  0x08004598    0x1b4  GUI_Core.o [3]
  .text               ro code  0x0800474c     0x68  WM_GetClientRect.o [3]
  .text               ro code  0x080047b4     0x26  WM_SendToParent.o [3]
  .text               ro code  0x080047dc    0x18c  GUI_Device.o [3]
  .text               ro code  0x08004968     0x30  WM_CriticalHandle.o [3]
  .text               ro code  0x08004998     0x78  ABImemmove_unaligned.o [6]
  .text               ro code  0x08004a10      0x6  ABImemclr.o [6]
  .text               ro code  0x08004a16     0x54  GUI__memset.o [3]
  .text               ro code  0x08004a6c    0x170  LCD_GetEx.o [3]
  .text               ro code  0x08004bdc    0x1b8  GUIDEV_UsageBM.o [3]
  .text               ro code  0x08004d94     0x1a  GUI_SelectLCD.o [3]
  .text               ro code  0x08004db0     0x58  GUIDEV_Usage.o [3]
  .text               ro code  0x08004e08     0x24  LCD_UpdateColorIndices.o [3]
  .text               ro code  0x08004e2c     0x18  GUI_SetDrawMode.o [3]
  .text               ro code  0x08004e44    0x60c  GUIDEV_WriteToActiveOpaque.o [3]
  .text               ro code  0x08005450     0x6a  GUI_X_OS.o [1]
  .text               ro code  0x080054ba     0x22  WM__GetPrevSibling.o [3]
  .text               ro code  0x080054dc     0x1a  WM_GetParent.o [3]
  .text               ro code  0x080054f8    0x314  GUI_Timer.o [3]
  .text               ro code  0x0800580c      0x4  GUI_Time.o [3]
  .text               ro code  0x08005810    0x138  LCD_Set.o [3]
  .text               ro code  0x08005948     0xb8  LCD_Color.o [3]
  .text               ro code  0x08005a00     0x28  GUI_Pen.o [3]
  .text               ro code  0x08005a28     0x20  GUI_SetTextAlign.o [3]
  .text               ro code  0x08005a48     0x20  GUI_SetTextMode.o [3]
  .text               ro code  0x08005a68     0x20  GUI_SetFont.o [3]
  .text               ro code  0x08005a88     0x1c  GUI_SetLineStyle.o [3]
  .text               ro code  0x08005aa4     0x38  WM__SendMessageNoPara.o [3]
  .text               ro code  0x08005adc     0x36  GUI_GetOrg.o [3]
  .text               ro code  0x08005b14     0x34  GUIDEV_GetYSize.o [3]
  .text               ro code  0x08005b48     0x38  GUIDEV_ReduceYSize.o [3]
  .text               ro code  0x08005b80     0x70  GUIDEV_SetOrg.o [3]
  .text               ro code  0x08005bf0     0x44  GUIDEV_Clear.o [3]
  .text               ro code  0x08005c34     0x40  WM_OnKey.o [3]
  .text               ro code  0x08005c74     0x3c  GUI_Goto.o [3]
  .text               ro code  0x08005cb0     0x1c  GUIConf.o [1]
  .text               ro code  0x08005ccc    0xa54  LCDConf.o [1]
  .text               ro code  0x08006720     0x18  WM_GetDesktopWindow.o [3]
  .text               ro code  0x08006738     0x40  GUI_SetOrg.o [3]
  .text               ro code  0x08006778     0x66  ABImemset.o [6]
  .text               ro code  0x080067e0     0x44  LCD_SelectLCD.o [3]
  .text               ro code  0x08006824    0x23c  GUI__CompactPixelIndices.o [3]
  .text               ro code  0x08006a60     0x2a  GUIDEV_GetDataPtr.o [3]
  .text               ro code  0x08006a8c    0xb9c  tasks.o [1]
  .text               ro code  0x08007628    0x2cc  cmsis_os.o [1]
  .text               ro code  0x080078f4     0x10  WM__GetFirstSibling.o [3]
  .text               ro code  0x08007904     0x1a  LCD_GetNumDisplays.o [3]
  .text               ro code  0x08007920    0x790  stm32f7xx_hal_rcc_ex.o [1]
  .text               ro code  0x080080b0    0x254  stm32f7xx_hal_gpio.o [1]
  .text               ro code  0x08008304    0x1a8  stm32f7xx_hal_cortex.o [1]
  .text               ro code  0x080084ac    0x110  GUI_MULTIBUF.o [3]
  .text               ro code  0x080085bc    0x7bc  stm32f7xx_hal_ltdc.o [1]
  .text               ro code  0x08008d78     0x18  GUI_GetDrawMode.o [3]
  .text               ro code  0x08008d90    0x234  port.o [1]
  .text               ro code  0x08008fc4     0x98  list.o [1]
  .text               ro code  0x0800905c    0x4c0  timers.o [1]
  .text               ro code  0x0800951c    0x270  heap_4.o [1]
  .text               ro code  0x0800978c    0x93a  queue.o [1]
  .text               ro code  0x0800a0c8     0x60  stm32f7xx_hal.o [1]
  CODE                ro code  0x0800a128     0xac  portasm.o [1]
  .text               ro code  0x0800a1d4     0x4c  stm32f7xx_hal_msp.o [1]
  .text               ro code  0x0800a220    0x890  stm32f7xx_hal_rcc.o [1]
  .text               ro code  0x0800aab0   0x1152  xprintffull.o [4]
  .text               ro code  0x0800bc02     0x20  xmbtowc.o [4]
  .text               ro code  0x0800bc24     0x16  strchr.o [6]
  .text               ro code  0x0800bc3c     0x36  strlen.o [6]
  .text               ro code  0x0800bc74     0x58  memchr.o [6]
  .text               ro code  0x0800bccc      0xa  xmbcurmax.o [4]
  .text               ro code  0x0800bcd8     0xb0  xxmemxmalloc.o [4]
  .text               ro code  0x0800bd88     0x1a  xwctomb.o [4]
  .text               ro code  0x0800bda4     0x80  xxmemxfree.o [4]
  .text               ro code  0x0800be24     0xee  I64DivMod.o [6]
  .text               ro code  0x0800bf12     0x42  xdnorm.o [5]
  .text               ro code  0x0800bf54     0x2e  DblCmpLe.o [5]
  .text               ro code  0x0800bf84     0x2e  DblCmpGe.o [5]
  .text               ro code  0x0800bfb4    0x114  xdscale.o [5]
  .text               ro code  0x0800c0c8     0x58  DblToI32.o [5]
  .text               ro code  0x0800c120     0x30  I32ToDbl.o [5]
  .text               ro code  0x0800c150    0x180  DblSub.o [5]
  .text               ro code  0x0800c2d0    0x1a2  DblMul.o [5]
  .text               ro code  0x0800c474    0x256  DblDiv.o [5]
  .text               ro code  0x0800c6cc     0x6c  localeconv.o [4]
  .text               ro code  0x0800c738      0xe  div.o [4]
  .text               ro code  0x0800c748     0x14  setlocale.o [4]
  .text               ro code  0x0800c75c     0x60  xencoding_sb.o [4]
  .text               ro code  0x0800c7bc     0x2c  xgetmemchunk.o [4]
  .text               ro code  0x0800c7e8      0x2  I64DivZer.o [6]
  .text               ro code  0x0800c7ec     0xd4  DblAdd.o [5]
  .text               ro code  0x0800c8c0      0x2  xtls.o [4]
  .text               ro code  0x0800c8c4    0xb38  GUIDRV_Lin_OXY_16.o [3]
  .text               ro code  0x0800d3fc    0xa7c  GUIDRV_Lin_OXY_32.o [3]
  .rodata             const    0x0800de78    0x984  F13_1.o [3]
  .text               ro code  0x0800e7fc    0x944  GUIDEV_32.o [3]
  .text               ro code  0x0800f140    0x304  GUI__Alpha.o [3]
  .text               ro code  0x0800f444    0x1b0  LCD_ReadRect.o [3]
  .text               ro code  0x0800f5f4    0x12c  GUI__ExpandPixelIndices.o [3]
  .text               ro code  0x0800f720    0x940  GUIDEV_16.o [3]
  .text               ro code  0x08010060     0x40  GUI__memset16.o [3]
  .rodata             const    0x080100a0    0x918  F13_ASCII.o [3]
  .text               ro code  0x080109b8    0x816  stm32f7xx_hal_uart.o [1]
  .rodata             const    0x080111d0    0x718  F6x8.o [3]
  .text               ro code  0x080118e8    0x70c  stm32f7xx_hal_i2c.o [1]
  .text               ro code  0x08011ff4    0x6fa  GUI_SPRITE.o [3]
  .text               ro code  0x080126ee     0xa0  GUI_GetBitmapPixelIndex.o [3]
  .text               ro code  0x08012790    0x406  WM_Touch.o [3]
  .text               ro code  0x08012b96     0x30  WM__IsAncestor.o [3]
  .text               ro code  0x08012bc6     0x1a  WM__SendMessageIfEnabled.o [3]
  .text               ro code  0x08012be0     0x18  WM_IsWindow.o [3]
  .text               ro code  0x08012bf8     0xe8  GUI_PID.o [3]
  .text               ro code  0x08012ce0     0x68  GUI_Curs1.o [3]
  .text               ro code  0x08012d48     0xca  WM_Screen2Win.o [3]
  .text               ro code  0x08012e12     0x16  WM__IsEnabled.o [3]
  .text               ro code  0x08012e28     0x42  WM_SetCapture.o [3]
  .text               ro code  0x08012e6c     0x14  WM_PID__GetPrevState.o [3]
  .text               ro code  0x08012e80     0x14  WM_GetDesktopWindowEx.o [3]
  .text               ro code  0x08012e94    0x394  stm32746g_discovery_sdram.o [1]
  .text               ro code  0x08013228     0xa4  stm32f7xx_hal_sdram.o [1]
  .text               ro code  0x080132cc    0x33c  main.o [1]
  .text               ro code  0x08013608    0x304  stm32f7xx_hal_dma.o [1]
  .text               ro code  0x0801390c    0x166  stm32f7xx_ll_fmc.o [1]
  .text               ro code  0x08013a74    0x27c  svd_gui.o [1]
  .text               ro code  0x08013cf0     0x88  stm32f7xx_hal_pwr_ex.o [1]
  .text               ro code  0x08013d78    0x328  stm32746g_discovery.o [1]
  .text               ro code  0x080140a0    0x314  stm32746g_discovery_ts.o [1]
  .text               ro code  0x080143b4     0x20  GUI_ErrorOut.o [3]
  .text               ro code  0x080143d4     0x1c  WM_MULTIBUF.o [3]
  .text               ro code  0x080143f0     0x38  WM_SetDesktopColor.o [3]
  .text               ro code  0x08014428     0x10  WM_SetCreateFlags.o [3]
  .text               ro code  0x08014438     0x34  WM_GetId.o [3]
  .text               ro code  0x0801446c    0x154  stopwatch.o [1]
  .text               ro code  0x080145c0     0x34  GUI_DispStringHCenter.o [3]
  .text               ro code  0x080145f4     0x48  GUI_Exec.o [3]
  .text               ro code  0x0801463c     0x28  GUI_TOUCH.o [3]
  .text               ro code  0x08014664     0x30  WM_SetCallback.o [3]
  .text               ro code  0x08014694     0xa6  DIALOG.o [3]
  .text               ro code  0x0801473c    0x388  ft5336.o [1]
  .text               ro code  0x08014ac4    0x2f4  stm32f7xx_hal_tim.o [1]
  .text               ro code  0x08014db8     0x34  sprintf.o [4]
  .text               ro code  0x08014dec     0x28  GUI_DispStringAt.o [3]
  .text               ro code  0x08014e14     0x62  memcmp_unaligned.o [6]
  .text               ro code  0x08014e76     0x18  WM_GetClientWindow.o [3]
  .text               ro code  0x08014e90    0x204  WIDGET.o [3]
  .text               ro code  0x08015094     0x68  WM_Show.o [3]
  .text               ro code  0x080150fc     0x20  WM_GetFocussedWindow.o [3]
  .text               ro code  0x0801511c     0x8c  WM_SetFocusOnNextChild.o [3]
  .text               ro code  0x080151a8      0x4  stm32f7xx_hal_tim_ex.o [1]
  .text               ro code  0x080151ac    0x100  GUI_DispString.o [3]
  .text               ro code  0x080152ac     0x1a  GUI__ReduceRect.o [3]
  .text               ro code  0x080152c6     0xc2  WM__UpdateChildPositions.o [3]
  .text               ro code  0x08015388     0xb4  WM_SetFocus.o [3]
  .text               ro code  0x0801543c     0x80  WM_BringToTop.o [3]
  .text               ro code  0x080154bc     0x28  WM__GetFocussedChild.o [3]
  .text               ro code  0x080154e4     0x20  WM_IsFocussable.o [3]
  .text               ro code  0x08015504     0x86  GUI_Char.o [3]
  .text               ro code  0x0801558c    0x1b8  GUI_CharLine.o [3]
  .text               ro code  0x08015744     0x4c  GUI_UC.o [3]
  .text               ro code  0x08015790    0x150  WM_Move.o [3]
  .text               ro code  0x080158e0     0xfc  WM_ResizeWindow.o [3]
  .text               ro code  0x080159dc     0x1e  WM_ForEachDesc.o [3]
  .text               ro code  0x080159fa     0x22  WM__IsChild.o [3]
  .text               ro code  0x08015a1c     0x2c  WM__ForEachDesc.o [3]
  .text               ro code  0x08015a48    0x248  BUTTON_SkinFlex.o [3]
  .text               ro code  0x08015c90    0x210  GUI__DrawTwinArc.o [3]
  .text               ro code  0x08015ea0     0x58  GUI_DrawHLine.o [3]
  .text               ro code  0x08015ef8     0x54  GUI_DrawVLine.o [3]
  .text               ro code  0x08015f4c     0x58  GUI_FillRect.o [3]
  .text               ro code  0x08015fa4     0x88  GUI_2DLib.o [3]
  .text               ro code  0x0801602c    0x1f0  GUI_DrawGradient.o [3]
  .text               ro code  0x0801621c     0x2e  GUI_DRAW.o [3]
  .text               ro code  0x0801624a      0xa  GUI_GetClientRect.o [3]
  .text               ro code  0x08016254    0x194  GUI_DispStringInRect.o [3]
  .text               ro code  0x080163e8     0x4e  WM_SetTrans.o [3]
  .text               ro code  0x08016436     0x1a  GUI__sqrt32.o [3]
  .text               ro code  0x08016450     0x24  GUI_GetColor.o [3]
  .text               ro code  0x08016474     0x16  GUI__HandleEOLine.o [3]
  .text               ro code  0x0801648c     0x20  WM_SetUserClipRect.o [3]
  .text               ro code  0x080164ac     0x3c  WM_ValidateWindow.o [3]
  .text               ro code  0x080164e8     0x18  LCD_GetColorIndex.o [3]
  .text               ro code  0x08016500    0x244  BUTTON.o [3]
  .text               ro code  0x08016744     0x6e  GUI__SetText.o [3]
  .text               ro code  0x080167b4     0x48  GUI__strcmp.o [3]
  .text               ro code  0x080167fc     0x14  GUI__strlen.o [3]
  .text               ro code  0x08016810     0x44  strcpy_unaligned.o [6]
  .text               ro code  0x08016854    0x1c0  WINDOW.o [3]
  .text               ro code  0x08016a14     0x20  WM_HasFocus.o [3]
  .text               ro code  0x08016a34     0x5e  WM_SetFocusOnPrevChild.o [3]
  .text               ro code  0x08016a92     0x1a  WM__GetLastSibling.o [3]
  .text               ro code  0x08016aac    0x19c  GUIDEV_WriteToActiveAlpha.o [3]
  .text               ro code  0x08016c48    0x176  GUI_CharM.o [3]
  .text               ro code  0x08016dc0    0x164  GUIDEV_StaticDevices.o [3]
  .text               ro code  0x08016f24     0x52  WM_SetSize.o [3]
  .text               ro code  0x08016f78     0x24  GUI_SetAlpha.o [3]
  .text               ro code  0x08016f9c     0x1c  WM_GetOrg.o [3]
  .text               ro code  0x08016fb8     0x80  GUIDEV_Write.o [3]
  .text               ro code  0x08017038     0x10  LCD_AA.o [3]
  .text               ro code  0x08017048    0x12c  GUI_CharP.o [3]
  .text               ro code  0x08017174    0x108  GUICC_M1555I.o [3]
  .rodata             const    0x0801727c    0x100  LCD_Mirror.o [3]
  .rodata             const    0x0801737c    0x100  GUI__DivTbl_255_31.o [3]
  .text               ro code  0x0801747c     0xb8  GUICC_0.o [3]
  .text               ro code  0x08017534     0x3e  GUI_CalcColorDist.o [3]
  .text               ro code  0x08017574     0xa8  BUTTON_Skin.o [3]
  .text               ro code  0x0801761c     0x68  WM_GetWindowSize.o [3]
  .text               ro code  0x08017684      0x6  ABImemclr4.o [6]
  .text               ro code  0x0801768c     0x32  ABImemset48.o [6]
  .text               ro code  0x080176c0     0x94  GUICC_M8888I.o [3]
  .rodata             const    0x08017754     0x70  svd_gui.o [1]
  .text               ro code  0x080177c4     0x70  stm32f7xx_it.o [1]
  .text               ro code  0x08017834     0x6c  system_stm32f7xx.o [1]
  .text               ro code  0x080178a0     0x60  WIDGET_Effect_Simple.o [3]
  .text               ro code  0x08017900     0x44  BUTTON_CreateIndirect.o [3]
  .text               ro code  0x08017944     0x40  zero_init3.o [6]
  .rodata             const    0x08017984     0x34  GUIDRV_Lin_OXY_16.o [3]
  .rodata             const    0x080179b8     0x34  GUIDRV_Lin_OXY_32.o [3]
  .text               ro code  0x080179ec     0x28  GUICC_8888.o [3]
  .text               ro code  0x08017a14     0x28  data_init.o [6]
  .text               ro code  0x08017a3c     0x24  GUI_UC_EncodeNone.o [3]
  .text               ro code  0x08017a60     0x22  fpinit_M.o [5]
  .iar.init_table     const    0x08017a84     0x20  - Linker created -
  .rodata             const    0x08017aa4     0x20  svd_gui.o [1]
  .rodata             const    0x08017ac4     0x20  GUI__DivTbl_31_255.o [3]
  .rodata             const    0x08017ae4     0x1c  WIDGET_Effect_Simple.o [3]
  .text               ro code  0x08017b00     0x1a  cmain.o [6]
  .text               ro code  0x08017b1a      0x4  low_level_init.o [4]
  .text               ro code  0x08017b1e      0x4  exit.o [4]
  .text               ro code  0x08017b24      0xa  cexit.o [6]
  .text               ro code  0x08017b30     0x14  exit.o [7]
  .rodata             const    0x08017b44     0x18  GUICC_M1555I.o [3]
  .rodata             const    0x08017b5c     0x18  GUICC_M8888I.o [3]
  .rodata             const    0x08017b74     0x18  GUICC_0.o [3]
  .rodata             const    0x08017b8c     0x18  GUICC_8888.o [3]
  .rodata             const    0x08017ba4     0x14  main.o [1]
  .rodata             const    0x08017bb8     0x10  stm32f7xx_hal_rcc.o [1]
  .rodata             const    0x08017bc8     0x10  stopwatch.o [1]
  .text               ro code  0x08017bd8     0x10  startup_stm32f746xx.o [1]
  .rodata             const    0x08017be8      0xc  LCD.o [3]
  .text               ro code  0x08017bf4      0xc  cstartup_M.o [6]
  .rodata             const    0x08017c00      0x8  stm32f7xx_hal_dma.o [1]
  .rodata             const    0x08017c08      0x8  svd_gui.o [1]
  .rodata             const    0x08017c10      0x8  svd_gui.o [1]
  .rodata             const    0x08017c18      0x8  svd_gui.o [1]
  .rodata             const    0x08017c20      0x8  tasks.o [1]
  .rodata             const    0x08017c28      0x8  timers.o [1]
  .rodata             const    0x08017c30      0x8  timers.o [1]
  .rodata             const    0x08017c38      0x8  GUI_MULTIBUF.o [3]
  .rodata             const    0x08017c40      0x4  GUI_X_OS.o [1]
  .rodata             const    0x08017c44      0x4  GUI_X_OS.o [1]
  .rodata             const    0x08017c48      0x4  heap_4.o [1]
  .rodata             const    0x08017c4c      0x4  main.o [1]
  .rodata             const    0x08017c50      0x4  main.o [1]
  .rodata             const    0x08017c54      0x4  port.o [1]
  .rodata             const    0x08017c58      0x4  stm32746g_discovery.o [1]
  .rodata             const    0x08017c5c      0x4  svd_gui.o [1]
  .text               ro code  0x08017c60      0x4  startup_stm32f746xx.o [1]
  .text               ro code  0x08017c64      0x4  startup_stm32f746xx.o [1]
  .text               ro code  0x08017c68      0x4  startup_stm32f746xx.o [1]
  .text               ro code  0x08017c6c      0x4  startup_stm32f746xx.o [1]
  .text               ro code  0x08017c70      0x4  startup_stm32f746xx.o [1]
  .text               ro code  0x08017c74      0x4  startup_stm32f746xx.o [1]
  .text               ro code  0x08017c78      0x4  startup_stm32f746xx.o [1]
  .text               ro code  0x08017c7c      0x4  startup_stm32f746xx.o [1]
  .text               ro code  0x08017c80      0x4  startup_stm32f746xx.o [1]
  .text               ro code  0x08017c84      0x4  startup_stm32f746xx.o [1]
  .text               ro code  0x08017c88      0x4  startup_stm32f746xx.o [1]
  .text               ro code  0x08017c8c      0x4  startup_stm32f746xx.o [1]
  .text               ro code  0x08017c90      0x4  startup_stm32f746xx.o [1]
  .text               ro code  0x08017c94      0x4  startup_stm32f746xx.o [1]
  .text               ro code  0x08017c98      0x4  startup_stm32f746xx.o [1]
  .text               ro code  0x08017c9c      0x4  startup_stm32f746xx.o [1]
  .text               ro code  0x08017ca0      0x4  startup_stm32f746xx.o [1]
  .text               ro code  0x08017ca4      0x4  startup_stm32f746xx.o [1]
  .text               ro code  0x08017ca8      0x4  startup_stm32f746xx.o [1]
  .text               ro code  0x08017cac      0x4  startup_stm32f746xx.o [1]
  .text               ro code  0x08017cb0      0x4  startup_stm32f746xx.o [1]
  .text               ro code  0x08017cb4      0x4  startup_stm32f746xx.o [1]
  .text               ro code  0x08017cb8      0x4  startup_stm32f746xx.o [1]
  .text               ro code  0x08017cbc      0x4  startup_stm32f746xx.o [1]
  .text               ro code  0x08017cc0      0x4  startup_stm32f746xx.o [1]
  .text               ro code  0x08017cc4      0x4  startup_stm32f746xx.o [1]
  .text               ro code  0x08017cc8      0x4  startup_stm32f746xx.o [1]
  .text               ro code  0x08017ccc      0x4  startup_stm32f746xx.o [1]
  .text               ro code  0x08017cd0      0x4  startup_stm32f746xx.o [1]
  .text               ro code  0x08017cd4      0x4  startup_stm32f746xx.o [1]
  .text               ro code  0x08017cd8      0x4  startup_stm32f746xx.o [1]
  .text               ro code  0x08017cdc      0x4  startup_stm32f746xx.o [1]
  .text               ro code  0x08017ce0      0x4  startup_stm32f746xx.o [1]
  .text               ro code  0x08017ce4      0x4  startup_stm32f746xx.o [1]
  .text               ro code  0x08017ce8      0x4  startup_stm32f746xx.o [1]
  .text               ro code  0x08017cec      0x4  startup_stm32f746xx.o [1]
  .text               ro code  0x08017cf0      0x4  startup_stm32f746xx.o [1]
  .text               ro code  0x08017cf4      0x4  startup_stm32f746xx.o [1]
  .text               ro code  0x08017cf8      0x4  startup_stm32f746xx.o [1]
  .text               ro code  0x08017cfc      0x4  startup_stm32f746xx.o [1]
  .text               ro code  0x08017d00      0x4  startup_stm32f746xx.o [1]
  .text               ro code  0x08017d04      0x4  startup_stm32f746xx.o [1]
  .text               ro code  0x08017d08      0x4  startup_stm32f746xx.o [1]
  .text               ro code  0x08017d0c      0x4  startup_stm32f746xx.o [1]
  .text               ro code  0x08017d10      0x4  startup_stm32f746xx.o [1]
  .text               ro code  0x08017d14      0x4  startup_stm32f746xx.o [1]
  .text               ro code  0x08017d18      0x4  startup_stm32f746xx.o [1]
  .text               ro code  0x08017d1c      0x4  startup_stm32f746xx.o [1]
  .text               ro code  0x08017d20      0x4  startup_stm32f746xx.o [1]
  .text               ro code  0x08017d24      0x4  startup_stm32f746xx.o [1]
  .text               ro code  0x08017d28      0x4  startup_stm32f746xx.o [1]
  .text               ro code  0x08017d2c      0x4  startup_stm32f746xx.o [1]
  .text               ro code  0x08017d30      0x4  startup_stm32f746xx.o [1]
  .text               ro code  0x08017d34      0x4  startup_stm32f746xx.o [1]
  .text               ro code  0x08017d38      0x4  startup_stm32f746xx.o [1]
  .text               ro code  0x08017d3c      0x4  startup_stm32f746xx.o [1]
  .text               ro code  0x08017d40      0x4  startup_stm32f746xx.o [1]
  .text               ro code  0x08017d44      0x4  startup_stm32f746xx.o [1]
  .text               ro code  0x08017d48      0x4  startup_stm32f746xx.o [1]
  .text               ro code  0x08017d4c      0x4  startup_stm32f746xx.o [1]
  .text               ro code  0x08017d50      0x4  startup_stm32f746xx.o [1]
  .text               ro code  0x08017d54      0x4  startup_stm32f746xx.o [1]
  .text               ro code  0x08017d58      0x4  startup_stm32f746xx.o [1]
  .text               ro code  0x08017d5c      0x4  startup_stm32f746xx.o [1]
  .text               ro code  0x08017d60      0x4  startup_stm32f746xx.o [1]
  .text               ro code  0x08017d64      0x4  startup_stm32f746xx.o [1]
  .text               ro code  0x08017d68      0x4  startup_stm32f746xx.o [1]
  .text               ro code  0x08017d6c      0x4  startup_stm32f746xx.o [1]
  .text               ro code  0x08017d70      0x4  startup_stm32f746xx.o [1]
  .text               ro code  0x08017d74      0x4  startup_stm32f746xx.o [1]
  .text               ro code  0x08017d78      0x4  startup_stm32f746xx.o [1]
  .text               ro code  0x08017d7c      0x4  startup_stm32f746xx.o [1]
  .text               ro code  0x08017d80      0x4  startup_stm32f746xx.o [1]
  .text               ro code  0x08017d84      0x4  startup_stm32f746xx.o [1]
  .text               ro code  0x08017d88      0x4  startup_stm32f746xx.o [1]
  .text               ro code  0x08017d8c      0x4  startup_stm32f746xx.o [1]
  .text               ro code  0x08017d90      0x4  startup_stm32f746xx.o [1]
  .text               ro code  0x08017d94      0x4  startup_stm32f746xx.o [1]
  .text               ro code  0x08017d98      0x4  startup_stm32f746xx.o [1]
  .text               ro code  0x08017d9c      0x4  startup_stm32f746xx.o [1]
  .text               ro code  0x08017da0      0x4  startup_stm32f746xx.o [1]
  .text               ro code  0x08017da4      0x4  startup_stm32f746xx.o [1]
  .text               ro code  0x08017da8      0x4  startup_stm32f746xx.o [1]
  .text               ro code  0x08017dac      0x4  startup_stm32f746xx.o [1]
  .text               ro code  0x08017db0      0x4  startup_stm32f746xx.o [1]
  .text               ro code  0x08017db4      0x4  startup_stm32f746xx.o [1]
  .text               ro code  0x08017db8      0x4  startup_stm32f746xx.o [1]
  .text               ro code  0x08017dbc      0x4  startup_stm32f746xx.o [1]
  .text               ro code  0x08017dc0      0x4  startup_stm32f746xx.o [1]
  .text               ro code  0x08017dc4      0x4  startup_stm32f746xx.o [1]
  .text               ro code  0x08017dc8      0x4  startup_stm32f746xx.o [1]
  .rodata             const    0x08017dcc      0x0  zero_init3.o [6]
  .rodata             const    0x08017dcc      0x0  lz77_init_single.o [6]
  Initializer bytes   const    0x08017dcc    0x109  <for P2-1>
                             - 0x08017ed5  0x17d0d

"P2", part 1 of 3:                           0x336
  P2-1                         0x20000000    0x336  <Init block>
    .data             inited   0x20000000     0x28  ft5336.o [1]
    .data             inited   0x20000028      0x8  LCDConf.o [1]
    .data             inited   0x20000030      0x4  port.o [1]
    .data             inited   0x20000034      0x4  system_stm32f7xx.o [1]
    .data             inited   0x20000038     0x80  GUI_Core.o [3]
    .data             inited   0x200000b8      0x4  LCD.o [3]
    .data             inited   0x200000bc      0x4  WINDOW.o [3]
    .data             inited   0x200000c0     0x1c  GUI_Task.o [3]
    .data             inited   0x200000dc     0x10  LCD_Color.o [3]
    .data             inited   0x200000ec     0x34  BUTTON.o [3]
    .data             inited   0x20000120      0x8  BUTTON.o [3]
    .data             inited   0x20000128      0x4  WIDGET.o [3]
    .data             inited   0x2000012c     0x54  GUI_PID.o [3]
    .data             inited   0x20000180     0x10  GUI_OnKey.o [3]
    .data             inited   0x20000190     0x14  WM_Touch.o [3]
    .data             inited   0x200001a4     0x20  BUTTON_SkinFlex.o [3]
    .data             inited   0x200001c4     0x20  BUTTON_SkinFlex.o [3]
    .data             inited   0x200001e4     0x20  BUTTON_SkinFlex.o [3]
    .data             inited   0x20000204     0x20  BUTTON_SkinFlex.o [3]
    .data             inited   0x20000224      0xc  BUTTON_Skin.o [3]
    .data             inited   0x20000230      0x4  GUI_CharLine.o [3]
    .data             inited   0x20000234      0x4  LCD_AA.o [3]
    __DLIB_PERTHREAD  inited   0x20000238     0x88  localeconv.o [4]
    __DLIB_PERTHREAD  inited   0x200002c0     0x74  setlocale.o [4]
    .data             inited   0x20000334      0x1  stm32746g_discovery_sdram.o [1]
    .data             inited   0x20000335      0x1  GUIDEV_StaticDevices.o [3]
                             - 0x20000336    0x336

"P2", part 2 of 3:                           0x660
  CSTACK                       0x20000338    0x460  <Block>
    CSTACK            uninit   0x20000338    0x460  <Block tail>
  HEAP                         0x20000798    0x200  <Block>
    HEAP              uninit   0x20000798    0x200  <Block tail>
                             - 0x20000998    0x660

"P2", part 3 of 3:                         0x2813c
  .bss                zero     0x20000998  0x20000  GUIConf.o [1]
  .bss                zero     0x20020998   0x7800  heap_4.o [1]
  .bss                zero     0x20028198     0xc0  GUI_Alloc.o [3]
  .bss                zero     0x20028258     0xa8  LCDConf.o [1]
  .bss                zero     0x20028300     0xa0  tasks.o [1]
  .bss                zero     0x200283a0     0x84  LCDConf.o [1]
  .bss                zero     0x20028424     0x78  WM.o [3]
  .bss                zero     0x2002849c     0x70  main.o [1]
  .bss                zero     0x2002850c     0x58  main.o [1]
  .bss                zero     0x20028564     0x58  main.o [1]
  .bss                zero     0x200285bc     0x58  stm32746g_discovery_sdram.o [1]
  .bss                zero     0x20028614     0x58  GUI_OnKey.o [3]
  .bss                zero     0x2002866c     0x40  queue.o [1]
  .bss                zero     0x200286ac     0x40  WM_Touch.o [3]
  .bss                zero     0x200286ec     0x3c  stm32746g_discovery.o [1]
  .bss                zero     0x20028728     0x3c  stopwatch.o [1]
  .bss                zero     0x20028764     0x38  LCDConf.o [1]
  .bss                zero     0x2002879c     0x34  stm32746g_discovery_sdram.o [1]
  .bss                zero     0x200287d0     0x34  GUI_Curs1.o [3]
  .bss                zero     0x20028804     0x20  GUI_MULTIBUF.o [3]
  .bss                zero     0x20028824     0x20  GUI_SetAlpha.o [3]
  .bss                zero     0x20028844     0x1c  stm32746g_discovery_sdram.o [1]
  .bss                zero     0x20028860     0x1c  GUI__Alpha.o [3]
  .bss                zero     0x2002887c     0x18  WM_PID__GetPrevState.o [3]
  .bss                zero     0x20028894     0x14  stm32746g_discovery_ts.o [1]
  .bss                zero     0x200288a8     0x14  stm32746g_discovery_ts.o [1]
  .bss                zero     0x200288bc     0x14  tasks.o [1]
  .bss                zero     0x200288d0     0x14  tasks.o [1]
  .bss                zero     0x200288e4     0x14  tasks.o [1]
  .bss                zero     0x200288f8     0x14  tasks.o [1]
  .bss                zero     0x2002890c     0x14  tasks.o [1]
  .bss                zero     0x20028920     0x14  timers.o [1]
  .bss                zero     0x20028934     0x14  timers.o [1]
  .bss                zero     0x20028948     0x14  GUI_Alloc.o [3]
  .bss                zero     0x2002895c     0x14  GUI_Timer.o [3]
  .bss                zero     0x20028970     0x14  GUI__ManageCache.o [3]
  .bss                zero     0x20028984     0x10  stm32746g_discovery_sdram.o [1]
  .bss                zero     0x20028994      0xc  stopwatch.o [1]
  .bss                zero     0x200289a0      0xc  svd_gui.o [1]
  .bss                zero     0x200289ac      0xc  GUI_Core.o [3]
  .bss                zero     0x200289b8      0xc  GUI_TOUCH.o [3]
  .bss                zero     0x200289c4      0x8  heap_4.o [1]
  .bss                zero     0x200289cc      0x8  stopwatch.o [1]
  .bss                zero     0x200289d4      0x8  GUI_Core.o [3]
  .bss                zero     0x200289dc      0x8  GUI_SelectLayer.o [3]
  .bss                zero     0x200289e4      0x8  GUICC_M1555I.o [3]
  .bss                zero     0x200289ec      0x8  GUICC_M8888I.o [3]
  .bss                zero     0x200289f4      0x8  xxmemxmalloc.o [4]
  .bss                zero     0x200289fc      0x4  ft5336.o [1]
  .bss                zero     0x20028a00      0x4  GUI_X_OS.o [1]
  .bss                zero     0x20028a04      0x4  GUI_X_OS.o [1]
  .bss                zero     0x20028a08      0x4  heap_4.o [1]
  .bss                zero     0x20028a0c      0x4  heap_4.o [1]
  .bss                zero     0x20028a10      0x4  heap_4.o [1]
  .bss                zero     0x20028a14      0x4  heap_4.o [1]
  .bss                zero     0x20028a18      0x4  main.o [1]
  .bss                zero     0x20028a1c      0x4  main.o [1]
  .bss                zero     0x20028a20      0x4  port.o [1]
  .bss                zero     0x20028a24      0x4  stm32746g_discovery_ts.o [1]
  .bss                zero     0x20028a28      0x4  stm32f7xx_hal.o [1]
  .bss                zero     0x20028a2c      0x4  stopwatch.o [1]
  .bss                zero     0x20028a30      0x4  svd_gui.o [1]
  .bss                zero     0x20028a34      0x4  tasks.o [1]
  .bss                zero     0x20028a38      0x4  tasks.o [1]
  .bss                zero     0x20028a3c      0x4  tasks.o [1]
  .bss                zero     0x20028a40      0x4  tasks.o [1]
  .bss                zero     0x20028a44      0x4  tasks.o [1]
  .bss                zero     0x20028a48      0x4  tasks.o [1]
  .bss                zero     0x20028a4c      0x4  tasks.o [1]
  .bss                zero     0x20028a50      0x4  tasks.o [1]
  .bss                zero     0x20028a54      0x4  tasks.o [1]
  .bss                zero     0x20028a58      0x4  tasks.o [1]
  .bss                zero     0x20028a5c      0x4  tasks.o [1]
  .bss                zero     0x20028a60      0x4  tasks.o [1]
  .bss                zero     0x20028a64      0x4  tasks.o [1]
  .bss                zero     0x20028a68      0x4  tasks.o [1]
  .bss                zero     0x20028a6c      0x4  timers.o [1]
  .bss                zero     0x20028a70      0x4  timers.o [1]
  .bss                zero     0x20028a74      0x4  timers.o [1]
  .bss                zero     0x20028a78      0x4  timers.o [1]
  .bss                zero     0x20028a7c      0x4  GUI_Core.o [3]
  .bss                zero     0x20028a80      0x4  GUI_Core.o [3]
  .bss                zero     0x20028a84      0x4  GUI_Core.o [3]
  .bss                zero     0x20028a88      0x4  GUI_Core.o [3]
  .bss                zero     0x20028a8c      0x4  GUI_Core.o [3]
  .bss                zero     0x20028a90      0x4  GUI_Core.o [3]
  .bss                zero     0x20028a94      0x4  GUI_Core.o [3]
  .bss                zero     0x20028a98      0x4  GUI_Core.o [3]
  .bss                zero     0x20028a9c      0x4  GUI_MULTIBUF.o [3]
  .bss                zero     0x20028aa0      0x4  GUI_ErrorOut.o [3]
  .bss                zero     0x20028aa4      0x4  WM.o [3]
  .bss                zero     0x20028aa8      0x4  GUI_WaitEvent.o [3]
  .bss                zero     0x20028aac      0x4  GUIDEV_Banding.o [3]
  .bss                zero     0x20028ab0      0x4  WM__SendMessage.o [3]
  .bss                zero     0x20028ab4      0x4  GUI__Alpha.o [3]
  .bss                zero     0x20028ab8      0x4  WIDGET_Effect_Simple.o [3]
  .bss                zero     0x20028abc      0x4  xgetmemchunk.o [4]
  .bss                zero     0x20028ac0      0x2  ft5336.o [1]
  .bss                zero     0x20028ac2      0x2  stm32746g_discovery_ts.o [1]
  .bss                zero     0x20028ac4      0x2  stm32746g_discovery_ts.o [1]
  .bss                zero     0x20028ac6      0x2  GUI_Core.o [3]
  .bss                zero     0x20028ac8      0x2  GUI_Core.o [3]
  .bss                zero     0x20028aca      0x2  GUI_Core.o [3]
  .bss                zero     0x20028acc      0x1  port.o [1]
  .bss                zero     0x20028acd      0x1  stm32746g_discovery_ts.o [1]
  .bss                zero     0x20028ace      0x1  stm32746g_discovery_ts.o [1]
  .bss                zero     0x20028acf      0x1  stopwatch.o [1]
  .bss                zero     0x20028ad0      0x1  WM.o [3]
                             - 0x20028ad1  0x28139


*******************************************************************************
*** INIT TABLE
***

          Address     Size
          -------     ----
Zero (__iar_zero_init3)
    1 destination range, total size 0x28139:
          0x20000998  0x28139

Copy/lz77 (__iar_lz77_init_single3)
    1 source range, total size 0x109 (32% of destination):
          0x08017dcc    0x109
    1 destination range, total size 0x336:
          0x20000000    0x336



*******************************************************************************
*** MODULE SUMMARY
***

    Module                        ro code  ro data  rw data
    ------                        -------  -------  -------
D:\Work\devel\stopwach_100417\Debug\Obj: [1]
    GUIConf.o                          28           131 072
    GUI_X_OS.o                        106        8        8
    LCDConf.o                       2 644        3      364
    cmsis_os.o                        716
    ft5336.o                          904       12       46
    heap_4.o                          624        4   30 744
    list.o                            152
    main.o                            828       28      296
    port.o                            564        5        9
    portasm.o                         172
    queue.o                         2 362                64
    startup_stm32f746xx.o             836
    stm32746g_discovery.o             808        4       60
    stm32746g_discovery_sdram.o       916               185
    stm32746g_discovery_ts.o          788                50
    stm32f7xx_hal.o                    96                 4
    stm32f7xx_hal_cortex.o            424
    stm32f7xx_hal_dma.o               772        8
    stm32f7xx_hal_gpio.o              596
    stm32f7xx_hal_i2c.o             1 804
    stm32f7xx_hal_ltdc.o            1 980
    stm32f7xx_hal_msp.o                76
    stm32f7xx_hal_pwr_ex.o            136
    stm32f7xx_hal_rcc.o             2 192       16
    stm32f7xx_hal_rcc_ex.o          1 936
    stm32f7xx_hal_sdram.o             164
    stm32f7xx_hal_tim.o               756
    stm32f7xx_hal_tim_ex.o              4
    stm32f7xx_hal_uart.o            2 070
    stm32f7xx_it.o                    112
    stm32f7xx_ll_fmc.o                358
    stopwatch.o                       340       16       85
    svd_gui.o                         636      172       16
    system_stm32f7xx.o                108        2        4
    tasks.o                         2 972        8      316
    timers.o                        1 216       16       56
    -------------------------------------------------------
    Total:                         31 196      302  163 379

command line: [2]
    -------------------------------------------------------
    Total:

STemWin528_CM7_OS_IAR.a: [3]
    BUTTON.o                          580       19       60
    BUTTON_CreateIndirect.o            68
    BUTTON_Skin.o                     168        4       12
    BUTTON_SkinFlex.o                 584       41      128
    DIALOG.o                          166
    F13_1.o                                  2 436
    F13_ASCII.o                              2 328
    F6x8.o                                   1 816
    FD48x64.o                                6 344
    GUICC_0.o                         184       24
    GUICC_8888.o                       40       24
    GUICC_8888_Index2Color.o            2
    GUICC_888_Index2Color.o             2
    GUICC_M1555I.o                    264       24        8
    GUICC_M8888I.o                    148       24        8
    GUIDEV.o                          808
    GUIDEV_16.o                     2 368
    GUIDEV_32.o                     2 372
    GUIDEV_Banding.o                  296                 4
    GUIDEV_Clear.o                     68
    GUIDEV_GetDataPtr.o                42
    GUIDEV_GetYSize.o                  52
    GUIDEV_ReduceYSize.o               56
    GUIDEV_SetOrg.o                   112
    GUIDEV_StaticDevices.o            356        1        1
    GUIDEV_Usage.o                     88
    GUIDEV_UsageBM.o                  440
    GUIDEV_Write.o                    128
    GUIDEV_WriteToActiveAlpha.o       412
    GUIDEV_WriteToActiveOpaque.o    1 548
    GUIDRV_Lin_OXY_16.o             2 872       52
    GUIDRV_Lin_OXY_32.o             2 684       52
    GUI_2DLib.o                       136
    GUI_ALLOC_AllocZero.o              46
    GUI_Alloc.o                     1 764               212
    GUI_CalcColorDist.o                62
    GUI_Char.o                        134
    GUI_CharLine.o                    440        1        4
    GUI_CharM.o                       374
    GUI_CharP.o                       300
    GUI_Core.o                        436       41      186
    GUI_Curs1.o                       104                52
    GUI_DRAW.o                         46
    GUI_Device.o                      396
    GUI_DispString.o                  256
    GUI_DispStringAt.o                 40
    GUI_DispStringHCenter.o            52
    GUI_DispStringInRect.o            404
    GUI_DrawGradient.o                496
    GUI_DrawHLine.o                    88
    GUI_DrawVLine.o                    84
    GUI_ErrorOut.o                     32                 4
    GUI_Exec.o                         72
    GUI_FillRect.o                     88
    GUI_GetBitmapPixelIndex.o         160
    GUI_GetClientRect.o                10
    GUI_GetColor.o                     36
    GUI_GetDrawMode.o                  24
    GUI_GetOrg.o                       54
    GUI_Goto.o                         60
    GUI_MULTIBUF.o                    272        8       36
    GUI_MergeRect.o                    88
    GUI_MoveRect.o                     28
    GUI_OnKey.o                        96        5      104
    GUI_PID.o                         232       27       84
    GUI_Pen.o                          40
    GUI_RectsIntersect.o               56
    GUI_SPRITE.o                    1 786
    GUI_SaveContext.o                  28
    GUI_SelectLCD.o                    26
    GUI_SelectLayer.o                 166                 8
    GUI_SetAlpha.o                     36                32
    GUI_SetColor.o                     38
    GUI_SetDefault.o                   64
    GUI_SetDrawMode.o                  24
    GUI_SetFont.o                      32
    GUI_SetLineStyle.o                 28
    GUI_SetOrg.o                       64
    GUI_SetTextAlign.o                 32
    GUI_SetTextMode.o                  32
    GUI_TOUCH.o                        40                12
    GUI_Task.o                        308        9       28
    GUI_Time.o                          4
    GUI_Timer.o                       788                20
    GUI_UC.o                           76
    GUI_UC_EncodeNone.o                36
    GUI_WaitEvent.o                    16                 4
    GUI__Alpha.o                      772                32
    GUI__CompactPixelIndices.o        572
    GUI__DivTbl_255_31.o                       256
    GUI__DivTbl_31_255.o                        32
    GUI__DrawTwinArc.o                528
    GUI__ExpandPixelIndices.o         300
    GUI__HandleEOLine.o                22
    GUI__IntersectRect.o               64
    GUI__IntersectRects.o              98
    GUI__ManageCache.o                180                20
    GUI__ReduceRect.o                  26
    GUI__SetText.o                    110
    GUI__memset.o                      84
    GUI__memset16.o                    64
    GUI__sqrt32.o                      26
    GUI__strcmp.o                      72
    GUI__strlen.o                      20
    LCD.o                           1 504       13        4
    LCD_AA.o                           16        2        4
    LCD_Color.o                       184        6       16
    LCD_GetColorIndex.o                24
    LCD_GetEx.o                       368
    LCD_GetNumDisplays.o               26
    LCD_Mirror.o                               256
    LCD_ReadRect.o                    432
    LCD_SelectLCD.o                    68
    LCD_Set.o                         312
    LCD_SetClipRectEx.o                48
    LCD_UpdateColorIndices.o           36
    WIDGET.o                          516        1        4
    WIDGET_Effect_Simple.o             96       28        4
    WINDOW.o                          448        1        4
    WM.o                            4 440               125
    WM_BringToBottom.o                144
    WM_BringToTop.o                   128
    WM_CriticalHandle.o                48
    WM_ForEachDesc.o                   30
    WM_GetClientRect.o                104
    WM_GetClientWindow.o               24
    WM_GetDesktopWindow.o              24
    WM_GetDesktopWindowEx.o            20
    WM_GetFirstChild.o                 26
    WM_GetFocussedWindow.o             32
    WM_GetId.o                         52
    WM_GetOrg.o                        28
    WM_GetParent.o                     26
    WM_GetWindowSize.o                104
    WM_HasFocus.o                      32
    WM_IsFocussable.o                  32
    WM_IsWindow.o                      24
    WM_MULTIBUF.o                      28
    WM_Move.o                         336
    WM_NotifyParent.o                  20
    WM_OnKey.o                         64
    WM_PID__GetPrevState.o             20                24
    WM_ResizeWindow.o                 252
    WM_Screen2Win.o                   202
    WM_SendMessageNoPara.o             26
    WM_SendToParent.o                  38
    WM_SetCallback.o                   48
    WM_SetCapture.o                    66
    WM_SetCreateFlags.o                16
    WM_SetDesktopColor.o               56
    WM_SetFocus.o                     180
    WM_SetFocusOnNextChild.o          140
    WM_SetFocusOnPrevChild.o           94
    WM_SetSize.o                       82
    WM_SetTrans.o                      78
    WM_SetUserClipRect.o               32
    WM_Show.o                         104
    WM_Timer.o                        348
    WM_Touch.o                      1 030        7       84
    WM_ValidateWindow.o                60
    WM__ForEachDesc.o                  44
    WM__GetFirstSibling.o              16
    WM__GetFocussedChild.o             40
    WM__GetLastSibling.o               26
    WM__GetPrevSibling.o               34
    WM__IsAncestor.o                   48
    WM__IsChild.o                      34
    WM__IsEnabled.o                    22
    WM__SendMessage.o                  64                 4
    WM__SendMessageIfEnabled.o         26
    WM__SendMessageNoPara.o            56
    WM__UpdateChildPositions.o        194
    -------------------------------------------------------
    Total:                         43 796   13 882    1 332

dl7M_tlf.a: [4]
    div.o                              14
    exit.o                              4
    localeconv.o                      108       43      136
    low_level_init.o                    4
    setlocale.o                        20       38      116
    sprintf.o                          52
    xencoding_sb.o                     96
    xgetmemchunk.o                     44                 4
    xmbcurmax.o                        10
    xmbtowc.o                          32
    xprintffull.o                   4 434
    xsprout.o                          10
    xtls.o                              2
    xwctomb.o                          26
    xxmemxfree.o                      128
    xxmemxmalloc.o                    176                 8
    -------------------------------------------------------
    Total:                          5 160       81      264

m7M_tls.a: [5]
    DblAdd.o                          212
    DblCmpGe.o                         46
    DblCmpLe.o                         46
    DblDiv.o                          598
    DblMul.o                          418
    DblSub.o                          384
    DblToI32.o                         88
    I32ToDbl.o                         48
    fpinit_M.o                         34
    xdnorm.o                           66
    xdscale.o                         276
    -------------------------------------------------------
    Total:                          2 216

rt7M_tl.a: [6]
    ABImemclr.o                         6
    ABImemclr4.o                        6
    ABImemcpy_unaligned.o             118
    ABImemmove_unaligned.o            120
    ABImemset.o                       102
    ABImemset48.o                      50
    I64DivMod.o                       238
    I64DivZer.o                         2
    cexit.o                            10
    cmain.o                            26
    cstartup_M.o                       12
    data_init.o                        40
    lz77_init_single.o                118
    memchr.o                           88
    memcmp_unaligned.o                 98
    strchr.o                           22
    strcpy_unaligned.o                 68
    strlen.o                           54
    zero_init3.o                       64
    -------------------------------------------------------
    Total:                          1 242

shb_l.a: [7]
    exit.o                             20
    -------------------------------------------------------
    Total:                             20

    Gaps                               74        4
    Linker created                              32    1 632
-----------------------------------------------------------
    Grand Total:                   83 704   14 301  166 607


*******************************************************************************
*** ENTRY LIST
***

Entry                      Address    Size  Type      Object
-----                      -------    ----  ----      ------
.iar.init_table$$Base   0x08017a84           --   Gb  - Linker created -
.iar.init_table$$Limit  0x08017aa4           --   Gb  - Linker created -
?main                   0x08017b01          Code  Gb  cmain.o [6]
APBAHBPrescTable        0x08017bb8    0x10  Data  Gb  stm32f7xx_hal_rcc.o [1]
API                     0x08004d7c    0x18  Data  Lc  GUIDEV_UsageBM.o [3]
BSP_LED_Init            0x08013d79    0x6a  Code  Gb  stm32746g_discovery.o [1]
BSP_SDRAM_DMA_IRQHandler
                        0x0801301b     0xc  Code  Gb  stm32746g_discovery_sdram.o [1]
BSP_SDRAM_Init          0x08012e95    0xd6  Code  Gb  stm32746g_discovery_sdram.o [1]
BSP_SDRAM_Initialization_sequence
                        0x08012f6b    0xb0  Code  Gb  stm32746g_discovery_sdram.o [1]
BSP_SDRAM_MspInit       0x08013027   0x1c6  Code  Wk  stm32746g_discovery_sdram.o [1]
BSP_TS_GetState         0x080140f3   0x23a  Code  Gb  stm32746g_discovery_ts.o [1]
BSP_TS_Get_GestureId    0x0801432d    0x68  Code  Gb  stm32746g_discovery_ts.o [1]
BSP_TS_Init             0x080140a1    0x52  Code  Gb  stm32746g_discovery_ts.o [1]
BUTTON_Callback         0x0801659b    0xc0  Code  Gb  BUTTON.o [3]
BUTTON_CreateIndirect   0x08017901    0x44  Code  Gb  BUTTON_CreateIndirect.o [3]
BUTTON_CreateUser       0x0801665b    0x6c  Code  Gb  BUTTON.o [3]
BUTTON_DrawSkinFlex     0x08015a49   0x21e  Code  Gb  BUTTON_SkinFlex.o [3]
BUTTON_SetPressed       0x0801672b    0x10  Code  Gb  BUTTON.o [3]
BUTTON_SetText          0x080166d5    0x50  Code  Gb  BUTTON.o [3]
BUTTON__DefaultProps    0x200000ec    0x30  Data  Gb  BUTTON.o [3]
BUTTON__Skin            0x20000224     0xc  Data  Gb  BUTTON_Skin.o [3]
BUTTON__pSkinDefault    0x2000011c     0x4  Data  Gb  BUTTON.o [3]
BusFault_Handler        0x080177cb     0x2  Code  Gb  stm32f7xx_it.o [1]
CPU_CACHE_Enable        0x08013545     0xc  Code  Lc  main.o [1]
CSTACK$$Base            0x20000338           --   Gb  - Linker created -
CSTACK$$Limit           0x20000798           --   Gb  - Linker created -
Command                 0x20028984    0x10  Data  Lc  stm32746g_discovery_sdram.o [1]
DMA2D_CopyBuffer        0x08006407    0x4e  Code  Lc  LCDConf.o [1]
DMA2D_FillBuffer        0x08006455    0x46  Code  Lc  LCDConf.o [1]
DMA2_Stream0_IRQHandler
                        0x0801782d     0x8  Code  Gb  stm32f7xx_it.o [1]
DMA2_Stream1_IRQHandler
                        0x0801780d     0xa  Code  Gb  stm32f7xx_it.o [1]
DMA2_Stream6_IRQHandler
                        0x08017803     0xa  Code  Gb  stm32f7xx_it.o [1]
DMA_CalcBaseAndBitshift
                        0x080138cf    0x2e  Code  Lc  stm32f7xx_hal_dma.o [1]
DebugMon_Handler        0x080177cf     0x2  Code  Gb  stm32f7xx_it.o [1]
FMC_SDRAM_Init          0x0801390d    0x74  Code  Gb  stm32f7xx_ll_fmc.o [1]
FMC_SDRAM_ProgramRefreshRate
                        0x08013a67     0xc  Code  Gb  stm32f7xx_ll_fmc.o [1]
FMC_SDRAM_SendCommand   0x08013a17    0x50  Code  Gb  stm32f7xx_ll_fmc.o [1]
FMC_SDRAM_Timing_Init   0x08013981    0x96  Code  Gb  stm32f7xx_ll_fmc.o [1]
GL_SetDefault           0x080042bd    0x3a  Code  Gb  GUI_SetDefault.o [3]
GPIO_PIN                0x08017c58     0x4  Data  Gb  stm32746g_discovery.o [1]
GUIDRV_Lin_OXY_16_API   0x08017984    0x34  Data  Gb  GUIDRV_Lin_OXY_16.o [3]
GUIDRV_Lin_OXY_32_API   0x080179b8    0x34  Data  Gb  GUIDRV_Lin_OXY_32.o [3]
GUIMONO_DispChar        0x08016c49    0xfa  Code  Gb  GUI_CharM.o [3]
GUIMONO_GetCharDistX    0x08016d6b    0x12  Code  Gb  GUI_CharM.o [3]
GUIMONO_GetFontInfo     0x08016d81     0x6  Code  Gb  GUI_CharM.o [3]
GUIMONO_IsInFont        0x08016d87    0x38  Code  Gb  GUI_CharM.o [3]
GUIPROP_DispChar        0x0801705d    0xc8  Code  Gb  GUI_CharP.o [3]
GUIPROP_GetCharDistX    0x08017125    0x36  Code  Gb  GUI_CharP.o [3]
GUIPROP_GetFontInfo     0x08017161     0x6  Code  Gb  GUI_CharP.o [3]
GUIPROP_IsInFont        0x08017167     0xe  Code  Gb  GUI_CharP.o [3]
GUIPROP__FindChar       0x08017049    0x14  Code  Gb  GUI_CharP.o [3]
GUITASK_CopyContext     0x08003969    0x46  Code  Gb  GUI_Task.o [3]
GUITASK_Init            0x08003931    0x38  Code  Gb  GUI_Task.o [3]
GUITASK__EntranceCnt    0x200000d0     0x4  Data  Gb  GUI_Task.o [3]
GUI_AA__ClipX0          0x20028a90     0x4  Data  Gb  GUI_Core.o [3]
GUI_ALLOC_AllocNoInit   0x08003193    0x18  Code  Gb  GUI_Alloc.o [3]
GUI_ALLOC_AllocZero     0x080039fd    0x2e  Code  Gb  GUI_ALLOC_AllocZero.o [3]
GUI_ALLOC_AssignMemory  0x0800326b     0xc  Code  Gb  GUI_Alloc.o [3]
GUI_ALLOC_Free          0x0800328f    0x2e  Code  Gb  GUI_Alloc.o [3]
GUI_ALLOC_FreeFixedBlock
                        0x080030df    0x10  Code  Gb  GUI_Alloc.o [3]
GUI_ALLOC_FreePtr       0x080032bd    0x12  Code  Gb  GUI_Alloc.o [3]
GUI_ALLOC_FreePtrArray  0x080032d7    0x1a  Code  Gb  GUI_Alloc.o [3]
GUI_ALLOC_GetFixedBlock
                        0x080030ef    0xa4  Code  Gb  GUI_Alloc.o [3]
GUI_ALLOC_GetMaxSize    0x08003209    0x32  Code  Gb  GUI_Alloc.o [3]
GUI_ALLOC_GetNumFreeBytes
                        0x080031fb     0xe  Code  Gb  GUI_Alloc.o [3]
GUI_ALLOC_GetSize       0x08003277    0x18  Code  Gb  GUI_Alloc.o [3]
GUI_ALLOC_LockH         0x080031bb    0x16  Code  Gb  GUI_Alloc.o [3]
GUI_ALLOC_RequestSize   0x0800323b    0x28  Code  Gb  GUI_Alloc.o [3]
GUI_ALLOC_UnlockH       0x080031d1    0x2a  Code  Gb  GUI_Alloc.o [3]
GUI_ALLOC__Context      0x20028198    0xc0  Data  Gb  GUI_Alloc.o [3]
GUI_ALLOC_h2p           0x080031ab    0x10  Code  Gb  GUI_Alloc.o [3]
GUI_CURSOR_SetPositionEx
                        0x08012ce1    0x64  Code  Gb  GUI_Curs1.o [3]
GUI_CalcColorDist       0x08017535    0x3e  Code  Gb  GUI_CalcColorDist.o [3]
GUI_CharLine_pfLog2Vis  0x20000230     0x4  Data  Gb  GUI_CharLine.o [3]
GUI_Clear               0x08004625    0x1a  Code  Gb  GUI_Core.o [3]
GUI_ClearRect           0x080045c3    0x62  Code  Gb  GUI_Core.o [3]
GUI_CreateDialogBox     0x08014695    0xa6  Code  Gb  DIALOG.o [3]
GUI_DEVICE_Create       0x0800482b    0x46  Code  Gb  GUI_Device.o [3]
GUI_DEVICE_CreateAndLink
                        0x080048e3    0x24  Code  Gb  GUI_Device.o [3]
GUI_DEVICE_Delete       0x08004827     0x4  Code  Gb  GUI_Device.o [3]
GUI_DEVICE_Link         0x08004873    0x70  Code  Gb  GUI_Device.o [3]
GUI_DEVICE_LinkDevices  0x0800494d    0x12  Code  Gb  GUI_Device.o [3]
GUI_DEVICE_Unlink       0x08004871     0x2  Code  Gb  GUI_Device.o [3]
GUI_DEVICE_UnlinkTaskDevices
                        0x08004907    0x3a  Code  Gb  GUI_Device.o [3]
GUI_DEVICE__GetpDriver  0x08004807    0x20  Code  Gb  GUI_Device.o [3]
GUI_DRAW__Draw          0x0801621d    0x2e  Code  Gb  GUI_DRAW.o [3]
GUI_DecChar             0x200289d4     0x1  Data  Gb  GUI_Core.o [3]
GUI_DispString          0x080151ad   0x100  Code  Gb  GUI_DispString.o [3]
GUI_DispStringAt        0x08014ded    0x28  Code  Gb  GUI_DispStringAt.o [3]
GUI_DispStringHCenterAt
                        0x080145c1    0x34  Code  Gb  GUI_DispStringHCenter.o [3]
GUI_DispStringInRect    0x080163e3     0x6  Code  Gb  GUI_DispStringInRect.o [3]
GUI_DispStringInRectMax
                        0x08016399    0x4a  Code  Gb  GUI_DispStringInRect.o [3]
GUI_DrawGradientV       0x080161a3    0x36  Code  Gb  GUI_DrawGradient.o [3]
GUI_DrawHLine           0x08015ea1    0x58  Code  Gb  GUI_DrawHLine.o [3]
GUI_DrawRect            0x08015fa5    0x84  Code  Gb  GUI_2DLib.o [3]
GUI_DrawVLine           0x08015ef9    0x54  Code  Gb  GUI_DrawVLine.o [3]
GUI_ErrorOut            0x080143b5    0x1a  Code  Gb  GUI_ErrorOut.o [3]
GUI_Exec                0x08014629    0x14  Code  Gb  GUI_Exec.o [3]
GUI_Exec1               0x080145f5    0x2c  Code  Gb  GUI_Exec.o [3]
GUI_F6x8_Mono           0x080118b0    0x14  Data  Lc  F6x8.o [3]
GUI_F6x8_TI8859_1       0x080118a8     0x8  Data  Lc  F6x8.o [3]
GUI_F6x8_TL8859_1       0x080116e8   0x1c0  Data  Lc  F6x8.o [3]
GUI_FillRect            0x08015f4d    0x58  Code  Gb  GUI_FillRect.o [3]
GUI_Font13ASCII_CharInfo
                        0x080106b4   0x2f8  Data  Lc  F13_ASCII.o [3]
GUI_Font13ASCII_Prop1   0x080109ac     0xc  Data  Gb  F13_ASCII.o [3]
GUI_Font13_1            0x0800e7d8    0x24  Data  Gb  F13_1.o [3]
GUI_Font13_1_CharInfo   0x0800e4cc   0x300  Data  Lc  F13_1.o [3]
GUI_Font13_1_Prop1      0x0800e7cc     0xc  Data  Lc  F13_1.o [3]
GUI_Font6x8             0x080118c4    0x24  Data  Gb  F6x8.o [3]
GUI_FontD48x64          0x08001a6c    0x24  Data  Gb  FD48x64.o [3]
GUI_FontD48x64_CharInfo
                        0x080019c8    0x80  Data  Lc  FD48x64.o [3]
GUI_FontD48x64_Prop0    0x08001a60     0xc  Data  Lc  FD48x64.o [3]
GUI_FontD48x64_Prop1    0x08001a54     0xc  Data  Lc  FD48x64.o [3]
GUI_FontD48x64_Prop2    0x08001a48     0xc  Data  Lc  FD48x64.o [3]
GUI_GetBitmapPixelIndex
                        0x08012779    0x16  Code  Gb  GUI_GetBitmapPixelIndex.o [3]
GUI_GetBitmapPixelIndexEx
                        0x080126ef    0x8a  Code  Gb  GUI_GetBitmapPixelIndex.o [3]
GUI_GetBitsPerPixelEx   0x08004ae5     0xe  Code  Gb  LCD_GetEx.o [3]
GUI_GetBkColor          0x08016451     0xc  Code  Gb  GUI_GetColor.o [3]
GUI_GetCharDistX        0x08015549    0x14  Code  Gb  GUI_Char.o [3]
GUI_GetCharDistXEx      0x0801555d    0x1c  Code  Gb  GUI_Char.o [3]
GUI_GetClientRect       0x0801624b     0xa  Code  Gb  GUI_GetClientRect.o [3]
GUI_GetColor            0x0801645d     0xa  Code  Gb  GUI_GetColor.o [3]
GUI_GetCursorLayer      0x08003c35    0x10  Code  Gb  GUI_SelectLayer.o [3]
GUI_GetDrawMode         0x08008d79    0x18  Code  Gb  GUI_GetDrawMode.o [3]
GUI_GetFontDistY        0x08015533     0xe  Code  Gb  GUI_Char.o [3]
GUI_GetLayerPosEx       0x08003c45    0x20  Code  Gb  GUI_SelectLayer.o [3]
GUI_GetOrg              0x08005af9    0x1a  Code  Gb  GUI_GetOrg.o [3]
GUI_GetTime             0x0800580d     0x4  Code  Gb  GUI_Time.o [3]
GUI_GetYAdjust          0x08015505    0x2e  Code  Gb  GUI_Char.o [3]
GUI_GetpfColor2IndexEx  0x08004b1d     0xc  Code  Gb  LCD_GetEx.o [3]
GUI_GetpfIndex2ColorEx  0x08004b11     0xc  Code  Gb  LCD_GetEx.o [3]
GUI_GotoXY              0x08005c8d    0x24  Code  Gb  GUI_Goto.o [3]
GUI_Init                0x08004665    0xaa  Code  Gb  GUI_Core.o [3]
GUI_Lock                0x080038d7    0x5a  Code  Gb  GUI_Task.o [3]
GUI_MEMDEV_Clear        0x08005bf1    0x44  Code  Gb  GUIDEV_Clear.o [3]
GUI_MEMDEV_CopyToLCD    0x080037bb     0x6  Code  Gb  GUIDEV.o [3]
GUI_MEMDEV_CopyToLCDAt  0x08003719    0xa2  Code  Gb  GUIDEV.o [3]
GUI_MEMDEV_CreateEx     0x08003651    0x7a  Code  Gb  GUIDEV.o [3]
GUI_MEMDEV_DEVICE_16    0x0801002c    0x34  Data  Gb  GUIDEV_16.o [3]
GUI_MEMDEV_DEVICE_32    0x0800f10c    0x34  Data  Gb  GUIDEV_32.o [3]
GUI_MEMDEV_Delete       0x0800360b    0x40  Code  Gb  GUIDEV.o [3]
GUI_MEMDEV_Draw         0x08004323   0x110  Code  Gb  GUIDEV_Banding.o [3]
GUI_MEMDEV_GetBitsPerPixel
                        0x080035df    0x2c  Code  Gb  GUIDEV.o [3]
GUI_MEMDEV_GetDataPtr   0x08006a61    0x2a  Code  Gb  GUIDEV_GetDataPtr.o [3]
GUI_MEMDEV_GetYSize     0x08005b15    0x34  Code  Gb  GUIDEV_GetYSize.o [3]
GUI_MEMDEV_Paint1Static
                        0x08016ef3    0x1e  Code  Gb  GUIDEV_StaticDevices.o [3]
GUI_MEMDEV_ReduceYSize  0x08005b49    0x38  Code  Gb  GUIDEV_ReduceYSize.o [3]
GUI_MEMDEV_Select       0x080036cb    0x48  Code  Gb  GUIDEV.o [3]
GUI_MEMDEV_SetOrg       0x08005b81    0x70  Code  Gb  GUIDEV_SetOrg.o [3]
GUI_MEMDEV_Write        0x0801702f     0x6  Code  Gb  GUIDEV_Write.o [3]
GUI_MEMDEV_WriteAt      0x08016fb9    0x76  Code  Gb  GUIDEV_Write.o [3]
GUI_MEMDEV__CreateFixed
                        0x080034dd   0x102  Code  Gb  GUIDEV.o [3]
GUI_MEMDEV__WriteToActiveAlpha
                        0x08016adf   0x15e  Code  Gb  GUIDEV_WriteToActiveAlpha.o [3]
GUI_MEMDEV__WriteToActiveAt
                        0x080034ad    0x30  Code  Gb  GUIDEV.o [3]
GUI_MEMDEV__WriteToActiveOpaque
                        0x0800540b    0x3c  Code  Gb  GUIDEV_WriteToActiveOpaque.o [3]
GUI_MULTIBUF_APIList    0x08017c38     0x8  Data  Gb  GUI_MULTIBUF.o [3]
GUI_MULTIBUF_Begin      0x0800859d     0x8  Code  Gb  GUI_MULTIBUF.o [3]
GUI_MULTIBUF_BeginEx    0x080084b7    0x6e  Code  Gb  GUI_MULTIBUF.o [3]
GUI_MULTIBUF_ConfigEx   0x08008589    0x14  Code  Gb  GUI_MULTIBUF.o [3]
GUI_MULTIBUF_ConfirmEx  0x08008569    0x20  Code  Gb  GUI_MULTIBUF.o [3]
GUI_MULTIBUF_End        0x080085a5     0x8  Code  Gb  GUI_MULTIBUF.o [3]
GUI_MULTIBUF_EndEx      0x08008525    0x44  Code  Gb  GUI_MULTIBUF.o [3]
GUI_MergeRect           0x0800333d    0x58  Code  Gb  GUI_MergeRect.o [3]
GUI_MoveRect            0x08003491    0x1c  Code  Gb  GUI_MoveRect.o [3]
GUI_OrgX                0x20028ac8     0x2  Data  Gb  GUI_Core.o [3]
GUI_OrgY                0x20028aca     0x2  Data  Gb  GUI_Core.o [3]
GUI_PID_GetState        0x08012c21    0x38  Code  Gb  GUI_PID.o [3]
GUI_PID_IsEmpty         0x08012cc1    0x12  Code  Gb  GUI_PID.o [3]
GUI_PID_StoreState      0x08012c59    0x68  Code  Gb  GUI_PID.o [3]
GUI_PollKeyMsg          0x08004469    0x2e  Code  Gb  GUI_OnKey.o [3]
GUI_ReadRectEx          0x0800f593    0x56  Code  Gb  LCD_ReadRect.o [3]
GUI_RectsIntersect      0x08003851    0x38  Code  Gb  GUI_RectsIntersect.o [3]
GUI_RestoreContext      0x0800455f     0xc  Code  Gb  GUI_SaveContext.o [3]
GUI_SPRITE_SetPosition  0x080126cd    0x22  Code  Gb  GUI_SPRITE.o [3]
GUI_SaveContext_W       0x08004555     0xa  Code  Gb  GUI_SaveContext.o [3]
GUI_SelectLCD           0x08004d95    0x1a  Code  Gb  GUI_SelectLCD.o [3]
GUI_SelectLayer         0x08003c65    0x26  Code  Gb  GUI_SelectLayer.o [3]
GUI_SetBkColor          0x08004571    0x10  Code  Gb  GUI_SetColor.o [3]
GUI_SetColor            0x08004581     0xe  Code  Gb  GUI_SetColor.o [3]
GUI_SetDefaultFont      0x080045bd     0x6  Code  Gb  GUI_Core.o [3]
GUI_SetDrawMode         0x08004e2d    0x18  Code  Gb  GUI_SetDrawMode.o [3]
GUI_SetFont             0x08005a69    0x20  Code  Gb  GUI_SetFont.o [3]
GUI_SetLayerPosEx       0x08003c99    0x12  Code  Gb  GUI_SelectLayer.o [3]
GUI_SetLayerVisEx       0x08003cbf    0x12  Code  Gb  GUI_SelectLayer.o [3]
GUI_SetLineStyle        0x08005a89    0x1c  Code  Gb  GUI_SetLineStyle.o [3]
GUI_SetOrg              0x08006739    0x40  Code  Gb  GUI_SetOrg.o [3]
GUI_SetPenSize          0x08005a01    0x12  Code  Gb  GUI_Pen.o [3]
GUI_SetTextAlign        0x08005a29    0x20  Code  Gb  GUI_SetTextAlign.o [3]
GUI_SetTextMode         0x08005a49    0x20  Code  Gb  GUI_SetTextMode.o [3]
GUI_SignalEvent         0x08003481     0xc  Code  Gb  GUI_WaitEvent.o [3]
GUI_StoreKey            0x0800445d     0xc  Code  Gb  GUI_OnKey.o [3]
GUI_TIMER_Create        0x08005689    0x84  Code  Gb  GUI_Timer.o [3]
GUI_TIMER_Delete        0x08005717    0x5e  Code  Gb  GUI_Timer.o [3]
GUI_TIMER_Exec          0x08005623    0x66  Code  Gb  GUI_Timer.o [3]
GUI_TIMER_GetFlag       0x080057df    0x2e  Code  Gb  GUI_Timer.o [3]
GUI_TIMER_Restart       0x080057a9    0x36  Code  Gb  GUI_Timer.o [3]
GUI_TIMER_SetPeriod     0x08005785    0x1e  Code  Gb  GUI_Timer.o [3]
GUI_TIMER__GetFirstTimer
                        0x080055cb    0x20  Code  Gb  GUI_Timer.o [3]
GUI_TIMER__GetNextTimerLin
                        0x080055eb    0x2c  Code  Gb  GUI_Timer.o [3]
GUI_TOUCH_StoreStateEx  0x0801463d    0x22  Code  Gb  GUI_TOUCH.o [3]
GUI_Thread              0x080134b3    0x12  Code  Lc  main.o [1]
GUI_ThreadId            0x20028a18     0x4  Data  Gb  main.o [1]
GUI_UC_None             0x08017a50    0x10  Data  Gb  GUI_UC_EncodeNone.o [3]
GUI_UC__GetCharCodeInc  0x08015745    0x22  Code  Gb  GUI_UC.o [3]
GUI_UC__NumChars2NumBytes
                        0x08015767    0x24  Code  Gb  GUI_UC.o [3]
GUI_USAGE_AddRect       0x08004ddf    0x2a  Code  Gb  GUIDEV_Usage.o [3]
GUI_USAGE_BM_AddHLine   0x08004c0b    0x6c  Code  Lc  GUIDEV_UsageBM.o [3]
GUI_USAGE_BM_AddPixel   0x08004bdd    0x2e  Code  Lc  GUIDEV_UsageBM.o [3]
GUI_USAGE_BM_Clear      0x08004c77     0xe  Code  Lc  GUIDEV_UsageBM.o [3]
GUI_USAGE_BM_Create     0x08004d1b    0x62  Code  Gb  GUIDEV_UsageBM.o [3]
GUI_USAGE_BM_GetNextDirty
                        0x08004c85    0x92  Code  Lc  GUIDEV_UsageBM.o [3]
GUI_USAGE_DecUseCnt     0x08004db1    0x2e  Code  Gb  GUIDEV_Usage.o [3]
GUI_Unlock              0x080038c7    0x10  Code  Gb  GUI_Task.o [3]
GUI_X_Config            0x08005cb1    0x1c  Code  Gb  GUIConf.o [1]
GUI_X_ErrorOut          0x080054b9     0x2  Code  Gb  GUI_X_OS.o [1]
GUI_X_GetTaskId         0x0800549f     0x8  Code  Gb  GUI_X_OS.o [1]
GUI_X_GetTime           0x08005451     0x8  Code  Gb  GUI_X_OS.o [1]
GUI_X_Init              0x08005459     0x2  Code  Gb  GUI_X_OS.o [1]
GUI_X_InitOS            0x0800545b    0x28  Code  Gb  GUI_X_OS.o [1]
GUI_X_Lock              0x0800548f    0x10  Code  Gb  GUI_X_OS.o [1]
GUI_X_Unlock            0x08005483     0xc  Code  Gb  GUI_X_OS.o [1]
GUI__AllocAlphaBuffer   0x0800f40d    0x16  Code  Gb  GUI__Alpha.o [3]
GUI__AlphaSuppressMixing
                        0x08016f79    0x20  Code  Gb  GUI_SetAlpha.o [3]
GUI__BufferSize         0x20028a8c     0x4  Data  Gb  GUI_Core.o [3]
GUI__CompactPixelIndices
                        0x08006825    0xea  Code  Gb  GUI__CompactPixelIndices.o [3]
GUI__CompactPixelIndicesEx
                        0x08006a53     0xe  Code  Gb  GUI__CompactPixelIndices.o [3]
GUI__Config             0x0800463f    0x26  Code  Gb  GUI_Core.o [3]
GUI__Context            0x20000038    0x70  Data  Lc  GUI_Core.o [3]
GUI__ConvertColor2Index
                        0x08006927   0x11e  Code  Gb  GUI__CompactPixelIndices.o [3]
GUI__DispLine           0x08015693    0xa0  Code  Gb  GUI_CharLine.o [3]
GUI__DispStringInRect   0x08016255   0x140  Code  Gb  GUI_DispStringInRect.o [3]
GUI__DoAlphaBlending    0x0800f1c7   0x1a2  Code  Gb  GUI__Alpha.o [3]
GUI__DrawTwinArc4       0x08015e2d    0x64  Code  Gb  GUI__DrawTwinArc.o [3]
GUI__ExpandPixelIndicesEx
                        0x0800f5f5   0x12c  Code  Gb  GUI__ExpandPixelIndices.o [3]
GUI__GetAlphaBuffer     0x0800f377    0x8e  Code  Gb  GUI__Alpha.o [3]
GUI__GetLineDistX       0x08015645    0x4e  Code  Gb  GUI_CharLine.o [3]
GUI__GetLineNumChars    0x080155f3    0x36  Code  Gb  GUI_CharLine.o [3]
GUI__GetOrg             0x08005add    0x12  Code  Gb  GUI_GetOrg.o [3]
GUI__GetOverlap         0x08015629    0x1c  Code  Gb  GUI_CharLine.o [3]
GUI__HandleEOLine       0x08016475    0x16  Code  Gb  GUI__HandleEOLine.o [3]
GUI__IntersectRect      0x080032fd    0x40  Code  Gb  GUI__IntersectRect.o [3]
GUI__IntersectRects     0x080037ef    0x62  Code  Gb  GUI__IntersectRects.o [3]
GUI__ManageCache        0x08004543     0xa  Code  Gb  GUI__ManageCache.o [3]
GUI__ManageCacheEx      0x080044a1    0x96  Code  Gb  GUI__ManageCache.o [3]
GUI__MixColors          0x0800f165    0x62  Code  Gb  GUI__Alpha.o [3]
GUI__ReduceRect         0x080152ad    0x1a  Code  Gb  GUI__ReduceRect.o [3]
GUI__RegisterExit       0x0800470f     0xa  Code  Gb  GUI_Core.o [3]
GUI__SetText            0x08016745    0x6e  Code  Gb  GUI__SetText.o [3]
GUI__aConvert_255_31    0x0801737c   0x100  Data  Gb  GUI__DivTbl_255_31.o [3]
GUI__aConvert_31_255    0x08017ac4    0x20  Data  Gb  GUI__DivTbl_31_255.o [3]
GUI__aNumBuffers        0x20028ac6     0x2  Data  Gb  GUI_Core.o [3]
GUI__apDevice           0x200000b0     0x8  Data  Gb  GUI_Core.o [3]
GUI__memset             0x08004a17    0x54  Code  Gb  GUI__memset.o [3]
GUI__memset16           0x08010061    0x40  Code  Gb  GUI__memset16.o [3]
GUI__pFontDefault       0x200000a8     0x4  Data  Gb  GUI_Core.o [3]
GUI__sqrt32             0x08016437    0x1a  Code  Gb  GUI__sqrt32.o [3]
GUI__strcmp             0x080167b5    0x24  Code  Gb  GUI__strcmp.o [3]
GUI__strcmp_hp          0x080167dd    0x20  Code  Gb  GUI__strcmp.o [3]
GUI__strlen             0x080167fd    0x14  Code  Gb  GUI__strlen.o [3]
GUI_acFont6x8           0x080111d0   0x518  Data  Lc  F6x8.o [3]
GUI_pContext            0x200000ac     0x4  Data  Gb  GUI_Core.o [3]
GUI_pLCD_APIList        0x20028a94     0x4  Data  Gb  GUI_Core.o [3]
GUI_pUC_API             0x200289d8     0x4  Data  Gb  GUI_Core.o [3]
GUI_pfDispCharStyle     0x20028a88     0x4  Data  Gb  GUI_Core.o [3]
GUI_pfTimerExec         0x20028a80     0x4  Data  Gb  GUI_Core.o [3]
GUI_pfUpdateSoftLayer   0x20028a7c     0x4  Data  Gb  GUI_Core.o [3]
GetBufferSize           0x0800649b    0x26  Code  Lc  LCDConf.o [1]
HAL_DMA_DeInit          0x0801368b    0x6a  Code  Gb  stm32f7xx_hal_dma.o [1]
HAL_DMA_IRQHandler      0x080136f5   0x1da  Code  Gb  stm32f7xx_hal_dma.o [1]
HAL_DMA_Init            0x08013609    0x82  Code  Gb  stm32f7xx_hal_dma.o [1]
HAL_Delay               0x080135a9    0x1c  Code  Gb  main.o [1]
HAL_GPIO_Init           0x080080b1   0x1f4  Code  Gb  stm32f7xx_hal_gpio.o [1]
HAL_GPIO_TogglePin      0x080082b9     0xa  Code  Gb  stm32f7xx_hal_gpio.o [1]
HAL_GPIO_WritePin       0x080082a5    0x14  Code  Gb  stm32f7xx_hal_gpio.o [1]
HAL_GetTick             0x0800a11b     0x6  Code  Wk  stm32f7xx_hal.o [1]
HAL_I2C_DeInit          0x080119a5    0x38  Code  Gb  stm32f7xx_hal_i2c.o [1]
HAL_I2C_GetState        0x08011cf5     0x6  Code  Gb  stm32f7xx_hal_i2c.o [1]
HAL_I2C_Init            0x080118e9    0xbc  Code  Gb  stm32f7xx_hal_i2c.o [1]
HAL_I2C_Mem_Read        0x08011b69   0x186  Code  Gb  stm32f7xx_hal_i2c.o [1]
[...]
acFont13ASCII_007A      0x08010664    0x10  Data  Lc  F13_ASCII.o [3]
acFont13ASCII_007B      0x08010674    0x10  Data  Lc  F13_ASCII.o [3]
acFont13ASCII_007C      0x08010684    0x10  Data  Lc  F13_ASCII.o [3]
acFont13ASCII_007D      0x08010694    0x10  Data  Lc  F13_ASCII.o [3]
acFont13ASCII_007E      0x080106a4    0x10  Data  Lc  F13_ASCII.o [3]
acFont13_1_00A0         0x0800de78    0x10  Data  Lc  F13_1.o [3]
acFont13_1_00A1         0x0800de88    0x10  Data  Lc  F13_1.o [3]
acFont13_1_00A2         0x0800de98    0x10  Data  Lc  F13_1.o [3]
acFont13_1_00A3         0x0800dea8    0x10  Data  Lc  F13_1.o [3]
acFont13_1_00A4         0x0800deb8    0x10  Data  Lc  F13_1.o [3]
acFont13_1_00A5         0x0800dec8    0x10  Data  Lc  F13_1.o [3]
acFont13_1_00A6         0x0800ded8    0x10  Data  Lc  F13_1.o [3]
acFont13_1_00A7         0x0800dee8    0x10  Data  Lc  F13_1.o [3]
acFont13_1_00A8         0x0800def8    0x10  Data  Lc  F13_1.o [3]
acFont13_1_00A9         0x0800df08    0x1c  Data  Lc  F13_1.o [3]
acFont13_1_00AA         0x0800df24    0x10  Data  Lc  F13_1.o [3]
acFont13_1_00AB         0x0800df34    0x10  Data  Lc  F13_1.o [3]
acFont13_1_00AC         0x0800df44    0x10  Data  Lc  F13_1.o [3]
acFont13_1_00AD         0x0800df54    0x10  Data  Lc  F13_1.o [3]
acFont13_1_00AE         0x0800df64    0x1c  Data  Lc  F13_1.o [3]
acFont13_1_00AF         0x0800df80    0x10  Data  Lc  F13_1.o [3]
acFont13_1_00B0         0x0800df90    0x10  Data  Lc  F13_1.o [3]
acFont13_1_00B1         0x0800dfa0    0x10  Data  Lc  F13_1.o [3]
acFont13_1_00B2         0x0800dfb0    0x10  Data  Lc  F13_1.o [3]
acFont13_1_00B3         0x0800dfc0    0x10  Data  Lc  F13_1.o [3]
acFont13_1_00B4         0x0800dfd0    0x10  Data  Lc  F13_1.o [3]
acFont13_1_00B5         0x0800dfe0    0x10  Data  Lc  F13_1.o [3]
acFont13_1_00B6         0x0800dff0    0x10  Data  Lc  F13_1.o [3]
acFont13_1_00B7         0x0800e000    0x10  Data  Lc  F13_1.o [3]
acFont13_1_00B8         0x0800e010    0x10  Data  Lc  F13_1.o [3]
acFont13_1_00B9         0x0800e020    0x10  Data  Lc  F13_1.o [3]
acFont13_1_00BA         0x0800e030    0x10  Data  Lc  F13_1.o [3]
acFont13_1_00BB         0x0800e040    0x10  Data  Lc  F13_1.o [3]
acFont13_1_00BC         0x0800e050    0x1c  Data  Lc  F13_1.o [3]
acFont13_1_00BD         0x0800e06c    0x1c  Data  Lc  F13_1.o [3]
acFont13_1_00BE         0x0800e088    0x1c  Data  Lc  F13_1.o [3]
acFont13_1_00BF         0x0800e0a4    0x10  Data  Lc  F13_1.o [3]
acFont13_1_00C0         0x0800e0b4    0x10  Data  Lc  F13_1.o [3]
acFont13_1_00C1         0x0800e0c4    0x10  Data  Lc  F13_1.o [3]
acFont13_1_00C2         0x0800e0d4    0x10  Data  Lc  F13_1.o [3]
acFont13_1_00C3         0x0800e0e4    0x10  Data  Lc  F13_1.o [3]
acFont13_1_00C4         0x0800e0f4    0x10  Data  Lc  F13_1.o [3]
acFont13_1_00C5         0x0800e104    0x10  Data  Lc  F13_1.o [3]
acFont13_1_00C6         0x0800e114    0x1c  Data  Lc  F13_1.o [3]
acFont13_1_00C7         0x0800e130    0x10  Data  Lc  F13_1.o [3]
acFont13_1_00C8         0x0800e140    0x10  Data  Lc  F13_1.o [3]
acFont13_1_00C9         0x0800e150    0x10  Data  Lc  F13_1.o [3]
acFont13_1_00CA         0x0800e160    0x10  Data  Lc  F13_1.o [3]
acFont13_1_00CB         0x0800e170    0x10  Data  Lc  F13_1.o [3]
acFont13_1_00CC         0x0800e180    0x10  Data  Lc  F13_1.o [3]
acFont13_1_00CD         0x0800e190    0x10  Data  Lc  F13_1.o [3]
acFont13_1_00CE         0x0800e1a0    0x10  Data  Lc  F13_1.o [3]
acFont13_1_00CF         0x0800e1b0    0x10  Data  Lc  F13_1.o [3]
acFont13_1_00D0         0x0800e1c0    0x10  Data  Lc  F13_1.o [3]
acFont13_1_00D1         0x0800e1d0    0x10  Data  Lc  F13_1.o [3]
acFont13_1_00D2         0x0800e1e0    0x10  Data  Lc  F13_1.o [3]
acFont13_1_00D3         0x0800e1f0    0x10  Data  Lc  F13_1.o [3]
acFont13_1_00D4         0x0800e200    0x10  Data  Lc  F13_1.o [3]
acFont13_1_00D5         0x0800e210    0x10  Data  Lc  F13_1.o [3]
acFont13_1_00D6         0x0800e220    0x10  Data  Lc  F13_1.o [3]
acFont13_1_00D7         0x0800e230    0x10  Data  Lc  F13_1.o [3]
acFont13_1_00D8         0x0800e240    0x10  Data  Lc  F13_1.o [3]
acFont13_1_00D9         0x0800e250    0x10  Data  Lc  F13_1.o [3]
acFont13_1_00DA         0x0800e260    0x10  Data  Lc  F13_1.o [3]
acFont13_1_00DB         0x0800e270    0x10  Data  Lc  F13_1.o [3]
acFont13_1_00DC         0x0800e280    0x10  Data  Lc  F13_1.o [3]
acFont13_1_00DD         0x0800e290    0x10  Data  Lc  F13_1.o [3]
acFont13_1_00DE         0x0800e2a0    0x10  Data  Lc  F13_1.o [3]
acFont13_1_00DF         0x0800e2b0    0x10  Data  Lc  F13_1.o [3]
acFont13_1_00E0         0x0800e2c0    0x10  Data  Lc  F13_1.o [3]
acFont13_1_00E1         0x0800e2d0    0x10  Data  Lc  F13_1.o [3]
acFont13_1_00E2         0x0800e2e0    0x10  Data  Lc  F13_1.o [3]
acFont13_1_00E3         0x0800e2f0    0x10  Data  Lc  F13_1.o [3]
acFont13_1_00E4         0x0800e300    0x10  Data  Lc  F13_1.o [3]
acFont13_1_00E5         0x0800e310    0x10  Data  Lc  F13_1.o [3]
acFont13_1_00E6         0x0800e320    0x1c  Data  Lc  F13_1.o [3]
acFont13_1_00E7         0x0800e33c    0x10  Data  Lc  F13_1.o [3]
acFont13_1_00E8         0x0800e34c    0x10  Data  Lc  F13_1.o [3]
acFont13_1_00E9         0x0800e35c    0x10  Data  Lc  F13_1.o [3]
acFont13_1_00EA         0x0800e36c    0x10  Data  Lc  F13_1.o [3]
acFont13_1_00EB         0x0800e37c    0x10  Data  Lc  F13_1.o [3]
acFont13_1_00EC         0x0800e38c    0x10  Data  Lc  F13_1.o [3]
acFont13_1_00ED         0x0800e39c    0x10  Data  Lc  F13_1.o [3]
acFont13_1_00EE         0x0800e3ac    0x10  Data  Lc  F13_1.o [3]
acFont13_1_00EF         0x0800e3bc    0x10  Data  Lc  F13_1.o [3]
acFont13_1_00F0         0x0800e3cc    0x10  Data  Lc  F13_1.o [3]
acFont13_1_00F1         0x0800e3dc    0x10  Data  Lc  F13_1.o [3]
acFont13_1_00F2         0x0800e3ec    0x10  Data  Lc  F13_1.o [3]
acFont13_1_00F3         0x0800e3fc    0x10  Data  Lc  F13_1.o [3]
acFont13_1_00F4         0x0800e40c    0x10  Data  Lc  F13_1.o [3]
acFont13_1_00F5         0x0800e41c    0x10  Data  Lc  F13_1.o [3]
acFont13_1_00F6         0x0800e42c    0x10  Data  Lc  F13_1.o [3]
acFont13_1_00F7         0x0800e43c    0x10  Data  Lc  F13_1.o [3]
acFont13_1_00F8         0x0800e44c    0x10  Data  Lc  F13_1.o [3]
acFont13_1_00F9         0x0800e45c    0x10  Data  Lc  F13_1.o [3]
acFont13_1_00FA         0x0800e46c    0x10  Data  Lc  F13_1.o [3]
acFont13_1_00FB         0x0800e47c    0x10  Data  Lc  F13_1.o [3]
acFont13_1_00FC         0x0800e48c    0x10  Data  Lc  F13_1.o [3]
acFont13_1_00FD         0x0800e49c    0x10  Data  Lc  F13_1.o [3]
acFont13_1_00FE         0x0800e4ac    0x10  Data  Lc  F13_1.o [3]
acFont13_1_00FF         0x0800e4bc    0x10  Data  Lc  F13_1.o [3]
acFontD48x64            0x080001c8  0x1800  Data  Lc  FD48x64.o [3]
apColorConvAPI          0x20000028     0x8  Data  Lc  LCDConf.o [1]
cbBackWin               0x08002a35    0x4a  Code  Lc  WM.o [3]
div                     0x0800c739     0xe  Code  Gb  div.o [4]
emWin_LCD_Init          0x080041c9    0x8c  Code  Gb  LCD.o [3]
exit                    0x08017b1f     0x4  Code  Gb  exit.o [4]
free                    0x0800bda5    0x7a  Code  Gb  xxmemxfree.o [4]
ft5336_Get_I2C_InitializedStatus
                        0x08014a9d     0x6  Code  Lc  ft5336.o [1]
ft5336_I2C_InitializeIfRequired
                        0x08014aa3    0x16  Code  Lc  ft5336.o [1]
ft5336_Init             0x0801473d     0xe  Code  Gb  ft5336.o [1]
ft5336_ReadID           0x0801474d    0x46  Code  Gb  ft5336.o [1]
ft5336_Reset            0x0801474b     0x2  Code  Gb  ft5336.o [1]
ft5336_TS_ClearIT       0x0801497f     0x2  Code  Gb  ft5336.o [1]
ft5336_TS_Configure     0x08014ac1     0x4  Code  Lc  ft5336.o [1]
ft5336_TS_DetectTouch   0x080147a9    0x42  Code  Gb  ft5336.o [1]
ft5336_TS_DisableIT     0x08014969    0x12  Code  Gb  ft5336.o [1]
ft5336_TS_EnableIT      0x08014957    0x12  Code  Gb  ft5336.o [1]
ft5336_TS_GetGestureID  0x08014981    0x20  Code  Gb  ft5336.o [1]
ft5336_TS_GetTouchInfo  0x080149a1    0xfc  Code  Gb  ft5336.o [1]
ft5336_TS_GetXY         0x080147eb   0x16c  Code  Gb  ft5336.o [1]
ft5336_TS_ITStatus      0x0801497b     0x4  Code  Gb  ft5336.o [1]
ft5336_TS_Start         0x08014793    0x16  Code  Gb  ft5336.o [1]
ft5336_handle           0x200289fc     0x4  Data  Lc  ft5336.o [1]
ft5336_ts_drv           0x20000000    0x28  Data  Gb  ft5336.o [1]
hI2cAudioHandler        0x200286ec    0x3c  Data  Lc  stm32746g_discovery.o [1]
hRefreshTimer           0x20028a30     0x4  Data  Gb  svd_gui.o [1]
hdma_usart6_rx          0x20028564    0x58  Data  Gb  main.o [1]
hdma_usart6_tx          0x2002850c    0x58  Data  Gb  main.o [1]
hltdc                   0x20028258    0xa8  Data  Gb  LCDConf.o [1]
huart6                  0x2002849c    0x70  Data  Gb  main.o [1]
inHandlerMode           0x0800763b    0x12  Code  Lc  cmsis_os.o [1]
layer_prop              0x20028764    0x38  Data  Lc  LCDConf.o [1]
localeconv              0x0800c707    0x16  Code  Gb  localeconv.o [4]
main                    0x0801340d    0xa6  Code  Gb  main.o [1]
makeFreeRtosPriority    0x08007629    0x12  Code  Lc  cmsis_os.o [1]
malloc                  0x0800bcd9    0xac  Code  Gb  xxmemxmalloc.o [4]
memchr                  0x0800bc75          Code  Gb  memchr.o [6]
osDelay                 0x08007699    0x16  Code  Gb  cmsis_os.o [1]
osKernelStart           0x0800764d     0xa  Code  Gb  cmsis_os.o [1]
osMutex                 0x20028a00     0x4  Data  Lc  GUI_X_OS.o [1]
osMutexCreate           0x080077d5     0xa  Code  Gb  cmsis_os.o [1]
osMutexRelease          0x0800785d    0x52  Code  Gb  cmsis_os.o [1]
osMutexWait             0x080077df    0x78  Code  Gb  cmsis_os.o [1]
osSemaphore             0x20028a04     0x4  Data  Lc  GUI_X_OS.o [1]
osSemaphoreCreate       0x080078af    0x30  Code  Gb  cmsis_os.o [1]
osSystickHandler        0x080078df    0x10  Code  Gb  cmsis_os.o [1]
osThreadCreate          0x08007657    0x3a  Code  Gb  cmsis_os.o [1]
osThreadGetId           0x08007691     0x8  Code  Gb  cmsis_os.o [1]
osTimerCreate           0x080076af    0x20  Code  Gb  cmsis_os.o [1]
osTimerStart            0x080076cf   0x106  Code  Gb  cmsis_os.o [1]
output_str              0x20028994     0xc  Data  Lc  stopwatch.o [1]
pcInterruptPriorityRegisters
                        0x08017c54     0x4  Data  Lc  port.o [1]
prvAddCurrentTaskToDelayedList
                        0x08007351    0x4a  Code  Lc  tasks.o [1]
prvAllocateTCBAndStack  0x080073a5    0x4a  Code  Lc  tasks.o [1]
prvCheckForValidListAndQueue
                        0x0800945b    0x68  Code  Lc  timers.o [1]
prvCheckTasksWaitingTermination
                        0x080072ed    0x64  Code  Lc  tasks.o [1]
prvCopyDataFromQueue    0x08009f85    0x2a  Code  Lc  queue.o [1]
prvCopyDataToQueue      0x08009f03    0x82  Code  Lc  queue.o [1]
prvDeleteTCB            0x080073ef    0x12  Code  Lc  tasks.o [1]
prvGetNextExpireTime    0x0800926d    0x28  Code  Lc  timers.o [1]
prvHeapInit             0x080096ad    0x64  Code  Lc  heap_4.o [1]
prvIdleTask             0x0800721d    0x24  Code  Lc  tasks.o [1]
prvInitialiseTCBVariables
                        0x08007241    0x56  Code  Lc  tasks.o [1]
prvInitialiseTaskLists  0x08007297    0x56  Code  Lc  tasks.o [1]
prvInsertBlockIntoFreeList
                        0x08009711    0x5c  Code  Lc  heap_4.o [1]
prvInsertTimerInActiveList
                        0x080092bd    0x3e  Code  Lc  timers.o [1]
prvIsQueueEmpty         0x0800a019    0x1c  Code  Lc  queue.o [1]
prvIsQueueFull          0x0800a035    0x1e  Code  Lc  queue.o [1]
prvProcessExpiredTimer  0x08009187    0x60  Code  Lc  timers.o [1]
prvProcessReceivedCommands
                        0x080092fb    0xde  Code  Lc  timers.o [1]
prvProcessTimerOrBlockTask
                        0x080091fd    0x70  Code  Lc  timers.o [1]
prvResetNextTaskUnblockTime
                        0x08007401    0x24  Code  Lc  tasks.o [1]
prvSampleTimeNow        0x08009295    0x28  Code  Lc  timers.o [1]
prvSwitchTimerLists     0x080093d9    0x82  Code  Lc  timers.o [1]
prvTaskExitError        0x08008db5    0x32  Code  Lc  port.o [1]
prvTimerTask            0x080091e9    0x14  Code  Lc  timers.o [1]
prvUnlockQueue          0x08009faf    0x6a  Code  Lc  queue.o [1]
pvPortMalloc            0x0800951d   0x114  Code  Gb  heap_4.o [1]
pvTaskIncrementMutexHeldCount
                        0x080075c1    0x1e  Code  Gb  tasks.o [1]
pxCurrentTCB            0x20028a34     0x4  Data  Gb  tasks.o [1]
pxCurrentTimerList      0x20028a6c     0x4  Data  Lc  timers.o [1]
pxDelayedTaskList       0x20028a38     0x4  Data  Lc  tasks.o [1]
pxEnd                   0x20028a08     0x4  Data  Lc  heap_4.o [1]
pxOverflowDelayedTaskList
                        0x20028a3c     0x4  Data  Lc  tasks.o [1]
pxOverflowTimerList     0x20028a70     0x4  Data  Lc  timers.o [1]
pxPortInitialiseStack   0x08008d91    0x24  Code  Gb  port.o [1]
pxReadyTasksLists       0x20028300    0xa0  Data  Lc  tasks.o [1]
sdramHandle             0x2002879c    0x34  Data  Lc  stm32746g_discovery_sdram.o [1]
sprintf                 0x08014db9    0x34  Code  Gb  sprintf.o [4]
strchr                  0x0800bc25          Code  Gb  strchr.o [6]
strlen                  0x0800bc3d          Code  Gb  strlen.o [6]
sw_data                 0x200289cc     0x8  Data  Gb  stopwatch.o [1]
sw_get_tim_fmt          0x0801454d    0x1c  Code  Gb  stopwatch.o [1]
sw_module_init          0x08014541     0xc  Code  Gb  stopwatch.o [1]
sw_reset                0x08014571    0x20  Code  Gb  stopwatch.o [1]
sw_start                0x08014569     0x8  Code  Gb  stopwatch.o [1]
sw_state                0x20028acf     0x1  Data  Gb  stopwatch.o [1]
sw_stop                 0x08014591     0x8  Code  Gb  stopwatch.o [1]
tsDriver                0x20028a24     0x4  Data  Lc  stm32746g_discovery_ts.o [1]
tsOrientation           0x20028acd     0x1  Data  Lc  stm32746g_discovery_ts.o [1]
tsXBoundary             0x20028ac2     0x2  Data  Lc  stm32746g_discovery_ts.o [1]
tsYBoundary             0x20028ac4     0x2  Data  Lc  stm32746g_discovery_ts.o [1]
ts_timer                0x20028a1c     0x4  Data  Gb  main.o [1]
ucHeap                  0x20020998  0x7800  Data  Lc  heap_4.o [1]
ucMaxSysCallPriority    0x20028acc     0x1  Data  Lc  port.o [1]
ulMaxPRIGROUPValue      0x20028a20     0x4  Data  Lc  port.o [1]
uwPrescalerValue        0x20028a2c     0x4  Data  Gb  stopwatch.o [1]
uwTick                  0x20028a28     0x4  Data  Lc  stm32f7xx_hal.o [1]
uxCriticalNesting       0x20000030     0x4  Data  Lc  port.o [1]
uxCurrentNumberOfTasks  0x20028a44     0x4  Data  Lc  tasks.o [1]
uxListRemove            0x08009037    0x26  Code  Gb  list.o [1]
uxPendedTicks           0x20028a54     0x4  Data  Lc  tasks.o [1]
uxSchedulerSuspended    0x20028a68     0x4  Data  Lc  tasks.o [1]
uxTaskNumber            0x20028a60     0x4  Data  Lc  tasks.o [1]
uxTasksDeleted          0x20028a40     0x4  Data  Lc  tasks.o [1]
uxTopReadyPriority      0x20028a4c     0x4  Data  Lc  tasks.o [1]
vListInitialise         0x08008fc5    0x1e  Code  Gb  list.o [1]
vListInitialiseItem     0x08008fe3     0x6  Code  Gb  list.o [1]
vListInsert             0x08009001    0x36  Code  Gb  list.o [1]
vListInsertEnd          0x08008fe9    0x18  Code  Gb  list.o [1]
vPortEnableVFP          0x0800a1b9          Code  Gb  portasm.o [1]
vPortEnterCritical      0x08008e7f    0x42  Code  Gb  port.o [1]
vPortExitCritical       0x08008ec1    0x36  Code  Gb  port.o [1]
vPortFree               0x08009631    0x7c  Code  Gb  heap_4.o [1]
vPortSetupTimerInterrupt
                        0x08008f27    0x1a  Code  Wk  port.o [1]
vPortStartFirstTask     0x0800a1a1          Code  Gb  portasm.o [1]
vPortValidateInterruptPriority
                        0x08008f41    0x52  Code  Gb  port.o [1]
vQueueAddToRegistry     0x0800a053    0x24  Code  Gb  queue.o [1]
vQueueWaitForMessageRestricted
                        0x0800a085    0x42  Code  Gb  queue.o [1]
vTaskDelay              0x08006c0f    0x84  Code  Gb  tasks.o [1]
vTaskMissedYield        0x0800720f     0xa  Code  Gb  tasks.o [1]
vTaskPlaceOnEventList   0x08006fc9    0x70  Code  Gb  tasks.o [1]
vTaskPlaceOnEventListRestricted
                        0x08007049    0x78  Code  Gb  tasks.o [1]
vTaskPriorityInherit    0x0800744d    0xaa  Code  Gb  tasks.o [1]
vTaskSetTimeOutState    0x08007155    0x2a  Code  Gb  tasks.o [1]
vTaskStartScheduler     0x08006c93    0x7c  Code  Gb  tasks.o [1]
vTaskSuspendAll         0x08006d0f    0x10  Code  Gb  tasks.o [1]
vTaskSwitchContext      0x08006f59    0x70  Code  Gb  tasks.o [1]
xActiveTimerList1       0x20028920    0x14  Data  Lc  timers.o [1]
xActiveTimerList2       0x20028934    0x14  Data  Lc  timers.o [1]
xBlockAllocatedBit      0x20028a14     0x4  Data  Lc  heap_4.o [1]
xDelayedTaskList1       0x200288bc    0x14  Data  Lc  tasks.o [1]
xDelayedTaskList2       0x200288d0    0x14  Data  Lc  tasks.o [1]
xFreeBytesRemaining     0x20028a0c     0x4  Data  Lc  heap_4.o [1]
xHeapStructSize         0x08017c48     0x4  Data  Lc  heap_4.o [1]
xMinimumEverFreeBytesRemaining
                        0x20028a10     0x4  Data  Lc  heap_4.o [1]
xNextTaskUnblockTime    0x20028a64     0x4  Data  Lc  tasks.o [1]
xNumOfOverflows         0x20028a5c     0x4  Data  Lc  tasks.o [1]
xPendingReadyList       0x200288e4    0x14  Data  Lc  tasks.o [1]
xPortStartScheduler     0x08008de7    0x98  Code  Gb  port.o [1]
xPortSysTickHandler     0x08008ef7    0x30  Code  Gb  port.o [1]
xQueueCreateCountingSemaphore
                        0x080098fb    0x5c  Code  Gb  queue.o [1]
xQueueCreateMutex       0x0800989f    0x5c  Code  Gb  queue.o [1]
xQueueGenericCreate     0x0800981f    0x80  Code  Gb  queue.o [1]
xQueueGenericReceive    0x08009cab   0x1aa  Code  Gb  queue.o [1]
xQueueGenericReset      0x0800978d    0x92  Code  Gb  queue.o [1]
xQueueGenericSend       0x08009959   0x1b0  Code  Gb  queue.o [1]
xQueueGenericSendFromISR
                        0x08009b09    0xe0  Code  Gb  queue.o [1]
xQueueGiveFromISR       0x08009be9    0xc2  Code  Gb  queue.o [1]
xQueueReceiveFromISR    0x08009e55    0xae  Code  Gb  queue.o [1]
xQueueRegistry          0x2002866c    0x40  Data  Gb  queue.o [1]
xSchedulerRunning       0x20028a50     0x4  Data  Lc  tasks.o [1]
xStart                  0x200289c4     0x8  Data  Lc  heap_4.o [1]
xSuspendedTaskList      0x2002890c    0x14  Data  Lc  tasks.o [1]
xTaskCheckForTimeOut    0x08007185    0x8a  Code  Gb  tasks.o [1]
xTaskGenericCreate      0x08006a8d   0x182  Code  Gb  tasks.o [1]
xTaskGetCurrentTaskHandle
                        0x08007425     0x8  Code  Gb  tasks.o [1]
xTaskGetSchedulerState  0x0800742d    0x20  Code  Gb  tasks.o [1]
xTaskGetTickCount       0x08006e1f     0x8  Code  Gb  tasks.o [1]
xTaskGetTickCountFromISR
                        0x08006e27    0x10  Code  Gb  tasks.o [1]
xTaskIncrementTick      0x08006e37   0x122  Code  Gb  tasks.o [1]
xTaskPriorityDisinherit
                        0x08007501    0xbc  Code  Gb  tasks.o [1]
xTaskRemoveFromEventList
                        0x080070c9    0x86  Code  Gb  tasks.o [1]
xTaskResumeAll          0x08006d1f   0x100  Code  Gb  tasks.o [1]
xTasksWaitingTermination
                        0x200288f8    0x14  Data  Lc  tasks.o [1]
xTickCount              0x20028a48     0x4  Data  Lc  tasks.o [1]
xTimerCreate            0x080090b1    0x64  Code  Gb  timers.o [1]
xTimerCreateTimerTask   0x0800905d    0x54  Code  Gb  timers.o [1]
xTimerGenericCommand    0x08009115    0x72  Code  Gb  timers.o [1]
xTimerIsTimerActive     0x080094e9    0x34  Code  Gb  timers.o [1]
xTimerQueue             0x20028a74     0x4  Data  Lc  timers.o [1]
xYieldPending           0x20028a58     0x4  Data  Lc  tasks.o [1]


[1] = D:\Work\devel\stopwach_100417\Debug\Obj
[2] = command line
[3] = STemWin528_CM7_OS_IAR.a
[4] = dl7M_tlf.a
[5] = m7M_tls.a
[6] = rt7M_tl.a
[7] = shb_l.a

   83 704 bytes of readonly  code memory
   14 301 bytes of readonly  data memory
  166 607 bytes of readwrite data memory

Errors: none
Warnings: none
