###############################################################################
#
# IAR ELF Linker V8.20.1.14183/W32 for ARM                26/Nov/2017  12:58:27
# Copyright 2007-2017 IAR Systems AB.
#
#    Output file  =  
#        C:\Users\pitic\Documents\GitHub\temp\test_prj_070916\Debug\Exe\test_prj_210416.out
#    Map file     =  
#        C:\Users\pitic\Documents\GitHub\temp\test_prj_070916\Debug\List\test_prj_210416.map
#    Command line =  
#        -f C:\Users\pitic\AppData\Local\Temp\EWDBFD.tmp
#        (C:\Users\pitic\Documents\GitHub\temp\test_prj_070916\Debug\Obj\cmsis_os.o
#        C:\Users\pitic\Documents\GitHub\temp\test_prj_070916\Debug\Obj\croutine.o
#        C:\Users\pitic\Documents\GitHub\temp\test_prj_070916\Debug\Obj\dims_rtc.o
#        C:\Users\pitic\Documents\GitHub\temp\test_prj_070916\Debug\Obj\event_groups.o
#        C:\Users\pitic\Documents\GitHub\temp\test_prj_070916\Debug\Obj\gdisp_lld_framebuffer.o
#        C:\Users\pitic\Documents\GitHub\temp\test_prj_070916\Debug\Obj\gfx_mk.o
#        C:\Users\pitic\Documents\GitHub\temp\test_prj_070916\Debug\Obj\gmouse_lld_FT5336.o
#        C:\Users\pitic\Documents\GitHub\temp\test_prj_070916\Debug\Obj\gui.o
#        C:\Users\pitic\Documents\GitHub\temp\test_prj_070916\Debug\Obj\heap_4.o
#        C:\Users\pitic\Documents\GitHub\temp\test_prj_070916\Debug\Obj\list.o
#        C:\Users\pitic\Documents\GitHub\temp\test_prj_070916\Debug\Obj\ltdc_drv.o
#        C:\Users\pitic\Documents\GitHub\temp\test_prj_070916\Debug\Obj\main.o
#        C:\Users\pitic\Documents\GitHub\temp\test_prj_070916\Debug\Obj\port.o
#        C:\Users\pitic\Documents\GitHub\temp\test_prj_070916\Debug\Obj\portasm.o
#        C:\Users\pitic\Documents\GitHub\temp\test_prj_070916\Debug\Obj\queue.o
#        C:\Users\pitic\Documents\GitHub\temp\test_prj_070916\Debug\Obj\startup_stm32f746xx.o
#        C:\Users\pitic\Documents\GitHub\temp\test_prj_070916\Debug\Obj\stm32746g_discovery.o
#        C:\Users\pitic\Documents\GitHub\temp\test_prj_070916\Debug\Obj\stm32746g_discovery_sdram.o
#        C:\Users\pitic\Documents\GitHub\temp\test_prj_070916\Debug\Obj\stm32f7_i2c.o
#        C:\Users\pitic\Documents\GitHub\temp\test_prj_070916\Debug\Obj\stm32f7xx_hal.o
#        C:\Users\pitic\Documents\GitHub\temp\test_prj_070916\Debug\Obj\stm32f7xx_hal_adc.o
#        C:\Users\pitic\Documents\GitHub\temp\test_prj_070916\Debug\Obj\stm32f7xx_hal_adc_ex.o
#        C:\Users\pitic\Documents\GitHub\temp\test_prj_070916\Debug\Obj\stm32f7xx_hal_can.o
#        C:\Users\pitic\Documents\GitHub\temp\test_prj_070916\Debug\Obj\stm32f7xx_hal_cec.o
#        C:\Users\pitic\Documents\GitHub\temp\test_prj_070916\Debug\Obj\stm32f7xx_hal_cortex.o
#        C:\Users\pitic\Documents\GitHub\temp\test_prj_070916\Debug\Obj\stm32f7xx_hal_crc.o
#        C:\Users\pitic\Documents\GitHub\temp\test_prj_070916\Debug\Obj\stm32f7xx_hal_crc_ex.o
#        C:\Users\pitic\Documents\GitHub\temp\test_prj_070916\Debug\Obj\stm32f7xx_hal_cryp.o
#        C:\Users\pitic\Documents\GitHub\temp\test_prj_070916\Debug\Obj\stm32f7xx_hal_cryp_ex.o
#        C:\Users\pitic\Documents\GitHub\temp\test_prj_070916\Debug\Obj\stm32f7xx_hal_dac.o
#        C:\Users\pitic\Documents\GitHub\temp\test_prj_070916\Debug\Obj\stm32f7xx_hal_dac_ex.o
#        C:\Users\pitic\Documents\GitHub\temp\test_prj_070916\Debug\Obj\stm32f7xx_hal_dcmi.o
#        C:\Users\pitic\Documents\GitHub\temp\test_prj_070916\Debug\Obj\stm32f7xx_hal_dcmi_ex.o
#        C:\Users\pitic\Documents\GitHub\temp\test_prj_070916\Debug\Obj\stm32f7xx_hal_dma.o
#        C:\Users\pitic\Documents\GitHub\temp\test_prj_070916\Debug\Obj\stm32f7xx_hal_dma2d.o
#        C:\Users\pitic\Documents\GitHub\temp\test_prj_070916\Debug\Obj\stm32f7xx_hal_dma_ex.o
#        C:\Users\pitic\Documents\GitHub\temp\test_prj_070916\Debug\Obj\stm32f7xx_hal_eth.o
#        C:\Users\pitic\Documents\GitHub\temp\test_prj_070916\Debug\Obj\stm32f7xx_hal_flash.o
#        C:\Users\pitic\Documents\GitHub\temp\test_prj_070916\Debug\Obj\stm32f7xx_hal_flash_ex.o
#        C:\Users\pitic\Documents\GitHub\temp\test_prj_070916\Debug\Obj\stm32f7xx_hal_gpio.o
#        C:\Users\pitic\Documents\GitHub\temp\test_prj_070916\Debug\Obj\stm32f7xx_hal_hash.o
#        C:\Users\pitic\Documents\GitHub\temp\test_prj_070916\Debug\Obj\stm32f7xx_hal_hash_ex.o
#        C:\Users\pitic\Documents\GitHub\temp\test_prj_070916\Debug\Obj\stm32f7xx_hal_hcd.o
#        C:\Users\pitic\Documents\GitHub\temp\test_prj_070916\Debug\Obj\stm32f7xx_hal_i2c.o
#        C:\Users\pitic\Documents\GitHub\temp\test_prj_070916\Debug\Obj\stm32f7xx_hal_i2c_ex.o
#        C:\Users\pitic\Documents\GitHub\temp\test_prj_070916\Debug\Obj\stm32f7xx_hal_i2s.o
#        C:\Users\pitic\Documents\GitHub\temp\test_prj_070916\Debug\Obj\stm32f7xx_hal_irda.o
#        C:\Users\pitic\Documents\GitHub\temp\test_prj_070916\Debug\Obj\stm32f7xx_hal_iwdg.o
#        C:\Users\pitic\Documents\GitHub\temp\test_prj_070916\Debug\Obj\stm32f7xx_hal_lptim.o
#        C:\Users\pitic\Documents\GitHub\temp\test_prj_070916\Debug\Obj\stm32f7xx_hal_ltdc.o
#        C:\Users\pitic\Documents\GitHub\temp\test_prj_070916\Debug\Obj\stm32f7xx_hal_msp.o
#        C:\Users\pitic\Documents\GitHub\temp\test_prj_070916\Debug\Obj\stm32f7xx_hal_nand.o
#        C:\Users\pitic\Documents\GitHub\temp\test_prj_070916\Debug\Obj\stm32f7xx_hal_nor.o
#        C:\Users\pitic\Documents\GitHub\temp\test_prj_070916\Debug\Obj\stm32f7xx_hal_pcd.o
#        C:\Users\pitic\Documents\GitHub\temp\test_prj_070916\Debug\Obj\stm32f7xx_hal_pcd_ex.o
#        C:\Users\pitic\Documents\GitHub\temp\test_prj_070916\Debug\Obj\stm32f7xx_hal_pwr.o
#        C:\Users\pitic\Documents\GitHub\temp\test_prj_070916\Debug\Obj\stm32f7xx_hal_pwr_ex.o
#        C:\Users\pitic\Documents\GitHub\temp\test_prj_070916\Debug\Obj\stm32f7xx_hal_qspi.o
#        C:\Users\pitic\Documents\GitHub\temp\test_prj_070916\Debug\Obj\stm32f7xx_hal_rcc.o
#        C:\Users\pitic\Documents\GitHub\temp\test_prj_070916\Debug\Obj\stm32f7xx_hal_rcc_ex.o
#        C:\Users\pitic\Documents\GitHub\temp\test_prj_070916\Debug\Obj\stm32f7xx_hal_rng.o
#        C:\Users\pitic\Documents\GitHub\temp\test_prj_070916\Debug\Obj\stm32f7xx_hal_rtc.o
#        C:\Users\pitic\Documents\GitHub\temp\test_prj_070916\Debug\Obj\stm32f7xx_hal_rtc_ex.o
#        C:\Users\pitic\Documents\GitHub\temp\test_prj_070916\Debug\Obj\stm32f7xx_hal_sai.o
#        C:\Users\pitic\Documents\GitHub\temp\test_prj_070916\Debug\Obj\stm32f7xx_hal_sai_ex.o
#        C:\Users\pitic\Documents\GitHub\temp\test_prj_070916\Debug\Obj\stm32f7xx_hal_sd.o
#        C:\Users\pitic\Documents\GitHub\temp\test_prj_070916\Debug\Obj\stm32f7xx_hal_sdram.o
#        C:\Users\pitic\Documents\GitHub\temp\test_prj_070916\Debug\Obj\stm32f7xx_hal_smartcard.o
#        C:\Users\pitic\Documents\GitHub\temp\test_prj_070916\Debug\Obj\stm32f7xx_hal_smartcard_ex.o
#        C:\Users\pitic\Documents\GitHub\temp\test_prj_070916\Debug\Obj\stm32f7xx_hal_spdifrx.o
#        C:\Users\pitic\Documents\GitHub\temp\test_prj_070916\Debug\Obj\stm32f7xx_hal_spi.o
#        C:\Users\pitic\Documents\GitHub\temp\test_prj_070916\Debug\Obj\stm32f7xx_hal_sram.o
#        C:\Users\pitic\Documents\GitHub\temp\test_prj_070916\Debug\Obj\stm32f7xx_hal_tim.o
#        C:\Users\pitic\Documents\GitHub\temp\test_prj_070916\Debug\Obj\stm32f7xx_hal_tim_ex.o
#        C:\Users\pitic\Documents\GitHub\temp\test_prj_070916\Debug\Obj\stm32f7xx_hal_uart.o
#        C:\Users\pitic\Documents\GitHub\temp\test_prj_070916\Debug\Obj\stm32f7xx_hal_usart.o
#        C:\Users\pitic\Documents\GitHub\temp\test_prj_070916\Debug\Obj\stm32f7xx_hal_wwdg.o
#        C:\Users\pitic\Documents\GitHub\temp\test_prj_070916\Debug\Obj\stm32f7xx_it.o
#        C:\Users\pitic\Documents\GitHub\temp\test_prj_070916\Debug\Obj\stm32f7xx_ll_fmc.o
#        C:\Users\pitic\Documents\GitHub\temp\test_prj_070916\Debug\Obj\stm32f7xx_ll_sdmmc.o
#        C:\Users\pitic\Documents\GitHub\temp\test_prj_070916\Debug\Obj\stm32f7xx_ll_usb.o
#        C:\Users\pitic\Documents\GitHub\temp\test_prj_070916\Debug\Obj\system_stm32f7xx.o
#        C:\Users\pitic\Documents\GitHub\temp\test_prj_070916\Debug\Obj\tasks.o
#        C:\Users\pitic\Documents\GitHub\temp\test_prj_070916\Debug\Obj\timers.o
#        --redirect _Printf=_PrintfFull -o
#        C:\Users\pitic\Documents\GitHub\temp\test_prj_070916\Debug\Exe\test_prj_210416.out
#        --map
#        C:\Users\pitic\Documents\GitHub\temp\test_prj_070916\Debug\List\test_prj_210416.map
#        --config
#        C:\Users\pitic\Documents\GitHub\temp\test_prj_070916\stm32f746xx_flash.icf
#        --semihosting --entry __iar_program_start --vfe --text_out locale)
#
###############################################################################

*******************************************************************************
*** RUNTIME MODEL ATTRIBUTES
***

CppFlavor       = *
__SystemLibrary = DLib
__dlib_version  = 6


*******************************************************************************
*** HEAP SELECTION
***

The basic heap was selected because no calls to memory allocation
functions were found in the application outside of system library
functions, and there are calls to deallocation functions in the
application.


*******************************************************************************
*** PLACEMENT SUMMARY
***

"A0":  place at 0x08000000 { ro section .intvec };
"P1":  place in [from 0x08000000 to 0x080fffff] { ro };
define block CSTACK with size = 1120, alignment = 8 { };
define block HEAP with size = 512, alignment = 8 { };
"P2":  place in [from 0x20000000 to 0x2004ffff] {
          rw, block CSTACK, block HEAP };
initialize by copy { rw };

  Section            Kind        Address     Size  Object
  -------            ----        -------     ----  ------
"A0":                                       0x1c8
  .intvec            ro code  0x08000000    0x1c8  startup_stm32f746xx.o [1]
                            - 0x080001c8    0x1c8

"P1":                                     0x30dd0
  .text              ro code  0x080001c8   0x701c  gfx_mk.o [1]
  .text              ro code  0x080071e4    0x270  heap_4.o [1]
  .text              ro code  0x08007454     0xa6  ABImemcpy.o [5]
  .rodata            const    0x080074fa      0x2  gfx_mk.o [1]
  .text              ro code  0x080074fc    0xb8c  tasks.o [1]
  .text              ro code  0x08008088    0x816  queue.o [1]
  .rodata            const    0x0800889e      0x2  gfx_mk.o [1]
  .text              ro code  0x080088a0    0x234  port.o [1]
  .text              ro code  0x08008ad4     0x66  ABImemset.o [5]
  .rodata            const    0x08008b3a      0x2  gfx_mk.o [1]
  .text              ro code  0x08008b3c      0x6  ABImemclr4.o [5]
  .rodata            const    0x08008b42      0x2  gfx_mk.o [1]
  .text              ro code  0x08008b44    0x4b2  gdisp_lld_framebuffer.o [1]
  .text              ro code  0x08008ff6      0x8  abs.o [3]
  .rodata            const    0x08008ffe      0x2  gfx_mk.o [1]
  .text              ro code  0x08009000     0x36  strlen.o [5]
  .rodata            const    0x08009036      0x2  gfx_mk.o [1]
  .text              ro code  0x08009038     0x70  strncpy.o [5]
  .text              ro code  0x080090a8    0x1d6  gmouse_lld_FT5336.o [1]
  .text              ro code  0x0800927e     0x98  list.o [1]
  .rodata            const    0x08009316      0x2  gfx_mk.o [1]
  .text              ro code  0x08009318    0x4bc  timers.o [1]
  CODE               ro code  0x080097d4     0xac  portasm.o [1]
  .text              ro code  0x08009880     0x32  ABImemset48.o [5]
  .rodata            const    0x080098b2      0x2  gfx_mk.o [1]
  .text              ro code  0x080098b4    0x364  stm32746g_discovery_sdram.o [1]
  .text              ro code  0x08009c18    0x35e  ltdc_drv.o [1]
  .rodata            const    0x08009f76      0x2  gfx_mk.o [1]
  .text              ro code  0x08009f78    0x264  stm32f7xx_hal_gpio.o [1]
  .text              ro code  0x0800a1dc    0x248  stm32f7_i2c.o [1]
  .text              ro code  0x0800a424     0xa8  dims_rtc.o [1]
  .text              ro code  0x0800a4cc     0xa4  stm32f7xx_hal_sdram.o [1]
  .text              ro code  0x0800a570    0x34c  main.o [1]
  .text              ro code  0x0800a8bc    0x308  stm32f7xx_hal_dma.o [1]
  .text              ro code  0x0800abc4    0x1a8  stm32f7xx_hal_cortex.o [1]
  .text              ro code  0x0800ad6c    0x79c  stm32f7xx_hal_rcc_ex.o [1]
  .text              ro code  0x0800b508    0x562  stm32f7xx_hal_ltdc.o [1]
  .rodata            const    0x0800ba6a      0x2  gfx_mk.o [1]
  .text              ro code  0x0800ba6c    0x1ec  cmsis_os.o [1]
  .text              ro code  0x0800bc58     0xea  stm32f7xx_hal_rtc.o [1]
  .rodata            const    0x0800bd42      0x2  gfx_mk.o [1]
  .text              ro code  0x0800bd44    0x898  stm32f7xx_hal_rcc.o [1]
  .text              ro code  0x0800c5dc     0x1c  stm32f7xx_hal_rtc_ex.o [1]
  .text              ro code  0x0800c5f8    0x164  stm32f7xx_ll_fmc.o [1]
  .text              ro code  0x0800c75c    0x80e  stm32f7xx_hal_uart.o [1]
  .rodata            const    0x0800cf6a      0x2  gfx_mk.o [1]
  .text              ro code  0x0800cf6c     0x28  stm32f7xx_hal.o [1]
  .text              ro code  0x0800cf94    0x9b4  gui.o [1]
  .text              ro code  0x0800d948     0x88  stm32f7xx_hal_pwr_ex.o [1]
  .text              ro code  0x0800d9d0      0xc  stm32f7xx_hal.o [1]
  .text              ro code  0x0800d9dc      0x2  stm32f7xx_hal_ltdc.o [1]
  .text              ro code  0x0800d9de     0x24  stm32f7xx_hal.o [1]
  .rodata            const    0x0800da02      0x2  gfx_mk.o [1]
  .text              ro code  0x0800da04    0x13c  stm32f7xx_hal_msp.o [1]
  .text              ro code  0x0800db40      0x2  stm32f7xx_hal_uart.o [1]
  .text              ro code  0x0800db42      0x2  stm32f7xx_hal_uart.o [1]
  .text              ro code  0x0800db44      0x2  stm32f7xx_hal_uart.o [1]
  .rodata            const    0x0800db46      0x2  gfx_mk.o [1]
  .rodata            const    0x0800db48   0x1a30  gfx_mk.o [1]
  .rodata            const    0x0800f578   0x12c0  gfx_mk.o [1]
  .rodata            const    0x08010838   0x1294  gfx_mk.o [1]
  .rodata            const    0x08011acc   0x1240  gfx_mk.o [1]
  .rodata            const    0x08012d0c    0xf8c  gfx_mk.o [1]
  .rodata            const    0x08013c98    0xf68  gfx_mk.o [1]
  .rodata            const    0x08014c00    0xee8  gfx_mk.o [1]
  .rodata            const    0x08015ae8    0xe0c  gfx_mk.o [1]
  .rodata            const    0x080168f4    0xde0  gfx_mk.o [1]
  .rodata            const    0x080176d4    0xd54  gfx_mk.o [1]
  .rodata            const    0x08018428    0xcf4  gfx_mk.o [1]
  .rodata            const    0x0801911c    0xbe0  gfx_mk.o [1]
  .rodata            const    0x08019cfc    0xb58  gfx_mk.o [1]
  .rodata            const    0x0801a854    0xb28  gfx_mk.o [1]
  .rodata            const    0x0801b37c    0xafc  gfx_mk.o [1]
  .rodata            const    0x0801be78    0xa64  gfx_mk.o [1]
  .rodata            const    0x0801c8dc    0x9c8  gfx_mk.o [1]
  .rodata            const    0x0801d2a4    0x99c  gfx_mk.o [1]
  .rodata            const    0x0801dc40    0x918  gfx_mk.o [1]
  .rodata            const    0x0801e558    0x910  gfx_mk.o [1]
  .rodata            const    0x0801ee68    0x90c  gfx_mk.o [1]
  .rodata            const    0x0801f774    0x8f4  gfx_mk.o [1]
  .rodata            const    0x08020068    0x8e8  gfx_mk.o [1]
  .rodata            const    0x08020950    0x894  gfx_mk.o [1]
  .rodata            const    0x080211e4    0x878  gfx_mk.o [1]
  .rodata            const    0x08021a5c    0x818  gfx_mk.o [1]
  .rodata            const    0x08022274    0x7dc  gfx_mk.o [1]
  .rodata            const    0x08022a50    0x768  gfx_mk.o [1]
  .rodata            const    0x080231b8    0x764  gfx_mk.o [1]
  .rodata            const    0x0802391c    0x754  gfx_mk.o [1]
  .rodata            const    0x08024070    0x73c  gfx_mk.o [1]
  .rodata            const    0x080247ac    0x640  gfx_mk.o [1]
  .rodata            const    0x08024dec    0x618  gfx_mk.o [1]
  .rodata            const    0x08025404    0x610  gfx_mk.o [1]
  .rodata            const    0x08025a14    0x60c  gfx_mk.o [1]
  .rodata            const    0x08026020    0x604  gfx_mk.o [1]
  .rodata            const    0x08026624    0x5d0  gfx_mk.o [1]
  .rodata            const    0x08026bf4    0x55c  gfx_mk.o [1]
  .rodata            const    0x08027150    0x534  gfx_mk.o [1]
  .rodata            const    0x08027684    0x514  gfx_mk.o [1]
  .rodata            const    0x08027b98    0x4c8  gfx_mk.o [1]
  .rodata            const    0x08028060    0x490  gfx_mk.o [1]
  .rodata            const    0x080284f0    0x454  gfx_mk.o [1]
  .rodata            const    0x08028944    0x338  gfx_mk.o [1]
  .rodata            const    0x08028c7c    0x314  gfx_mk.o [1]
  .rodata            const    0x08028f90    0x314  gfx_mk.o [1]
  .rodata            const    0x080292a4    0x2e4  gfx_mk.o [1]
  .rodata            const    0x08029588    0x278  gfx_mk.o [1]
  .rodata            const    0x08029800    0x254  gfx_mk.o [1]
  .rodata            const    0x08029a54    0x244  gfx_mk.o [1]
  .rodata            const    0x08029c98    0x1e8  gfx_mk.o [1]
  .rodata            const    0x08029e80    0x1dc  gfx_mk.o [1]
  .rodata            const    0x0802a05c    0x1d4  gfx_mk.o [1]
  .rodata            const    0x0802a230    0x1d4  gfx_mk.o [1]
  .rodata            const    0x0802a404    0x1d4  gfx_mk.o [1]
  .rodata            const    0x0802a5d8    0x1d4  gfx_mk.o [1]
  .rodata            const    0x0802a7ac    0x1d4  gfx_mk.o [1]
  .rodata            const    0x0802a980    0x1d4  gfx_mk.o [1]
  .rodata            const    0x0802ab54    0x1d4  gfx_mk.o [1]
  .rodata            const    0x0802ad28    0x1c0  gfx_mk.o [1]
  .rodata            const    0x0802aee8    0x1c0  gfx_mk.o [1]
  .rodata            const    0x0802b0a8    0x1c0  gfx_mk.o [1]
  .rodata            const    0x0802b268    0x1c0  gfx_mk.o [1]
  .rodata            const    0x0802b428    0x1c0  gfx_mk.o [1]
  .rodata            const    0x0802b5e8    0x1c0  gfx_mk.o [1]
  .rodata            const    0x0802b7a8    0x1c0  gfx_mk.o [1]
  .rodata            const    0x0802b968    0x1ac  gfx_mk.o [1]
  .rodata            const    0x0802bb14    0x18c  gfx_mk.o [1]
  .rodata            const    0x0802bca0    0x178  gfx_mk.o [1]
  .rodata            const    0x0802be18    0x154  gfx_mk.o [1]
  .rodata            const    0x0802bf6c    0x14c  gfx_mk.o [1]
  .rodata            const    0x0802c0b8    0x140  gfx_mk.o [1]
  .rodata            const    0x0802c1f8    0x138  gfx_mk.o [1]
  .rodata            const    0x0802c330    0x128  gfx_mk.o [1]
  .rodata            const    0x0802c458    0x11c  gfx_mk.o [1]
  .rodata            const    0x0802c574    0x11c  gfx_mk.o [1]
  .rodata            const    0x0802c690    0x118  gfx_mk.o [1]
  .rodata            const    0x0802c7a8     0xf8  gfx_mk.o [1]
  .rodata            const    0x0802c8a0     0xf4  gfx_mk.o [1]
  .rodata            const    0x0802c994     0xf0  gfx_mk.o [1]
  .rodata            const    0x0802ca84     0xe8  gfx_mk.o [1]
  .rodata            const    0x0802cb6c     0xdc  gfx_mk.o [1]
  .rodata            const    0x0802cc48     0xd8  gfx_mk.o [1]
  .rodata            const    0x0802cd20     0xd8  gfx_mk.o [1]
  .rodata            const    0x0802cdf8     0xc8  gfx_mk.o [1]
  .rodata            const    0x0802cec0     0xc0  gfx_mk.o [1]
  .rodata            const    0x0802cf80     0xc0  gfx_mk.o [1]
  .rodata            const    0x0802d040     0xc0  gfx_mk.o [1]
  .rodata            const    0x0802d100     0xc0  gfx_mk.o [1]
  .rodata            const    0x0802d1c0     0xc0  gfx_mk.o [1]
  .rodata            const    0x0802d280     0xc0  gfx_mk.o [1]
  .rodata            const    0x0802d340     0xc0  gfx_mk.o [1]
  .rodata            const    0x0802d400     0xc0  gfx_mk.o [1]
  .rodata            const    0x0802d4c0     0xc0  gfx_mk.o [1]
  .rodata            const    0x0802d580     0xc0  gfx_mk.o [1]
  .rodata            const    0x0802d640     0xc0  gfx_mk.o [1]
  .rodata            const    0x0802d700     0xc0  gfx_mk.o [1]
  .rodata            const    0x0802d7c0     0xc0  gfx_mk.o [1]
  .rodata            const    0x0802d880     0xc0  gfx_mk.o [1]
  .rodata            const    0x0802d940     0xc0  gfx_mk.o [1]
  .rodata            const    0x0802da00     0xc0  gfx_mk.o [1]
  .rodata            const    0x0802dac0     0xc0  gfx_mk.o [1]
  .rodata            const    0x0802db80     0xc0  gfx_mk.o [1]
  .rodata            const    0x0802dc40     0xc0  gfx_mk.o [1]
  .rodata            const    0x0802dd00     0xc0  gfx_mk.o [1]
  .rodata            const    0x0802ddc0     0xc0  gfx_mk.o [1]
  .rodata            const    0x0802de80     0xc0  gfx_mk.o [1]
  .rodata            const    0x0802df40     0xb0  gfx_mk.o [1]
  .rodata            const    0x0802dff0     0xa4  gfx_mk.o [1]
  .rodata            const    0x0802e094     0xa4  gfx_mk.o [1]
  .rodata            const    0x0802e138     0xa4  gfx_mk.o [1]
  .rodata            const    0x0802e1dc     0xa4  gfx_mk.o [1]
  .rodata            const    0x0802e280     0xa4  gfx_mk.o [1]
  .rodata            const    0x0802e324     0xa4  gfx_mk.o [1]
  .rodata            const    0x0802e3c8     0xa4  gfx_mk.o [1]
  .rodata            const    0x0802e46c     0xa0  gfx_mk.o [1]
  .rodata            const    0x0802e50c     0x9c  gfx_mk.o [1]
  .rodata            const    0x0802e5a8     0x9c  gfx_mk.o [1]
  .rodata            const    0x0802e644     0x9c  gfx_mk.o [1]
  .rodata            const    0x0802e6e0     0x9c  gfx_mk.o [1]
  .rodata            const    0x0802e77c     0x9c  gfx_mk.o [1]
  .rodata            const    0x0802e818     0x9c  gfx_mk.o [1]
  .rodata            const    0x0802e8b4     0x9c  gfx_mk.o [1]
  .rodata            const    0x0802e950     0x90  gfx_mk.o [1]
  .rodata            const    0x0802e9e0     0x80  gfx_mk.o [1]
  Initializer bytes  const    0x0802ea60     0x80  <for P2-1>
  .rodata            const    0x0802eae0      0x2  gfx_mk.o [1]
  .rodata            const    0x0802eae4     0x7c  gfx_mk.o [1]
  .rodata            const    0x0802eb60     0x74  gfx_mk.o [1]
  .rodata            const    0x0802ebd4     0x70  gfx_mk.o [1]
  .rodata            const    0x0802ec44     0x6c  gfx_mk.o [1]
  .rodata            const    0x0802ecb0     0x6c  gfx_mk.o [1]
  .text              ro code  0x0802ed1c     0x6c  system_stm32f7xx.o [1]
  .rodata            const    0x0802ed88     0x68  gfx_mk.o [1]
  .rodata            const    0x0802edf0     0x60  gdisp_lld_framebuffer.o [1]
  .rodata            const    0x0802ee50     0x60  gfx_mk.o [1]
  .rodata            const    0x0802eeb0     0x60  gfx_mk.o [1]
  .rodata            const    0x0802ef10     0x60  gfx_mk.o [1]
  .rodata            const    0x0802ef70     0x60  gfx_mk.o [1]
  .rodata            const    0x0802efd0     0x5c  gfx_mk.o [1]
  .rodata            const    0x0802f02c     0x54  gfx_mk.o [1]
  .rodata            const    0x0802f080     0x54  gfx_mk.o [1]
  .text              ro code  0x0802f0d4     0x54  stm32f7xx_it.o [1]
  .text              ro code  0x0802f128     0x10  stm32f7xx_hal.o [1]
  .rodata            const    0x0802f138     0x48  gfx_mk.o [1]
  .rodata            const    0x0802f180     0x48  gfx_mk.o [1]
  .rodata            const    0x0802f1c8     0x44  gfx_mk.o [1]
  .rodata            const    0x0802f20c     0x44  gfx_mk.o [1]
  .rodata            const    0x0802f250     0x44  gfx_mk.o [1]
  .rodata            const    0x0802f294     0x44  gfx_mk.o [1]
  .rodata            const    0x0802f2d8     0x44  gfx_mk.o [1]
  .rodata            const    0x0802f31c     0x44  gfx_mk.o [1]
  .rodata            const    0x0802f360     0x44  gfx_mk.o [1]
  .rodata            const    0x0802f3a4     0x44  gfx_mk.o [1]
  .rodata            const    0x0802f3e8     0x44  gfx_mk.o [1]
  .rodata            const    0x0802f42c     0x44  gfx_mk.o [1]
  .rodata            const    0x0802f470     0x44  gfx_mk.o [1]
  .rodata            const    0x0802f4b4     0x40  gfx_mk.o [1]
  .rodata            const    0x0802f4f4     0x40  gfx_mk.o [1]
  .text              ro code  0x0802f534     0x40  zero_init3.o [5]
  .rodata            const    0x0802f574     0x3c  gfx_mk.o [1]
  .rodata            const    0x0802f5b0     0x3c  gfx_mk.o [1]
  .rodata            const    0x0802f5ec     0x3c  gfx_mk.o [1]
  .rodata            const    0x0802f628     0x3c  gfx_mk.o [1]
  .rodata            const    0x0802f664     0x3c  gfx_mk.o [1]
  .rodata            const    0x0802f6a0     0x3c  gfx_mk.o [1]
  .rodata            const    0x0802f6dc     0x3c  gfx_mk.o [1]
  .rodata            const    0x0802f718     0x3c  gmouse_lld_FT5336.o [1]
  .rodata            const    0x0802f754     0x38  gfx_mk.o [1]
  .rodata            const    0x0802f78c     0x38  gfx_mk.o [1]
  .rodata            const    0x0802f7c4     0x38  gfx_mk.o [1]
  .rodata            const    0x0802f7fc     0x38  gfx_mk.o [1]
  .rodata            const    0x0802f834     0x38  gfx_mk.o [1]
  .rodata            const    0x0802f86c     0x38  gfx_mk.o [1]
  .rodata            const    0x0802f8a4     0x38  gui.o [1]
  .rodata            const    0x0802f8dc     0x34  gfx_mk.o [1]
  .rodata            const    0x0802f910     0x34  gfx_mk.o [1]
  .rodata            const    0x0802f944     0x30  gfx_mk.o [1]
  .rodata            const    0x0802f974     0x30  gfx_mk.o [1]
  .rodata            const    0x0802f9a4     0x30  gfx_mk.o [1]
  .rodata            const    0x0802f9d4     0x30  gfx_mk.o [1]
  .rodata            const    0x0802fa04     0x30  gfx_mk.o [1]
  .rodata            const    0x0802fa34     0x30  gfx_mk.o [1]
  .rodata            const    0x0802fa64     0x30  gfx_mk.o [1]
  .rodata            const    0x0802fa94     0x30  gfx_mk.o [1]
  .rodata            const    0x0802fac4     0x30  gfx_mk.o [1]
  .rodata            const    0x0802faf4     0x30  gfx_mk.o [1]
  .rodata            const    0x0802fb24     0x30  gfx_mk.o [1]
  .rodata            const    0x0802fb54     0x30  gfx_mk.o [1]
  .rodata            const    0x0802fb84     0x30  gfx_mk.o [1]
  .rodata            const    0x0802fbb4     0x30  gfx_mk.o [1]
  .rodata            const    0x0802fbe4     0x30  gfx_mk.o [1]
  .rodata            const    0x0802fc14     0x30  gfx_mk.o [1]
  .rodata            const    0x0802fc44     0x30  gfx_mk.o [1]
  .rodata            const    0x0802fc74     0x30  gfx_mk.o [1]
  .rodata            const    0x0802fca4     0x30  gfx_mk.o [1]
  .rodata            const    0x0802fcd4     0x30  gfx_mk.o [1]
  .rodata            const    0x0802fd04     0x30  gfx_mk.o [1]
  .rodata            const    0x0802fd34     0x2c  gfx_mk.o [1]
  .rodata            const    0x0802fd60     0x2c  gfx_mk.o [1]
  .rodata            const    0x0802fd8c     0x2c  gfx_mk.o [1]
  .rodata            const    0x0802fdb8     0x2c  gfx_mk.o [1]
  .text              ro code  0x0802fde4     0x2c  copy_init3.o [5]
  .rodata            const    0x0802fe10     0x28  gfx_mk.o [1]
  .rodata            const    0x0802fe38     0x28  gfx_mk.o [1]
  .rodata            const    0x0802fe60     0x28  gfx_mk.o [1]
  .rodata            const    0x0802fe88     0x28  gfx_mk.o [1]
  .rodata            const    0x0802feb0     0x28  gfx_mk.o [1]
  .rodata            const    0x0802fed8     0x28  gfx_mk.o [1]
  .rodata            const    0x0802ff00     0x28  gfx_mk.o [1]
  .rodata            const    0x0802ff28     0x28  gfx_mk.o [1]
  .rodata            const    0x0802ff50     0x28  gfx_mk.o [1]
  .rodata            const    0x0802ff78     0x28  gfx_mk.o [1]
  .text              ro code  0x0802ffa0     0x28  data_init.o [5]
  .rodata            const    0x0802ffc8     0x24  gfx_mk.o [1]
  .rodata            const    0x0802ffec     0x24  gfx_mk.o [1]
  .rodata            const    0x08030010     0x24  gfx_mk.o [1]
  .rodata            const    0x08030034     0x24  gfx_mk.o [1]
  .rodata            const    0x08030058     0x24  gfx_mk.o [1]
  .rodata            const    0x0803007c     0x24  gfx_mk.o [1]
  .rodata            const    0x080300a0     0x24  gfx_mk.o [1]
  .rodata            const    0x080300c4     0x24  gfx_mk.o [1]
  .rodata            const    0x080300e8     0x24  gfx_mk.o [1]
  .rodata            const    0x0803010c     0x24  gfx_mk.o [1]
  .rodata            const    0x08030130     0x24  gfx_mk.o [1]
  .rodata            const    0x08030154     0x24  gfx_mk.o [1]
  .rodata            const    0x08030178     0x24  gfx_mk.o [1]
  .rodata            const    0x0803019c     0x24  gfx_mk.o [1]
  .rodata            const    0x080301c0     0x24  gfx_mk.o [1]
  .rodata            const    0x080301e4     0x24  gfx_mk.o [1]
  .rodata            const    0x08030208     0x24  gfx_mk.o [1]
  .rodata            const    0x0803022c     0x24  gfx_mk.o [1]
  .rodata            const    0x08030250     0x24  gfx_mk.o [1]
  .text              ro code  0x08030274     0x22  fpinit_M.o [4]
  .iar.init_table    const    0x08030298     0x24  - Linker created -
  .rodata            const    0x080302bc      0x2  gfx_mk.o [1]
  .rodata            const    0x080302c0     0x20  gfx_mk.o [1]
  .rodata            const    0x080302e0     0x20  gfx_mk.o [1]
  .text              ro code  0x08030300     0x1e  cmain.o [5]
  .text              ro code  0x0803031e      0x4  low_level_init.o [3]
  .text              ro code  0x08030322      0x4  exit.o [3]
  .rodata            const    0x08030326      0x2  gfx_mk.o [1]
  .text              ro code  0x08030328      0xa  cexit.o [5]
  .rodata            const    0x08030332      0x2  gfx_mk.o [1]
  .text              ro code  0x08030334     0x14  exit.o [6]
  .rodata            const    0x08030348     0x1c  gfx_mk.o [1]
  .rodata            const    0x08030364     0x1c  gfx_mk.o [1]
  .rodata            const    0x08030380     0x18  gfx_mk.o [1]
  .rodata            const    0x08030398     0x18  gfx_mk.o [1]
  .rodata            const    0x080303b0     0x18  gfx_mk.o [1]
  .rodata            const    0x080303c8     0x18  gfx_mk.o [1]
  .rodata            const    0x080303e0     0x18  gfx_mk.o [1]
  .rodata            const    0x080303f8     0x18  gfx_mk.o [1]
  .rodata            const    0x08030410     0x18  gfx_mk.o [1]
  .rodata            const    0x08030428     0x18  gfx_mk.o [1]
  .rodata            const    0x08030440     0x18  gfx_mk.o [1]
  .rodata            const    0x08030458     0x18  gfx_mk.o [1]
  .rodata            const    0x08030470     0x18  gfx_mk.o [1]
  .rodata            const    0x08030488     0x18  gfx_mk.o [1]
  .rodata            const    0x080304a0     0x18  gfx_mk.o [1]
  .rodata            const    0x080304b8     0x18  gfx_mk.o [1]
  .rodata            const    0x080304d0     0x18  gfx_mk.o [1]
  .rodata            const    0x080304e8     0x18  gfx_mk.o [1]
  .rodata            const    0x08030500     0x18  gfx_mk.o [1]
  .rodata            const    0x08030518     0x18  gfx_mk.o [1]
  .rodata            const    0x08030530     0x18  gfx_mk.o [1]
  .rodata            const    0x08030548     0x18  gui.o [1]
  .rodata            const    0x08030560     0x14  gfx_mk.o [1]
  .rodata            const    0x08030574     0x14  gfx_mk.o [1]
  .rodata            const    0x08030588     0x14  gfx_mk.o [1]
  .rodata            const    0x0803059c     0x14  gfx_mk.o [1]
  .rodata            const    0x080305b0     0x14  gfx_mk.o [1]
  .rodata            const    0x080305c4     0x14  gfx_mk.o [1]
  .rodata            const    0x080305d8     0x14  gfx_mk.o [1]
  .rodata            const    0x080305ec     0x14  gfx_mk.o [1]
  .rodata            const    0x08030600     0x14  gfx_mk.o [1]
  .rodata            const    0x08030614     0x14  gfx_mk.o [1]
  .rodata            const    0x08030628     0x14  gfx_mk.o [1]
  .rodata            const    0x0803063c     0x14  gfx_mk.o [1]
  .rodata            const    0x08030650     0x14  gfx_mk.o [1]
  .rodata            const    0x08030664     0x14  gfx_mk.o [1]
  .rodata            const    0x08030678     0x14  gfx_mk.o [1]
  .rodata            const    0x0803068c     0x14  gfx_mk.o [1]
  .rodata            const    0x080306a0     0x14  gfx_mk.o [1]
  .rodata            const    0x080306b4     0x14  gfx_mk.o [1]
  .rodata            const    0x080306c8     0x14  gfx_mk.o [1]
  .rodata            const    0x080306dc     0x14  main.o [1]
  .rodata            const    0x080306f0     0x10  gfx_mk.o [1]
  .rodata            const    0x08030700     0x10  gfx_mk.o [1]
  .rodata            const    0x08030710     0x10  gfx_mk.o [1]
  .rodata            const    0x08030720     0x10  gfx_mk.o [1]
  .rodata            const    0x08030730     0x10  gfx_mk.o [1]
  .rodata            const    0x08030740     0x10  gfx_mk.o [1]
  .rodata            const    0x08030750     0x10  gfx_mk.o [1]
  .rodata            const    0x08030760     0x10  gfx_mk.o [1]
  .rodata            const    0x08030770     0x10  gfx_mk.o [1]
  .rodata            const    0x08030780     0x10  gfx_mk.o [1]
  .rodata            const    0x08030790     0x10  gfx_mk.o [1]
  .rodata            const    0x080307a0     0x10  gfx_mk.o [1]
  .rodata            const    0x080307b0     0x10  gfx_mk.o [1]
  .rodata            const    0x080307c0     0x10  gfx_mk.o [1]
  .rodata            const    0x080307d0     0x10  gfx_mk.o [1]
  .rodata            const    0x080307e0     0x10  gfx_mk.o [1]
  .rodata            const    0x080307f0     0x10  gfx_mk.o [1]
  .rodata            const    0x08030800     0x10  gfx_mk.o [1]
  .rodata            const    0x08030810     0x10  gfx_mk.o [1]
  .rodata            const    0x08030820     0x10  gfx_mk.o [1]
  .rodata            const    0x08030830     0x10  gfx_mk.o [1]
  .rodata            const    0x08030840     0x10  gfx_mk.o [1]
  .rodata            const    0x08030850     0x10  gfx_mk.o [1]
  .rodata            const    0x08030860     0x10  gui.o [1]
  .rodata            const    0x08030870     0x10  stm32f7xx_hal_rcc.o [1]
  .text              ro code  0x08030880     0x10  startup_stm32f746xx.o [1]
  .rodata            const    0x08030890      0xc  gfx_mk.o [1]
  .rodata            const    0x0803089c      0xc  gfx_mk.o [1]
  .rodata            const    0x080308a8      0xc  gfx_mk.o [1]
  .rodata            const    0x080308b4      0xc  gfx_mk.o [1]
  .rodata            const    0x080308c0      0xc  gfx_mk.o [1]
  .rodata            const    0x080308cc      0xc  gfx_mk.o [1]
  .rodata            const    0x080308d8      0xc  gfx_mk.o [1]
  .rodata            const    0x080308e4      0xc  gfx_mk.o [1]
  .rodata            const    0x080308f0      0xc  gfx_mk.o [1]
  .rodata            const    0x080308fc      0xc  gfx_mk.o [1]
  .rodata            const    0x08030908      0xc  gfx_mk.o [1]
  .rodata            const    0x08030914      0xc  gfx_mk.o [1]
  .rodata            const    0x08030920      0xc  gfx_mk.o [1]
  .rodata            const    0x0803092c      0xc  gfx_mk.o [1]
  .rodata            const    0x08030938      0xc  gfx_mk.o [1]
  .rodata            const    0x08030944      0xc  gfx_mk.o [1]
  .rodata            const    0x08030950      0xc  gfx_mk.o [1]
  .rodata            const    0x0803095c      0xc  gfx_mk.o [1]
  .rodata            const    0x08030968      0xc  gfx_mk.o [1]
  .rodata            const    0x08030974      0xc  gfx_mk.o [1]
  .rodata            const    0x08030980      0xc  gfx_mk.o [1]
  .rodata            const    0x0803098c      0xc  gfx_mk.o [1]
  .rodata            const    0x08030998      0xc  gfx_mk.o [1]
  .rodata            const    0x080309a4      0xc  gfx_mk.o [1]
  .rodata            const    0x080309b0      0xc  gfx_mk.o [1]
  .rodata            const    0x080309bc      0xc  gfx_mk.o [1]
  .rodata            const    0x080309c8      0xc  gfx_mk.o [1]
  .rodata            const    0x080309d4      0xc  gfx_mk.o [1]
  .rodata            const    0x080309e0      0xc  gfx_mk.o [1]
  .rodata            const    0x080309ec      0xc  gfx_mk.o [1]
  .rodata            const    0x080309f8      0xc  gfx_mk.o [1]
  .rodata            const    0x08030a04      0xc  gfx_mk.o [1]
  .rodata            const    0x08030a10      0xc  gfx_mk.o [1]
  .rodata            const    0x08030a1c      0xc  gfx_mk.o [1]
  .rodata            const    0x08030a28      0xc  gfx_mk.o [1]
  .rodata            const    0x08030a34      0xc  gfx_mk.o [1]
  .rodata            const    0x08030a40      0xc  gfx_mk.o [1]
  .rodata            const    0x08030a4c      0xc  gfx_mk.o [1]
  .rodata            const    0x08030a58      0xc  gfx_mk.o [1]
  .rodata            const    0x08030a64      0xc  gfx_mk.o [1]
  .rodata            const    0x08030a70      0xc  gfx_mk.o [1]
  .rodata            const    0x08030a7c      0xc  gfx_mk.o [1]
  .rodata            const    0x08030a88      0xc  gfx_mk.o [1]
  .rodata            const    0x08030a94      0xc  gfx_mk.o [1]
  .rodata            const    0x08030aa0      0xc  gfx_mk.o [1]
  .rodata            const    0x08030aac      0xc  gfx_mk.o [1]
  .rodata            const    0x08030ab8      0xc  gfx_mk.o [1]
  .rodata            const    0x08030ac4      0xc  gui.o [1]
  .rodata            const    0x08030ad0      0xc  gui.o [1]
  .rodata            const    0x08030adc      0xc  gui.o [1]
  .rodata            const    0x08030ae8      0xc  gui.o [1]
  .rodata            const    0x08030af4      0xc  gui.o [1]
  .rodata            const    0x08030b00      0xc  gui.o [1]
  .rodata            const    0x08030b0c      0xc  gui.o [1]
  .rodata            const    0x08030b18      0xc  gui.o [1]
  .rodata            const    0x08030b24      0xc  gui.o [1]
  .rodata            const    0x08030b30      0xc  gui.o [1]
  .text              ro code  0x08030b3c      0xc  cstartup_M.o [5]
  .rodata            const    0x08030b48      0x8  gfx_mk.o [1]
  .rodata            const    0x08030b50      0x8  gfx_mk.o [1]
  .rodata            const    0x08030b58      0x8  gfx_mk.o [1]
  .rodata            const    0x08030b60      0x8  gfx_mk.o [1]
  .rodata            const    0x08030b68      0x8  gfx_mk.o [1]
  .rodata            const    0x08030b70      0x8  gfx_mk.o [1]
  .rodata            const    0x08030b78      0x8  gfx_mk.o [1]
  .rodata            const    0x08030b80      0x8  gfx_mk.o [1]
  .rodata            const    0x08030b88      0x8  gfx_mk.o [1]
  .rodata            const    0x08030b90      0x8  gfx_mk.o [1]
  .rodata            const    0x08030b98      0x8  gfx_mk.o [1]
  .rodata            const    0x08030ba0      0x8  gfx_mk.o [1]
  .rodata            const    0x08030ba8      0x8  gfx_mk.o [1]
  .rodata            const    0x08030bb0      0x8  gfx_mk.o [1]
  .rodata            const    0x08030bb8      0x8  gfx_mk.o [1]
  .rodata            const    0x08030bc0      0x8  gfx_mk.o [1]
  .rodata            const    0x08030bc8      0x8  gfx_mk.o [1]
  .rodata            const    0x08030bd0      0x8  gfx_mk.o [1]
  .rodata            const    0x08030bd8      0x8  gfx_mk.o [1]
  .rodata            const    0x08030be0      0x8  gfx_mk.o [1]
  .rodata            const    0x08030be8      0x8  gfx_mk.o [1]
  .rodata            const    0x08030bf0      0x8  gfx_mk.o [1]
  .rodata            const    0x08030bf8      0x8  gfx_mk.o [1]
  .rodata            const    0x08030c00      0x8  gfx_mk.o [1]
  .rodata            const    0x08030c08      0x8  gfx_mk.o [1]
  .rodata            const    0x08030c10      0x8  gfx_mk.o [1]
  .rodata            const    0x08030c18      0x8  gfx_mk.o [1]
  .rodata            const    0x08030c20      0x8  gfx_mk.o [1]
  .rodata            const    0x08030c28      0x8  gfx_mk.o [1]
  .rodata            const    0x08030c30      0x8  gfx_mk.o [1]
  .rodata            const    0x08030c38      0x8  gfx_mk.o [1]
  .rodata            const    0x08030c40      0x8  gfx_mk.o [1]
  .rodata            const    0x08030c48      0x8  gfx_mk.o [1]
  .rodata            const    0x08030c50      0x8  gfx_mk.o [1]
  .rodata            const    0x08030c58      0x8  gfx_mk.o [1]
  .rodata            const    0x08030c60      0x8  gfx_mk.o [1]
  .rodata            const    0x08030c68      0x8  gfx_mk.o [1]
  .rodata            const    0x08030c70      0x8  gfx_mk.o [1]
  .rodata            const    0x08030c78      0x8  gfx_mk.o [1]
  .rodata            const    0x08030c80      0x8  gfx_mk.o [1]
  .rodata            const    0x08030c88      0x8  gfx_mk.o [1]
  .rodata            const    0x08030c90      0x8  gfx_mk.o [1]
  .rodata            const    0x08030c98      0x8  gfx_mk.o [1]
  .rodata            const    0x08030ca0      0x8  gfx_mk.o [1]
  .rodata            const    0x08030ca8      0x8  gfx_mk.o [1]
  .rodata            const    0x08030cb0      0x8  gfx_mk.o [1]
  .rodata            const    0x08030cb8      0x8  gfx_mk.o [1]
  .rodata            const    0x08030cc0      0x8  gfx_mk.o [1]
  .rodata            const    0x08030cc8      0x8  gfx_mk.o [1]
  .rodata            const    0x08030cd0      0x8  gfx_mk.o [1]
  .rodata            const    0x08030cd8      0x8  gfx_mk.o [1]
  .rodata            const    0x08030ce0      0x8  gui.o [1]
  .rodata            const    0x08030ce8      0x8  gui.o [1]
  .rodata            const    0x08030cf0      0x8  gui.o [1]
  .rodata            const    0x08030cf8      0x8  gui.o [1]
  .rodata            const    0x08030d00      0x8  gui.o [1]
  .rodata            const    0x08030d08      0x8  gui.o [1]
  .rodata            const    0x08030d10      0x8  gui.o [1]
  .rodata            const    0x08030d18      0x8  gui.o [1]
  .rodata            const    0x08030d20      0x8  gui.o [1]
  .rodata            const    0x08030d28      0x8  gui.o [1]
  .rodata            const    0x08030d30      0x8  gui.o [1]
  .rodata            const    0x08030d38      0x8  gui.o [1]
  .rodata            const    0x08030d40      0x8  gui.o [1]
  .rodata            const    0x08030d48      0x8  gui.o [1]
  .rodata            const    0x08030d50      0x8  gui.o [1]
  .rodata            const    0x08030d58      0x8  gui.o [1]
  .rodata            const    0x08030d60      0x8  stm32f7xx_hal_dma.o [1]
  .rodata            const    0x08030d68      0x8  tasks.o [1]
  .rodata            const    0x08030d70      0x8  timers.o [1]
  .rodata            const    0x08030d78      0x8  timers.o [1]
  .rodata            const    0x08030d80      0x4  gfx_mk.o [1]
  .rodata            const    0x08030d84      0x4  gfx_mk.o [1]
  .rodata            const    0x08030d88      0x4  gfx_mk.o [1]
  .rodata            const    0x08030d8c      0x4  gfx_mk.o [1]
  .rodata            const    0x08030d90      0x4  gfx_mk.o [1]
  .rodata            const    0x08030d94      0x4  gfx_mk.o [1]
  .rodata            const    0x08030d98      0x4  gfx_mk.o [1]
  .rodata            const    0x08030d9c      0x4  gfx_mk.o [1]
  .rodata            const    0x08030da0      0x4  gfx_mk.o [1]
  .rodata            const    0x08030da4      0x4  gfx_mk.o [1]
  .rodata            const    0x08030da8      0x4  gfx_mk.o [1]
  .rodata            const    0x08030dac      0x4  gfx_mk.o [1]
  .rodata            const    0x08030db0      0x4  gfx_mk.o [1]
  .rodata            const    0x08030db4      0x4  gfx_mk.o [1]
  .rodata            const    0x08030db8      0x4  gfx_mk.o [1]
  .rodata            const    0x08030dbc      0x4  gfx_mk.o [1]
  .rodata            const    0x08030dc0      0x4  gfx_mk.o [1]
  .rodata            const    0x08030dc4      0x4  gfx_mk.o [1]
  .rodata            const    0x08030dc8      0x4  gfx_mk.o [1]
  .rodata            const    0x08030dcc      0x4  gfx_mk.o [1]
  .rodata            const    0x08030dd0      0x4  gfx_mk.o [1]
  .rodata            const    0x08030dd4      0x4  gfx_mk.o [1]
  .rodata            const    0x08030dd8      0x4  gfx_mk.o [1]
  .rodata            const    0x08030ddc      0x4  heap_4.o [1]
  .rodata            const    0x08030de0      0x4  ltdc_drv.o [1]
  .rodata            const    0x08030de4      0x4  main.o [1]
  .rodata            const    0x08030de8      0x4  main.o [1]
  .rodata            const    0x08030dec      0x4  port.o [1]
  .text              ro code  0x08030df0      0x4  startup_stm32f746xx.o [1]
  .text              ro code  0x08030df4      0x4  startup_stm32f746xx.o [1]
  .text              ro code  0x08030df8      0x4  startup_stm32f746xx.o [1]
  .text              ro code  0x08030dfc      0x4  startup_stm32f746xx.o [1]
  .text              ro code  0x08030e00      0x4  startup_stm32f746xx.o [1]
  .text              ro code  0x08030e04      0x4  startup_stm32f746xx.o [1]
  .text              ro code  0x08030e08      0x4  startup_stm32f746xx.o [1]
  .text              ro code  0x08030e0c      0x4  startup_stm32f746xx.o [1]
  .text              ro code  0x08030e10      0x4  startup_stm32f746xx.o [1]
  .text              ro code  0x08030e14      0x4  startup_stm32f746xx.o [1]
  .text              ro code  0x08030e18      0x4  startup_stm32f746xx.o [1]
  .text              ro code  0x08030e1c      0x4  startup_stm32f746xx.o [1]
  .text              ro code  0x08030e20      0x4  startup_stm32f746xx.o [1]
  .text              ro code  0x08030e24      0x4  startup_stm32f746xx.o [1]
  .text              ro code  0x08030e28      0x4  startup_stm32f746xx.o [1]
  .text              ro code  0x08030e2c      0x4  startup_stm32f746xx.o [1]
  .text              ro code  0x08030e30      0x4  startup_stm32f746xx.o [1]
  .text              ro code  0x08030e34      0x4  startup_stm32f746xx.o [1]
  .text              ro code  0x08030e38      0x4  startup_stm32f746xx.o [1]
  .text              ro code  0x08030e3c      0x4  startup_stm32f746xx.o [1]
  .text              ro code  0x08030e40      0x4  startup_stm32f746xx.o [1]
  .text              ro code  0x08030e44      0x4  startup_stm32f746xx.o [1]
  .text              ro code  0x08030e48      0x4  startup_stm32f746xx.o [1]
  .text              ro code  0x08030e4c      0x4  startup_stm32f746xx.o [1]
  .text              ro code  0x08030e50      0x4  startup_stm32f746xx.o [1]
  .text              ro code  0x08030e54      0x4  startup_stm32f746xx.o [1]
  .text              ro code  0x08030e58      0x4  startup_stm32f746xx.o [1]
  .text              ro code  0x08030e5c      0x4  startup_stm32f746xx.o [1]
  .text              ro code  0x08030e60      0x4  startup_stm32f746xx.o [1]
  .text              ro code  0x08030e64      0x4  startup_stm32f746xx.o [1]
  .text              ro code  0x08030e68      0x4  startup_stm32f746xx.o [1]
  .text              ro code  0x08030e6c      0x4  startup_stm32f746xx.o [1]
  .text              ro code  0x08030e70      0x4  startup_stm32f746xx.o [1]
  .text              ro code  0x08030e74      0x4  startup_stm32f746xx.o [1]
  .text              ro code  0x08030e78      0x4  startup_stm32f746xx.o [1]
  .text              ro code  0x08030e7c      0x4  startup_stm32f746xx.o [1]
  .text              ro code  0x08030e80      0x4  startup_stm32f746xx.o [1]
  .text              ro code  0x08030e84      0x4  startup_stm32f746xx.o [1]
  .text              ro code  0x08030e88      0x4  startup_stm32f746xx.o [1]
  .text              ro code  0x08030e8c      0x4  startup_stm32f746xx.o [1]
  .text              ro code  0x08030e90      0x4  startup_stm32f746xx.o [1]
  .text              ro code  0x08030e94      0x4  startup_stm32f746xx.o [1]
  .text              ro code  0x08030e98      0x4  startup_stm32f746xx.o [1]
  .text              ro code  0x08030e9c      0x4  startup_stm32f746xx.o [1]
  .text              ro code  0x08030ea0      0x4  startup_stm32f746xx.o [1]
  .text              ro code  0x08030ea4      0x4  startup_stm32f746xx.o [1]
  .text              ro code  0x08030ea8      0x4  startup_stm32f746xx.o [1]
  .text              ro code  0x08030eac      0x4  startup_stm32f746xx.o [1]
  .text              ro code  0x08030eb0      0x4  startup_stm32f746xx.o [1]
  .text              ro code  0x08030eb4      0x4  startup_stm32f746xx.o [1]
  .text              ro code  0x08030eb8      0x4  startup_stm32f746xx.o [1]
  .text              ro code  0x08030ebc      0x4  startup_stm32f746xx.o [1]
  .text              ro code  0x08030ec0      0x4  startup_stm32f746xx.o [1]
  .text              ro code  0x08030ec4      0x4  startup_stm32f746xx.o [1]
  .text              ro code  0x08030ec8      0x4  startup_stm32f746xx.o [1]
  .text              ro code  0x08030ecc      0x4  startup_stm32f746xx.o [1]
  .text              ro code  0x08030ed0      0x4  startup_stm32f746xx.o [1]
  .text              ro code  0x08030ed4      0x4  startup_stm32f746xx.o [1]
  .text              ro code  0x08030ed8      0x4  startup_stm32f746xx.o [1]
  .text              ro code  0x08030edc      0x4  startup_stm32f746xx.o [1]
  .text              ro code  0x08030ee0      0x4  startup_stm32f746xx.o [1]
  .text              ro code  0x08030ee4      0x4  startup_stm32f746xx.o [1]
  .text              ro code  0x08030ee8      0x4  startup_stm32f746xx.o [1]
  .text              ro code  0x08030eec      0x4  startup_stm32f746xx.o [1]
  .text              ro code  0x08030ef0      0x4  startup_stm32f746xx.o [1]
  .text              ro code  0x08030ef4      0x4  startup_stm32f746xx.o [1]
  .text              ro code  0x08030ef8      0x4  startup_stm32f746xx.o [1]
  .text              ro code  0x08030efc      0x4  startup_stm32f746xx.o [1]
  .text              ro code  0x08030f00      0x4  startup_stm32f746xx.o [1]
  .text              ro code  0x08030f04      0x4  startup_stm32f746xx.o [1]
  .text              ro code  0x08030f08      0x4  startup_stm32f746xx.o [1]
  .text              ro code  0x08030f0c      0x4  startup_stm32f746xx.o [1]
  .text              ro code  0x08030f10      0x4  startup_stm32f746xx.o [1]
  .text              ro code  0x08030f14      0x4  startup_stm32f746xx.o [1]
  .text              ro code  0x08030f18      0x4  startup_stm32f746xx.o [1]
  .text              ro code  0x08030f1c      0x4  startup_stm32f746xx.o [1]
  .text              ro code  0x08030f20      0x4  startup_stm32f746xx.o [1]
  .text              ro code  0x08030f24      0x4  startup_stm32f746xx.o [1]
  .text              ro code  0x08030f28      0x4  startup_stm32f746xx.o [1]
  .text              ro code  0x08030f2c      0x4  startup_stm32f746xx.o [1]
  .text              ro code  0x08030f30      0x4  startup_stm32f746xx.o [1]
  .text              ro code  0x08030f34      0x4  startup_stm32f746xx.o [1]
  .text              ro code  0x08030f38      0x4  startup_stm32f746xx.o [1]
  .text              ro code  0x08030f3c      0x4  startup_stm32f746xx.o [1]
  .text              ro code  0x08030f40      0x4  startup_stm32f746xx.o [1]
  .text              ro code  0x08030f44      0x4  startup_stm32f746xx.o [1]
  .text              ro code  0x08030f48      0x4  startup_stm32f746xx.o [1]
  .text              ro code  0x08030f4c      0x4  startup_stm32f746xx.o [1]
  .text              ro code  0x08030f50      0x4  startup_stm32f746xx.o [1]
  .text              ro code  0x08030f54      0x4  startup_stm32f746xx.o [1]
  .text              ro code  0x08030f58      0x4  startup_stm32f746xx.o [1]
  .rodata            const    0x08030f5c      0x2  gfx_mk.o [1]
  .rodata            const    0x08030f5e      0x2  gfx_mk.o [1]
  .rodata            const    0x08030f60      0x2  gfx_mk.o [1]
  .rodata            const    0x08030f62      0x2  gfx_mk.o [1]
  .rodata            const    0x08030f64      0x2  gfx_mk.o [1]
  .rodata            const    0x08030f66      0x2  gfx_mk.o [1]
  .rodata            const    0x08030f68      0x2  gfx_mk.o [1]
  .rodata            const    0x08030f6a      0x2  gfx_mk.o [1]
  .rodata            const    0x08030f6c      0x2  gfx_mk.o [1]
  .rodata            const    0x08030f6e      0x2  gfx_mk.o [1]
  .rodata            const    0x08030f70      0x2  gfx_mk.o [1]
  .rodata            const    0x08030f72      0x2  gfx_mk.o [1]
  .rodata            const    0x08030f74      0x2  gfx_mk.o [1]
  .rodata            const    0x08030f76      0x2  gfx_mk.o [1]
  .rodata            const    0x08030f78      0x2  gfx_mk.o [1]
  .rodata            const    0x08030f7a      0x2  gfx_mk.o [1]
  .rodata            const    0x08030f7c      0x2  gfx_mk.o [1]
  .rodata            const    0x08030f7e      0x2  gfx_mk.o [1]
  .rodata            const    0x08030f80      0x2  gfx_mk.o [1]
  .rodata            const    0x08030f82      0x2  gfx_mk.o [1]
  .rodata            const    0x08030f84      0x2  gfx_mk.o [1]
  .rodata            const    0x08030f86      0x2  gfx_mk.o [1]
  .rodata            const    0x08030f88      0x2  gfx_mk.o [1]
  .rodata            const    0x08030f8a      0x2  gfx_mk.o [1]
  .rodata            const    0x08030f8c      0x2  gfx_mk.o [1]
  .rodata            const    0x08030f8e      0x2  gfx_mk.o [1]
  .rodata            const    0x08030f90      0x2  gfx_mk.o [1]
  .rodata            const    0x08030f92      0x2  gfx_mk.o [1]
  .rodata            const    0x08030f94      0x2  gfx_mk.o [1]
  .rodata            const    0x08030f96      0x2  stm32f7_i2c.o [1]
  .rodata            const    0x08030f98      0x0  zero_init3.o [5]
  .rodata            const    0x08030f98      0x0  copy_init3.o [5]
                            - 0x08030f98  0x30dd0

"P2", part 1 of 3:                           0x80
  P2-1                        0x20000000     0x7d  <Init block>
    .data            inited   0x20000000      0x4  gfx_mk.o [1]
    .data            inited   0x20000004      0x4  gfx_mk.o [1]
    .data            inited   0x20000008      0x4  gfx_mk.o [1]
    .data            inited   0x2000000c     0x14  gfx_mk.o [1]
    .data            inited   0x20000020     0x14  gfx_mk.o [1]
    .data            inited   0x20000034     0x14  gfx_mk.o [1]
    .data            inited   0x20000048     0x18  gfx_mk.o [1]
    .data            inited   0x20000060     0x14  gfx_mk.o [1]
    .data            inited   0x20000074      0x4  port.o [1]
    .data            inited   0x20000078      0x4  system_stm32f7xx.o [1]
    .data            inited   0x2000007c      0x1  stm32746g_discovery_sdram.o [1]
                            - 0x2000007d     0x7d

"P2", part 2 of 3:                         0x7fb0
  .bss               zero     0x20000080   0x7800  heap_4.o [1]
  .bss               zero     0x20007880    0x200  gfx_mk.o [1]
  .bss               zero     0x20007a80     0xa8  ltdc_drv.o [1]
  .bss               zero     0x20007b28     0xa0  tasks.o [1]
  .bss               zero     0x20007bc8     0x70  main.o [1]
  .bss               zero     0x20007c38     0x58  main.o [1]
  .bss               zero     0x20007c90     0x58  main.o [1]
  .bss               zero     0x20007ce8     0x58  stm32746g_discovery_sdram.o [1]
  .bss               zero     0x20007d40     0x40  queue.o [1]
  .bss               zero     0x20007d80     0x38  gfx_mk.o [1]
  .bss               zero     0x20007db8     0x38  gui.o [1]
  .bss               zero     0x20007df0     0x34  stm32746g_discovery_sdram.o [1]
  .bss               zero     0x20007e24     0x20  dims_rtc.o [1]
  .bss               zero     0x20007e44     0x1c  gfx_mk.o [1]
  .bss               zero     0x20007e60     0x1c  stm32746g_discovery_sdram.o [1]
  .bss               zero     0x20007e7c     0x14  tasks.o [1]
  .bss               zero     0x20007e90     0x14  tasks.o [1]
  .bss               zero     0x20007ea4     0x14  tasks.o [1]
  .bss               zero     0x20007eb8     0x14  tasks.o [1]
  .bss               zero     0x20007ecc     0x14  tasks.o [1]
  .bss               zero     0x20007ee0     0x14  timers.o [1]
  .bss               zero     0x20007ef4     0x14  timers.o [1]
  .bss               zero     0x20007f08     0x10  stm32746g_discovery_sdram.o [1]
  .bss               zero     0x20007f18      0xc  gfx_mk.o [1]
  .bss               zero     0x20007f24      0xc  gfx_mk.o [1]
  .bss               zero     0x20007f30      0x8  gfx_mk.o [1]
  .bss               zero     0x20007f38      0x8  heap_4.o [1]
  .bss               zero     0x20007f40      0x4  gfx_mk.o [1]
  .bss               zero     0x20007f44      0x4  gfx_mk.o [1]
  .bss               zero     0x20007f48      0x4  gfx_mk.o [1]
  .bss               zero     0x20007f4c      0x4  gfx_mk.o [1]
  .bss               zero     0x20007f50      0x4  gfx_mk.o [1]
  .bss               zero     0x20007f54      0x4  gfx_mk.o [1]
  .bss               zero     0x20007f58      0x4  gfx_mk.o [1]
  .bss               zero     0x20007f5c      0x4  gfx_mk.o [1]
  .bss               zero     0x20007f60      0x4  gfx_mk.o [1]
  .bss               zero     0x20007f64      0x4  gfx_mk.o [1]
  .bss               zero     0x20007f68      0x4  gfx_mk.o [1]
  .bss               zero     0x20007f6c      0x4  gfx_mk.o [1]
  .bss               zero     0x20007f70      0x4  gfx_mk.o [1]
  .bss               zero     0x20007f74      0x4  gui.o [1]
  .bss               zero     0x20007f78      0x4  gui.o [1]
  .bss               zero     0x20007f7c      0x4  gui.o [1]
  .bss               zero     0x20007f80      0x4  gui.o [1]
  .bss               zero     0x20007f84      0x4  gui.o [1]
  .bss               zero     0x20007f88      0x4  gui.o [1]
  .bss               zero     0x20007f8c      0x4  gui.o [1]
  .bss               zero     0x20007f90      0x4  gui.o [1]
  .bss               zero     0x20007f94      0x4  gui.o [1]
  .bss               zero     0x20007f98      0x4  gui.o [1]
  .bss               zero     0x20007f9c      0x4  gui.o [1]
  .bss               zero     0x20007fa0      0x4  gui.o [1]
  .bss               zero     0x20007fa4      0x4  gui.o [1]
  .bss               zero     0x20007fa8      0x4  gui.o [1]
  .bss               zero     0x20007fac      0x4  gui.o [1]
  .bss               zero     0x20007fb0      0x4  gui.o [1]
  .bss               zero     0x20007fb4      0x4  gui.o [1]
  .bss               zero     0x20007fb8      0x4  gui.o [1]
  .bss               zero     0x20007fbc      0x4  heap_4.o [1]
  .bss               zero     0x20007fc0      0x4  heap_4.o [1]
  .bss               zero     0x20007fc4      0x4  heap_4.o [1]
  .bss               zero     0x20007fc8      0x4  heap_4.o [1]
  .bss               zero     0x20007fcc      0x4  ltdc_drv.o [1]
  .bss               zero     0x20007fd0      0x4  main.o [1]
  .bss               zero     0x20007fd4      0x4  main.o [1]
  .bss               zero     0x20007fd8      0x4  port.o [1]
  .bss               zero     0x20007fdc      0x4  stm32f7xx_hal.o [1]
  .bss               zero     0x20007fe0      0x4  tasks.o [1]
  .bss               zero     0x20007fe4      0x4  tasks.o [1]
  .bss               zero     0x20007fe8      0x4  tasks.o [1]
  .bss               zero     0x20007fec      0x4  tasks.o [1]
  .bss               zero     0x20007ff0      0x4  tasks.o [1]
  .bss               zero     0x20007ff4      0x4  tasks.o [1]
  .bss               zero     0x20007ff8      0x4  tasks.o [1]
  .bss               zero     0x20007ffc      0x4  tasks.o [1]
  .bss               zero     0x20008000      0x4  tasks.o [1]
  .bss               zero     0x20008004      0x4  tasks.o [1]
  .bss               zero     0x20008008      0x4  tasks.o [1]
  .bss               zero     0x2000800c      0x4  tasks.o [1]
  .bss               zero     0x20008010      0x4  tasks.o [1]
  .bss               zero     0x20008014      0x4  tasks.o [1]
  .bss               zero     0x20008018      0x4  timers.o [1]
  .bss               zero     0x2000801c      0x4  timers.o [1]
  .bss               zero     0x20008020      0x4  timers.o [1]
  .bss               zero     0x20008024      0x4  timers.o [1]
  .bss               zero     0x20008028      0x1  gfx_mk.o [1]
  .bss               zero     0x20008029      0x1  gfx_mk.o [1]
  .bss               zero     0x2000802a      0x1  gfx_mk.o [1]
  .bss               zero     0x2000802b      0x1  ltdc_drv.o [1]
  .bss               zero     0x2000802c      0x1  port.o [1]
                            - 0x2000802d   0x7fad

"P2", part 3 of 3:                          0x460
  CSTACK                      0x20008030    0x460  <Block>
    CSTACK           uninit   0x20008030    0x460  <Block tail>
                            - 0x20008490    0x460


*******************************************************************************
*** INIT TABLE
***

          Address     Size
          -------     ----
Zero (__iar_zero_init3)
    1 destination range, total size 0x7fad:
          0x20000080  0x7fad

Copy (__iar_copy_init3)
    1 source range, total size 0x80 (102% of destination):
          0x0802ea60    0x80
    1 destination range, total size 0x7d:
          0x20000000    0x7d



*******************************************************************************
*** MODULE SUMMARY
***

    Module                       ro code  ro data  rw data
    ------                       -------  -------  -------
C:\Users\pitic\Documents\GitHub\temp\test_prj_070916\Debug\Obj: [1]
    cmsis_os.o                       492
    dims_rtc.o                       168                32
    gdisp_lld_framebuffer.o        1 202       96
    gfx_mk.o                      28 700  142 998      799
    gmouse_lld_FT5336.o              470       60
    gui.o                          2 484      344      128
    heap_4.o                         624        4   30 744
    list.o                           152
    ltdc_drv.o                       862        4      173
    main.o                           844       28      296
    port.o                           564        8        9
    portasm.o                        172
    queue.o                        2 070                64
    startup_stm32f746xx.o            836
    stm32746g_discovery_sdram.o      868        1      185
    stm32f7_i2c.o                    584        2
    stm32f7xx_hal.o                  104                 4
    stm32f7xx_hal_cortex.o           424
    stm32f7xx_hal_dma.o              776        8
    stm32f7xx_hal_gpio.o             612
    stm32f7xx_hal_ltdc.o           1 380
    stm32f7xx_hal_msp.o              316
    stm32f7xx_hal_pwr_ex.o           136
    stm32f7xx_hal_rcc.o            2 200       16
    stm32f7xx_hal_rcc_ex.o         1 948
    stm32f7xx_hal_rtc.o              234
    stm32f7xx_hal_rtc_ex.o            28
    stm32f7xx_hal_sdram.o            164
    stm32f7xx_hal_uart.o           2 068
    stm32f7xx_it.o                    84
    stm32f7xx_ll_fmc.o               356
    system_stm32f7xx.o               108        4        4
    tasks.o                        2 956        8      316
    timers.o                       1 212       16       56
    ------------------------------------------------------
    Total:                        56 198  143 597   32 810

command line: [2]
    ------------------------------------------------------
    Total:

dl7M_tlf.a: [3]
    abs.o                              8
    exit.o                             4
    low_level_init.o                   4
    ------------------------------------------------------
    Total:                            16

m7M_tls.a: [4]
    fpinit_M.o                        34
    ------------------------------------------------------
    Total:                            34

rt7M_tl.a: [5]
    ABImemclr4.o                       6
    ABImemcpy.o                      166
    ABImemset.o                      102
    ABImemset48.o                     50
    cexit.o                           10
    cmain.o                           30
    copy_init3.o                      44
    cstartup_M.o                      12
    data_init.o                       40
    strlen.o                          54
    strncpy.o                        112
    zero_init3.o                      64
    ------------------------------------------------------
    Total:                           690

shb_l.a: [6]
    exit.o                            20
    ------------------------------------------------------
    Total:                            20

    Gaps                                        6
    Linker created                             39    1 120
----------------------------------------------------------
    Grand Total:                  56 958  143 642   33 930


*******************************************************************************
*** ENTRY LIST
***

Entry                      Address    Size  Type      Object
-----                      -------    ----  ----      ------
.iar.init_table$$Base   0x08030298           --   Gb  - Linker created -
.iar.init_table$$Limit  0x080302bc           --   Gb  - Linker created -
?main                   0x08030301          Code  Gb  cmain.o [5]
APBAHBPrescTable        0x08030870    0x10  Data  Gb  stm32f7xx_hal_rcc.o [1]
AllKeyboards            0x20007f70     0x4  Data  Lc  gfx_mk.o [1]
Assignments             0x20007880   0x200  Data  Lc  gfx_mk.o [1]
BSP_SDRAM_DMA_IRQHandler
                        0x08009a07     0xc  Code  Gb  stm32746g_discovery_sdram.o [1]
BSP_SDRAM_Init          0x080098b5    0xa4  Code  Gb  stm32746g_discovery_sdram.o [1]
BSP_SDRAM_Init::sdramstatus
                        0x2000007c     0x1  Data  Lc  stm32746g_discovery_sdram.o [1]
BSP_SDRAM_Initialization_sequence
                        0x08009959    0xae  Code  Gb  stm32746g_discovery_sdram.o [1]
BSP_SDRAM_MspInit::dma_handle
                        0x20007ce8    0x58  Data  Lc  stm32746g_discovery_sdram.o [1]
BlackWidgetStyle        0x0802f86c    0x38  Data  Gb  gfx_mk.o [1]
BusFault_Handler        0x0802f0db     0x2  Code  Gb  stm32f7xx_it.o [1]
ButtonKeyboard          0x080036fb    0x2c  Code  Lc  gfx_mk.o [1]
ButtonMouseDown         0x080036cd    0x10  Code  Lc  gfx_mk.o [1]
ButtonMouseUp           0x080036dd    0x1e  Code  Lc  gfx_mk.o [1]
CPU_CACHE_Enable        0x0800a7f5     0xc  Code  Lc  main.o [1]
CSTACK$$Base            0x20008030           --   Gb  - Linker created -
CSTACK$$Limit           0x20008490           --   Gb  - Linker created -
CalibrateMouse          0x08006d77   0x358  Code  Lc  gfx_mk.o [1]
CalibrationCalculate    0x08006901   0x476  Code  Lc  gfx_mk.o [1]
CalibrationCrossClear   0x080068e1    0x20  Code  Lc  gfx_mk.o [1]
CalibrationCrossDraw    0x08006701   0x1d6  Code  Lc  gfx_mk.o [1]
CalibrationTransform    0x080061a7    0x76  Code  Lc  gfx_mk.o [1]
CheckboxKeyboard        0x08003dfb    0x22  Code  Lc  gfx_mk.o [1]
CheckboxMouseDown       0x08003de1    0x1a  Code  Lc  gfx_mk.o [1]
Command                 0x20007f08    0x10  Data  Lc  stm32746g_discovery_sdram.o [1]
ContainerBorderSize     0x08004b37    0x10  Code  Lc  gfx_mk.o [1]
CustomStyle             0x0802f8a4    0x38  Data  Gb  gui.o [1]
DIMS_RTC_BkupRestoreParameter
                        0x0800a4b3     0xc  Code  Gb  dims_rtc.o [1]
DIMS_RTC_BkupSaveParameter
                        0x0800a4a5     0xe  Code  Gb  dims_rtc.o [1]
DIMS_RTC_CalendarBkupInit
                        0x0800a425    0x3e  Code  Gb  dims_rtc.o [1]
DMA2D_FillBuffer        0x08008d73    0x38  Code  Lc  gdisp_lld_framebuffer.o [1]
DMA2_Stream0_IRQHandler
                        0x0802f121     0x8  Code  Gb  stm32f7xx_it.o [1]
DMA2_Stream1_IRQHandler
                        0x0802f10b     0xa  Code  Gb  stm32f7xx_it.o [1]
DMA2_Stream6_IRQHandler
                        0x0802f101     0xa  Code  Gb  stm32f7xx_it.o [1]
DMA_CalcBaseAndBitshift
                        0x0800ab83    0x30  Code  Lc  stm32f7xx_hal_dma.o [1]
DMA_CalcBaseAndBitshift::flagBitshiftOffset
                        0x08030d60     0x8  Data  Lc  stm32f7xx_hal_dma.o [1]
DebugMon_Handler        0x0802f0df     0x2  Code  Gb  stm32f7xx_it.o [1]
Eng1SKeys               0x0802ecb0    0x6c  Data  Lc  gfx_mk.o [1]
Eng1Set0                0x2000000c    0x14  Data  Lc  gfx_mk.o [1]
Eng1Set0Row3            0x08030cd0     0x8  Data  Lc  gfx_mk.o [1]
Eng1Set1                0x20000020    0x14  Data  Lc  gfx_mk.o [1]
Eng1Set1Row0            0x08030aac     0xc  Data  Lc  gfx_mk.o [1]
Eng1Set1Row1            0x08030ab8     0xc  Data  Lc  gfx_mk.o [1]
Eng1Set2                0x20000034    0x14  Data  Lc  gfx_mk.o [1]
Eng1Set3                0x20000048    0x18  Data  Lc  gfx_mk.o [1]
Eng1Set4                0x20000060    0x14  Data  Lc  gfx_mk.o [1]
Eng1Sets                0x08030530    0x18  Data  Lc  gfx_mk.o [1]
FMC_SDRAM_Init          0x0800c5f9    0x74  Code  Gb  stm32f7xx_ll_fmc.o [1]
FMC_SDRAM_ProgramRefreshRate
                        0x0800c751     0xc  Code  Gb  stm32f7xx_ll_fmc.o [1]
FMC_SDRAM_SendCommand   0x0800c703    0x4e  Code  Gb  stm32f7xx_ll_fmc.o [1]
FMC_SDRAM_Timing_Init   0x0800c66d    0x96  Code  Gb  stm32f7xx_ll_fmc.o [1]
GDISP                   0x20007f48     0x4  Data  Gb  gfx_mk.o [1]
GDISPVMT_OnlyOne        0x0802edf0    0x60  Data  Gb  gdisp_lld_framebuffer.o [1]
GMOUSEVMT_OnlyOne       0x0802f718    0x3c  Data  Gb  gmouse_lld_FT5336.o [1]
GNullWindowManager      0x08030dd8     0x4  Data  Gb  gfx_mk.o [1]
GNullWindowManagerVMT   0x08030250    0x24  Data  Lc  gfx_mk.o [1]
GTimerThreadHandler     0x08002575   0x13a  Code  Lc  gfx_mk.o [1]
GUI_Thread              0x0800a753    0x28  Code  Lc  main.o [1]
GUI_ThreadId            0x20007fd0     0x4  Data  Gb  main.o [1]
GetMouseReading         0x080062dd   0x3f2  Code  Lc  gfx_mk.o [1]
HAL_DMA_DeInit          0x0800a93f    0x6a  Code  Gb  stm32f7xx_hal_dma.o [1]
HAL_DMA_IRQHandler      0x0800a9a9   0x1da  Code  Gb  stm32f7xx_hal_dma.o [1]
HAL_DMA_Init            0x0800a8bd    0x82  Code  Gb  stm32f7xx_hal_dma.o [1]
HAL_Delay               0x0800a857    0x1c  Code  Gb  main.o [1]
HAL_GPIO_Init           0x08009f79   0x1fe  Code  Gb  stm32f7xx_hal_gpio.o [1]
HAL_GPIO_ReadPin        0x0800a177    0x12  Code  Gb  stm32f7xx_hal_gpio.o [1]
HAL_GPIO_WritePin       0x0800a189    0x14  Code  Gb  stm32f7xx_hal_gpio.o [1]
HAL_GetTick             0x0800d9d1     0xc  Code  Wk  stm32f7xx_hal.o [1]
HAL_IncTick             0x0802f129    0x10  Code  Wk  stm32f7xx_hal.o [1]
HAL_Init                0x0800cf6d    0x22  Code  Gb  stm32f7xx_hal.o [1]
HAL_InitTick            0x0800d9df    0x24  Code  Wk  stm32f7xx_hal.o [1]
HAL_LTDC_ConfigColorKeying
                        0x0800b741    0x5a  Code  Gb  stm32f7xx_hal_ltdc.o [1]
HAL_LTDC_ConfigLayer    0x0800b6ef    0x52  Code  Gb  stm32f7xx_hal_ltdc.o [1]
HAL_LTDC_EnableColorKeying
                        0x0800b79b    0x4e  Code  Gb  stm32f7xx_hal_ltdc.o [1]
HAL_LTDC_IRQHandler     0x0800b635    0xba  Code  Gb  stm32f7xx_hal_ltdc.o [1]
HAL_LTDC_Init           0x0800b509   0x12c  Code  Gb  stm32f7xx_hal_ltdc.o [1]
HAL_LTDC_LineEventCallback
                        0x08009f61    0x16  Code  Gb  ltdc_drv.o [1]
HAL_LTDC_MspInit        0x08009c19   0x16c  Code  Lc  ltdc_drv.o [1]
HAL_LTDC_ProgramLineEvent
                        0x0800b7e9    0x38  Code  Gb  stm32f7xx_hal_ltdc.o [1]
HAL_MPU_ConfigRegion    0x0800acc9    0x58  Code  Gb  stm32f7xx_hal_cortex.o [1]
HAL_MPU_Disable         0x0800a5e9    0x1a  Code  Lc  main.o [1]
HAL_MPU_Enable          0x0800a603    0x16  Code  Lc  main.o [1]
HAL_MspInit             0x0800da05    0x16  Code  Gb  stm32f7xx_hal_msp.o [1]
HAL_NVIC_EnableIRQ      0x0800acb7     0xa  Code  Gb  stm32f7xx_hal_cortex.o [1]
HAL_NVIC_SetPriority    0x0800ac95    0x22  Code  Gb  stm32f7xx_hal_cortex.o [1]
HAL_NVIC_SetPriorityGrouping
                        0x0800ac8d     0x8  Code  Gb  stm32f7xx_hal_cortex.o [1]
HAL_PWREx_EnableOverDrive
                        0x0800d949    0x7c  Code  Gb  stm32f7xx_hal_pwr_ex.o [1]
HAL_RCCEx_PeriphCLKConfig
                        0x0800ad6d   0x76e  Code  Gb  stm32f7xx_hal_rcc_ex.o [1]
HAL_RCC_ClockConfig     0x0800c25d   0x258  Code  Gb  stm32f7xx_hal_rcc.o [1]
HAL_RCC_GetHCLKFreq     0x0800c541    0x28  Code  Gb  stm32f7xx_hal_rcc.o [1]
HAL_RCC_GetPCLK1Freq    0x0800c569    0x20  Code  Gb  stm32f7xx_hal_rcc.o [1]
HAL_RCC_GetPCLK2Freq    0x0800c589    0x20  Code  Gb  stm32f7xx_hal_rcc.o [1]
HAL_RCC_GetSysClockFreq
                        0x0800c4b5    0x8c  Code  Gb  stm32f7xx_hal_rcc.o [1]
HAL_RCC_OscConfig       0x0800bd45   0x518  Code  Gb  stm32f7xx_hal_rcc.o [1]
HAL_RTCEx_BKUPRead      0x0800c5eb     0xe  Code  Gb  stm32f7xx_hal_rtc_ex.o [1]
HAL_RTCEx_BKUPWrite     0x0800c5dd     0xe  Code  Gb  stm32f7xx_hal_rtc_ex.o [1]
HAL_RTC_Init            0x0800bc59    0xac  Code  Gb  stm32f7xx_hal_rtc.o [1]
HAL_RTC_MspInit         0x0800a463    0x42  Code  Gb  dims_rtc.o [1]
HAL_SDRAM_Init          0x0800a4cd    0x44  Code  Gb  stm32f7xx_hal_sdram.o [1]
HAL_SDRAM_ProgramRefreshRate
                        0x0800a549    0x26  Code  Gb  stm32f7xx_hal_sdram.o [1]
HAL_SDRAM_SendCommand   0x0800a511    0x38  Code  Gb  stm32f7xx_hal_sdram.o [1]
HAL_SYSTICK_CLKSourceConfig
                        0x0800ad21    0x20  Code  Gb  stm32f7xx_hal_cortex.o [1]
HAL_SYSTICK_Config      0x0800acc1     0x8  Code  Gb  stm32f7xx_hal_cortex.o [1]
HAL_UART_IRQHandler     0x0800c7db    0xf0  Code  Gb  stm32f7xx_hal_uart.o [1]
HAL_UART_Init           0x0800c75d    0x7e  Code  Gb  stm32f7xx_hal_uart.o [1]
HAL_UART_MspInit        0x0800da1b   0x106  Code  Gb  stm32f7xx_hal_msp.o [1]
HardFault_Handler       0x0802f0d7     0x2  Code  Gb  stm32f7xx_it.o [1]
KeyFindKey              0x08004e59   0x114  Code  Lc  gfx_mk.o [1]
KeyMouseMove            0x0800506b    0x36  Code  Lc  gfx_mk.o [1]
KeyMouseUp              0x08004f6d    0xfe  Code  Lc  gfx_mk.o [1]
LTDC_IRQHandler         0x08009f25     0xa  Code  Gb  ltdc_drv.o [1]
LTDC_SetConfig          0x0800b821   0x238  Code  Lc  stm32f7xx_hal_ltdc.o [1]
LTDC_drv_fb_update      0x08009ecb    0x3e  Code  Gb  ltdc_drv.o [1]
LTDC_drv_get_free_fb_addr
                        0x08009f09    0x1c  Code  Gb  ltdc_drv.o [1]
LTDC_drv_init           0x08009e9b    0x30  Code  Gb  ltdc_drv.o [1]
LTDC_layers_init        0x08009e1f    0x7c  Code  Lc  ltdc_drv.o [1]
LTDC_ltdc_init          0x08009d85    0x9a  Code  Lc  ltdc_drv.o [1]
ListDestroy             0x08004623    0x1e  Code  Lc  gfx_mk.o [1]
ListMouseDown           0x08004439   0x13a  Code  Lc  gfx_mk.o [1]
ListMouseMove           0x080045b3    0x70  Code  Lc  gfx_mk.o [1]
ListMouseSelect         0x080043c9    0x70  Code  Lc  gfx_mk.o [1]
ListMouseUp             0x08004573    0x40  Code  Lc  gfx_mk.o [1]
LoadMouseCalibration    0x08009189    0x46  Code  Gb  gmouse_lld_FT5336.o [1]
MPU_Config              0x0800a801    0x56  Code  Lc  main.o [1]
MS2ST                   0x0800024d     0x8  Code  Gb  gfx_mk.o [1]
MX_DMA_Init             0x0800a671    0x40  Code  Gb  main.o [1]
MX_USART6_UART_Init     0x0800a619    0x58  Code  Gb  main.o [1]
MemManage_Handler       0x0802f0d9     0x2  Code  Gb  stm32f7xx_it.o [1]
MousePoll               0x080066cf    0x32  Code  Lc  gfx_mk.o [1]
MouseTimer              0x20007e44    0x1c  Data  Lc  gfx_mk.o [1]
NMI_Handler             0x0802f0d5     0x2  Code  Gb  stm32f7xx_it.o [1]
NVIC_EnableIRQ          0x0800abeb    0x14  Code  Lc  stm32f7xx_hal_cortex.o [1]
NVIC_EncodePriority     0x0800ac21    0x3e  Code  Lc  stm32f7xx_hal_cortex.o [1]
NVIC_GetPriorityGrouping
                        0x0800abe1     0xa  Code  Lc  stm32f7xx_hal_cortex.o [1]
NVIC_SetPriority        0x0800abff    0x22  Code  Lc  stm32f7xx_hal_cortex.o [1]
NVIC_SetPriorityGrouping
                        0x0800abc5    0x1c  Code  Lc  stm32f7xx_hal_cortex.o [1]
NumKeyRows              0x08004d85    0x14  Code  Lc  gfx_mk.o [1]
PendSV_Handler          0x080097d5          Code  Gb  portasm.o [1]
RTC_EnterInitMode       0x0800bd09    0x3a  Code  Gb  stm32f7xx_hal_rtc.o [1]
RadioMouseDown          0x080041ed     0x8  Code  Lc  gfx_mk.o [1]
RedrawPending           0x2000802a     0x1  Data  Lc  gfx_mk.o [1]
Region$$Table$$Base     0x08030298           --   Gb  - Linker created -
Region$$Table$$Limit    0x080302bc           --   Gb  - Linker created -
RtcHandle               0x20007e24    0x20  Data  Gb  dims_rtc.o [1]
SCB_EnableDCache        0x0800a595    0x54  Code  Lc  main.o [1]
SCB_EnableICache        0x0800a571    0x24  Code  Lc  main.o [1]
SVC_Handler             0x08009831          Code  Gb  portasm.o [1]
SaveMouseCalibration    0x080091cf    0x38  Code  Gb  gmouse_lld_FT5336.o [1]
SendCheckboxEvent       0x08003d9d    0x44  Code  Lc  gfx_mk.o [1]
SendKeyboardEvent       0x08004e17    0x3c  Code  Lc  gfx_mk.o [1]
SendKeyboardEventToListener
                        0x08004d99    0x7e  Code  Lc  gfx_mk.o [1]
SendMouseEvent          0x0800621d    0xc0  Code  Lc  gfx_mk.o [1]
SendRadioEvent          0x080041b5    0x38  Code  Lc  gfx_mk.o [1]
SendSliderEvent         0x080038f3    0x6a  Code  Lc  gfx_mk.o [1]
SetDisplayPosFromMouse  0x080039ab    0x50  Code  Lc  gfx_mk.o [1]
SliderCalcPosFromDPos   0x08003831    0xc2  Code  Lc  gfx_mk.o [1]
SliderMouseDown         0x08003a27    0x1e  Code  Lc  gfx_mk.o [1]
SliderMouseMove         0x08003a45    0x1e  Code  Lc  gfx_mk.o [1]
SliderMouseUp           0x080039fb    0x2c  Code  Lc  gfx_mk.o [1]
SliderResetDisplayPos   0x0800395d    0x4e  Code  Lc  gfx_mk.o [1]
StartupLogoDisplay      0x08001577    0x8a  Code  Lc  gfx_mk.o [1]
StartupLogoDisplay::blks
                        0x0802e9e0    0x80  Data  Lc  gfx_mk.o [1]
SysTick_Config          0x0800ac5f    0x2e  Code  Lc  stm32f7xx_hal_cortex.o [1]
SysTick_Handler         0x0802f0e1    0x14  Code  Gb  stm32f7xx_it.o [1]
SystemClock_Config      0x0800a77d    0x78  Code  Lc  main.o [1]
SystemCoreClock         0x20000078     0x4  Data  Gb  system_stm32f7xx.o [1]
SystemInit              0x0802ed1d    0x4c  Code  Gb  system_stm32f7xx.o [1]
TIM3_IRQHandler         0x0802f0f5     0x2  Code  Gb  stm32f7xx_it.o [1]
TS_TimerCallback        0x0800a77b     0x2  Code  Lc  main.o [1]
TextEditKeyboard        0x08005edb   0x12e  Code  Lc  gfx_mk.o [1]
TextEditMouseDown       0x08005e8f    0x4c  Code  Lc  gfx_mk.o [1]
Timing                  0x20007e60    0x1c  Data  Lc  stm32746g_discovery_sdram.o [1]
UART_AdvFeatureConfig   0x0800ce39    0xda  Code  Gb  stm32f7xx_hal_uart.o [1]
UART_CheckIdleState     0x0800cf13    0x58  Code  Gb  stm32f7xx_hal_uart.o [1]
UART_EndTransmit_IT     0x0800ca47    0x2c  Code  Lc  stm32f7xx_hal_uart.o [1]
UART_Receive_IT         0x0800ca73    0xa0  Code  Lc  stm32f7xx_hal_uart.o [1]
UART_SetConfig          0x0800cb13   0x2f6  Code  Gb  stm32f7xx_hal_uart.o [1]
UART_Transmit_IT        0x0800c9a9    0x9e  Code  Lc  stm32f7xx_hal_uart.o [1]
UART_WaitOnFlagUntilTimeout
                        0x0800c8cb    0xde  Code  Gb  stm32f7xx_hal_uart.o [1]
UCode2UTF8              0x08004d33    0x52  Code  Lc  gfx_mk.o [1]
USART6_IRQHandler       0x0802f0f7     0xa  Code  Gb  stm32f7xx_it.o [1]
UTF8CharAt              0x08004c73    0xc0  Code  Lc  gfx_mk.o [1]
UTF8StrLen              0x08004bef    0x84  Code  Lc  gfx_mk.o [1]
UsageFault_Handler      0x0802f0dd     0x2  Code  Gb  stm32f7xx_it.o [1]
VirtualKeyboard_English1
                        0x08030cd8     0x8  Data  Gb  gfx_mk.o [1]
WM_Add                  0x0800311f    0x42  Code  Lc  gfx_mk.o [1]
WM_DeInit               0x0800311d     0x2  Code  Lc  gfx_mk.o [1]
WM_Delete               0x08003161     0xe  Code  Lc  gfx_mk.o [1]
WM_Init                 0x0800311b     0x2  Code  Lc  gfx_mk.o [1]
WM_MinMax               0x0800369b     0x2  Code  Lc  gfx_mk.o [1]
WM_Move                 0x080034a5   0x1f6  Code  Lc  gfx_mk.o [1]
WM_Raise                0x0800369d    0x1c  Code  Lc  gfx_mk.o [1]
WM_Redraw               0x0800316f   0x17c  Code  Lc  gfx_mk.o [1]
WM_Size                 0x08003309   0x19c  Code  Lc  gfx_mk.o [1]
WhiteWidgetStyle        0x0802f834    0x38  Data  Gb  gfx_mk.o [1]
_GWINList               0x20007f30     0x8  Data  Lc  gfx_mk.o [1]
_GWINwm                 0x20007f6c     0x4  Data  Gb  gfx_mk.o [1]
__aeabi_memclr4         0x08008b3d          Code  Gb  ABImemclr4.o [5]
__aeabi_memcpy          0x08007455          Code  Gb  ABImemcpy.o [5]
__aeabi_memcpy4         0x08007475          Code  Gb  ABImemcpy.o [5]
__aeabi_memcpy8         0x08007475          Code  Gb  ABImemcpy.o [5]
__aeabi_memset          0x08008ad5          Code  Gb  ABImemset.o [5]
__cmain                 0x08030301          Code  Gb  cmain.o [5]
[...]
mf_rlefont_MagistralTT24_glyph_data_12
                        0x080168f4   0xde0  Data  Lc  gfx_mk.o [1]
mf_rlefont_MagistralTT24_glyph_data_2
                        0x0802f360    0x44  Data  Lc  gfx_mk.o [1]
mf_rlefont_MagistralTT24_glyph_data_3
                        0x0802fdb8    0x2c  Data  Lc  gfx_mk.o [1]
mf_rlefont_MagistralTT24_glyph_data_4
                        0x08030364    0x1c  Data  Lc  gfx_mk.o [1]
mf_rlefont_MagistralTT24_glyph_data_5
                        0x0802fe38    0x28  Data  Lc  gfx_mk.o [1]
mf_rlefont_MagistralTT24_glyph_data_6
                        0x0802f3a4    0x44  Data  Lc  gfx_mk.o [1]
mf_rlefont_MagistralTT24_glyph_data_7
                        0x08030a94     0xc  Data  Lc  gfx_mk.o [1]
mf_rlefont_MagistralTT24_glyph_data_8
                        0x080304e8    0x18  Data  Lc  gfx_mk.o [1]
mf_rlefont_MagistralTT24_glyph_data_9
                        0x0802efd0    0x5c  Data  Lc  gfx_mk.o [1]
mf_rlefont_MagistralTT24_glyph_offsets_0
                        0x0802ddc0    0xc0  Data  Lc  gfx_mk.o [1]
mf_rlefont_MagistralTT24_glyph_offsets_1
                        0x0802b5e8   0x1c0  Data  Lc  gfx_mk.o [1]
mf_rlefont_MagistralTT24_glyph_offsets_10
                        0x08030f86     0x2  Data  Lc  gfx_mk.o [1]
mf_rlefont_MagistralTT24_glyph_offsets_11
                        0x08030f88     0x2  Data  Lc  gfx_mk.o [1]
mf_rlefont_MagistralTT24_glyph_offsets_12
                        0x0802e324    0xa4  Data  Lc  gfx_mk.o [1]
mf_rlefont_MagistralTT24_glyph_offsets_2
                        0x08030f7e     0x2  Data  Lc  gfx_mk.o [1]
mf_rlefont_MagistralTT24_glyph_offsets_3
                        0x08030dc8     0x4  Data  Lc  gfx_mk.o [1]
mf_rlefont_MagistralTT24_glyph_offsets_4
                        0x08030dcc     0x4  Data  Lc  gfx_mk.o [1]
mf_rlefont_MagistralTT24_glyph_offsets_5
                        0x08030ca8     0x8  Data  Lc  gfx_mk.o [1]
mf_rlefont_MagistralTT24_glyph_offsets_6
                        0x0802f3e8    0x44  Data  Lc  gfx_mk.o [1]
mf_rlefont_MagistralTT24_glyph_offsets_7
                        0x08030f80     0x2  Data  Lc  gfx_mk.o [1]
mf_rlefont_MagistralTT24_glyph_offsets_8
                        0x08030f82     0x2  Data  Lc  gfx_mk.o [1]
mf_rlefont_MagistralTT24_glyph_offsets_9
                        0x08030f84     0x2  Data  Lc  gfx_mk.o [1]
mf_rlefont_MagistralTT24_listentry
                        0x08030cb0     0x8  Data  Lc  gfx_mk.o [1]
mf_rlefont_MagistralTT26
                        0x0802fd04    0x30  Data  Gb  gfx_mk.o [1]
mf_rlefont_MagistralTT26_char_ranges
                        0x0802e8b4    0x9c  Data  Lc  gfx_mk.o [1]
mf_rlefont_MagistralTT26_dictionary_data
                        0x0801dc40   0x918  Data  Lc  gfx_mk.o [1]
mf_rlefont_MagistralTT26_dictionary_offsets
                        0x0802ab54   0x1d4  Data  Lc  gfx_mk.o [1]
mf_rlefont_MagistralTT26_glyph_data_0
                        0x08015ae8   0xe0c  Data  Lc  gfx_mk.o [1]
mf_rlefont_MagistralTT26_glyph_data_1
                        0x08010838  0x1294  Data  Lc  gfx_mk.o [1]
mf_rlefont_MagistralTT26_glyph_data_10
                        0x0802eb60    0x74  Data  Lc  gfx_mk.o [1]
mf_rlefont_MagistralTT26_glyph_data_11
                        0x08030518    0x18  Data  Lc  gfx_mk.o [1]
mf_rlefont_MagistralTT26_glyph_data_12
                        0x08013c98   0xf68  Data  Lc  gfx_mk.o [1]
mf_rlefont_MagistralTT26_glyph_data_2
                        0x0802f42c    0x44  Data  Lc  gfx_mk.o [1]
mf_rlefont_MagistralTT26_glyph_data_3
                        0x0802fcd4    0x30  Data  Lc  gfx_mk.o [1]
mf_rlefont_MagistralTT26_glyph_data_4
                        0x08030500    0x18  Data  Lc  gfx_mk.o [1]
mf_rlefont_MagistralTT26_glyph_data_5
                        0x0803022c    0x24  Data  Lc  gfx_mk.o [1]
mf_rlefont_MagistralTT26_glyph_data_6
                        0x0802f080    0x54  Data  Lc  gfx_mk.o [1]
mf_rlefont_MagistralTT26_glyph_data_7
                        0x08030cc0     0x8  Data  Lc  gfx_mk.o [1]
mf_rlefont_MagistralTT26_glyph_data_8
                        0x08030aa0     0xc  Data  Lc  gfx_mk.o [1]
mf_rlefont_MagistralTT26_glyph_data_9
                        0x0802ec44    0x6c  Data  Lc  gfx_mk.o [1]
mf_rlefont_MagistralTT26_glyph_offsets_0
                        0x0802de80    0xc0  Data  Lc  gfx_mk.o [1]
mf_rlefont_MagistralTT26_glyph_offsets_1
                        0x0802b7a8   0x1c0  Data  Lc  gfx_mk.o [1]
mf_rlefont_MagistralTT26_glyph_offsets_10
                        0x08030f92     0x2  Data  Lc  gfx_mk.o [1]
mf_rlefont_MagistralTT26_glyph_offsets_11
                        0x08030f94     0x2  Data  Lc  gfx_mk.o [1]
mf_rlefont_MagistralTT26_glyph_offsets_12
                        0x0802e3c8    0xa4  Data  Lc  gfx_mk.o [1]
mf_rlefont_MagistralTT26_glyph_offsets_2
                        0x08030f8a     0x2  Data  Lc  gfx_mk.o [1]
mf_rlefont_MagistralTT26_glyph_offsets_3
                        0x08030dd0     0x4  Data  Lc  gfx_mk.o [1]
mf_rlefont_MagistralTT26_glyph_offsets_4
                        0x08030dd4     0x4  Data  Lc  gfx_mk.o [1]
mf_rlefont_MagistralTT26_glyph_offsets_5
                        0x08030cb8     0x8  Data  Lc  gfx_mk.o [1]
mf_rlefont_MagistralTT26_glyph_offsets_6
                        0x0802f470    0x44  Data  Lc  gfx_mk.o [1]
mf_rlefont_MagistralTT26_glyph_offsets_7
                        0x08030f8c     0x2  Data  Lc  gfx_mk.o [1]
mf_rlefont_MagistralTT26_glyph_offsets_8
                        0x08030f8e     0x2  Data  Lc  gfx_mk.o [1]
mf_rlefont_MagistralTT26_glyph_offsets_9
                        0x08030f90     0x2  Data  Lc  gfx_mk.o [1]
mf_rlefont_MagistralTT26_listentry
                        0x08030cc8     0x8  Data  Lc  gfx_mk.o [1]
mf_rlefont_UI1          0x0802fb54    0x30  Data  Gb  gfx_mk.o [1]
mf_rlefont_UI1_Double   0x080300e8    0x24  Data  Gb  gfx_mk.o [1]
mf_rlefont_UI1_Double_listentry
                        0x08030c20     0x8  Data  Lc  gfx_mk.o [1]
mf_rlefont_UI1_Narrow   0x080300c4    0x24  Data  Gb  gfx_mk.o [1]
mf_rlefont_UI1_Narrow_listentry
                        0x08030c28     0x8  Data  Lc  gfx_mk.o [1]
mf_rlefont_UI1_char_ranges
                        0x080300a0    0x24  Data  Lc  gfx_mk.o [1]
mf_rlefont_UI1_dictionary_data
                        0x0802c574   0x11c  Data  Lc  gfx_mk.o [1]
mf_rlefont_UI1_dictionary_offsets
                        0x0802cc48    0xd8  Data  Lc  gfx_mk.o [1]
mf_rlefont_UI1_glyph_data_0
                        0x08030d94     0x4  Data  Lc  gfx_mk.o [1]
mf_rlefont_UI1_glyph_data_1
                        0x08028c7c   0x314  Data  Lc  gfx_mk.o [1]
mf_rlefont_UI1_glyph_data_2
                        0x08028f90   0x314  Data  Lc  gfx_mk.o [1]
mf_rlefont_UI1_glyph_offsets_0
                        0x08008ffe     0x2  Data  Lc  gfx_mk.o [1]
mf_rlefont_UI1_glyph_offsets_1
                        0x0802cdf8    0xc8  Data  Lc  gfx_mk.o [1]
mf_rlefont_UI1_glyph_offsets_2
                        0x0802cd20    0xd8  Data  Lc  gfx_mk.o [1]
mf_rlefont_UI1_listentry
                        0x08030c30     0x8  Data  Lc  gfx_mk.o [1]
mf_rlefont_UI2          0x0802fb84    0x30  Data  Gb  gfx_mk.o [1]
mf_rlefont_UI2_Double   0x08030130    0x24  Data  Gb  gfx_mk.o [1]
mf_rlefont_UI2_Double_listentry
                        0x08030c38     0x8  Data  Lc  gfx_mk.o [1]
mf_rlefont_UI2_Narrow   0x0803010c    0x24  Data  Gb  gfx_mk.o [1]
mf_rlefont_UI2_Narrow_listentry
                        0x08030c40     0x8  Data  Lc  gfx_mk.o [1]
mf_rlefont_UI2_char_ranges
                        0x08030a34     0xc  Data  Lc  gfx_mk.o [1]
mf_rlefont_UI2_dictionary_data
                        0x0802e46c    0xa0  Data  Lc  gfx_mk.o [1]
mf_rlefont_UI2_dictionary_offsets
                        0x0802eae4    0x7c  Data  Lc  gfx_mk.o [1]
mf_rlefont_UI2_glyph_data_0
                        0x08028944   0x338  Data  Lc  gfx_mk.o [1]
mf_rlefont_UI2_glyph_offsets_0
                        0x0802d940    0xc0  Data  Lc  gfx_mk.o [1]
mf_rlefont_UI2_listentry
                        0x08030c48     0x8  Data  Lc  gfx_mk.o [1]
mf_rlefont_character_width
                        0x080008a5    0x14  Code  Gb  gfx_mk.o [1]
mf_rlefont_render_character
                        0x08000843    0x62  Code  Gb  gfx_mk.o [1]
mf_round_to_prev_tab    0x08000ca7    0x40  Code  Lc  gfx_mk.o [1]
mf_round_to_tab         0x08000c67    0x40  Code  Lc  gfx_mk.o [1]
mf_scaled_character_width
                        0x08000b27    0x1a  Code  Gb  gfx_mk.o [1]
mf_scaled_render_character
                        0x08000b41    0x4c  Code  Gb  gfx_mk.o [1]
mf_wordwrap             0x08001203    0xfc  Code  Gb  gfx_mk.o [1]
mutex                   0x20007f50     0x4  Data  Lc  gfx_mk.o [1]
osDelay                 0x0800bad7    0x16  Code  Gb  cmsis_os.o [1]
osKernelStart           0x0800ba93     0xa  Code  Gb  cmsis_os.o [1]
osSemaphoreCreate       0x0800bc15    0x30  Code  Gb  cmsis_os.o [1]
osSystickHandler        0x0800bc45    0x10  Code  Gb  cmsis_os.o [1]
osThreadCreate          0x0800ba9d    0x3a  Code  Gb  cmsis_os.o [1]
osTimerCreate           0x0800baed    0x1e  Code  Gb  cmsis_os.o [1]
osTimerStart            0x0800bb0b   0x106  Code  Gb  cmsis_os.o [1]
os_semaphore_def_sem_ltdc_fb_chd_id
                        0x08030de0     0x4  Data  Gb  ltdc_drv.o [1]
pTimerHead              0x20007f58     0x4  Data  Lc  gfx_mk.o [1]
pcInterruptPriorityRegisters
                        0x08030dec     0x4  Data  Lc  port.o [1]
prvAddCurrentTaskToDelayedList
                        0x08007db9    0x4a  Code  Lc  tasks.o [1]
prvAllocateTCBAndStack  0x08007e05    0x4a  Code  Lc  tasks.o [1]
prvCheckForValidListAndQueue
                        0x08009713    0x68  Code  Lc  timers.o [1]
prvCheckTasksWaitingTermination
                        0x08007d4f    0x64  Code  Lc  tasks.o [1]
prvCopyDataFromQueue    0x0800873d    0x2a  Code  Lc  queue.o [1]
prvCopyDataToQueue      0x080086b7    0x86  Code  Lc  queue.o [1]
prvDeleteTCB            0x08007e4f    0x12  Code  Lc  tasks.o [1]
prvGetNextExpireTime    0x08009521    0x28  Code  Lc  timers.o [1]
prvHeapInit             0x0800737d    0x62  Code  Lc  heap_4.o [1]
prvIdleTask             0x08007c7d    0x24  Code  Lc  tasks.o [1]
prvInitialiseTCBVariables
                        0x08007ca1    0x58  Code  Lc  tasks.o [1]
prvInitialiseTaskLists  0x08007cf9    0x56  Code  Lc  tasks.o [1]
prvInsertBlockIntoFreeList
                        0x080073df    0x58  Code  Lc  heap_4.o [1]
prvInsertTimerInActiveList
                        0x08009571    0x3e  Code  Lc  timers.o [1]
prvIsQueueEmpty         0x080087d1    0x1c  Code  Lc  queue.o [1]
prvIsQueueFull          0x080087ed    0x1e  Code  Lc  queue.o [1]
prvProcessExpiredTimer  0x0800943f    0x5e  Code  Lc  timers.o [1]
prvProcessReceivedCommands
                        0x080095af    0xe2  Code  Lc  timers.o [1]
prvProcessTimerOrBlockTask
                        0x080094b1    0x70  Code  Lc  timers.o [1]
prvResetNextTaskUnblockTime
                        0x08007e61    0x24  Code  Lc  tasks.o [1]
prvSampleTimeNow        0x08009549    0x28  Code  Lc  timers.o [1]
prvSampleTimeNow::xLastTime
                        0x20008024     0x4  Data  Lc  timers.o [1]
prvSwitchTimerLists     0x08009691    0x82  Code  Lc  timers.o [1]
prvTaskExitError        0x080088c5    0x32  Code  Lc  port.o [1]
prvTimerTask            0x0800949d    0x14  Code  Lc  timers.o [1]
prvUnlockQueue          0x08008767    0x6a  Code  Lc  queue.o [1]
pvPortMalloc            0x080071e5   0x11a  Code  Gb  heap_4.o [1]
pvTaskIncrementMutexHeldCount
                        0x0800801d    0x1e  Code  Gb  tasks.o [1]
pxCurrentTCB            0x20007fe0     0x4  Data  Gb  tasks.o [1]
pxCurrentTimerList      0x20008018     0x4  Data  Lc  timers.o [1]
pxDelayedTaskList       0x20007fe4     0x4  Data  Lc  tasks.o [1]
pxEnd                   0x20007fbc     0x4  Data  Lc  heap_4.o [1]
pxOverflowDelayedTaskList
                        0x20007fe8     0x4  Data  Lc  tasks.o [1]
pxOverflowTimerList     0x2000801c     0x4  Data  Lc  timers.o [1]
pxPortInitialiseStack   0x080088a1    0x24  Code  Gb  port.o [1]
pxReadyTasksLists       0x20007b28    0xa0  Data  Lc  tasks.o [1]
radioVMT                0x0802ff00    0x28  Data  Lc  gfx_mk.o [1]
read_byte               0x0800914b    0x10  Code  Lc  gmouse_lld_FT5336.o [1]
read_word               0x0800915b    0x10  Code  Lc  gmouse_lld_FT5336.o [1]
render_char             0x0800090d   0x170  Code  Lc  gfx_mk.o [1]
render_left             0x08000dc9    0x6c  Code  Lc  gfx_mk.o [1]
render_right            0x08000e35    0xae  Code  Lc  gfx_mk.o [1]
resizeText              0x08005e2b    0x64  Code  Lc  gfx_mk.o [1]
scaled_pixel_callback   0x08000acb    0x5c  Code  Lc  gfx_mk.o [1]
sdramHandle             0x20007df0    0x34  Data  Lc  stm32746g_discovery_sdram.o [1]
sem_ltdc_fb_chd_id      0x20007fcc     0x4  Data  Gb  ltdc_drv.o [1]
sendListEvent           0x0800438b    0x38  Code  Lc  gfx_mk.o [1]
skip_pixels             0x080005ff    0x28  Code  Lc  gfx_mk.o [1]
sliderVMT               0x0802fe88    0x28  Data  Lc  gfx_mk.o [1]
sq16                    0x08001143     0x6  Code  Lc  gfx_mk.o [1]
strip_spaces            0x08000d5b    0x6e  Code  Lc  gfx_mk.o [1]
strlen                  0x08009001          Code  Gb  strlen.o [5]
strncpy                 0x08009039          Code  Gb  strncpy.o [5]
texteditVMT             0x0802ff78    0x28  Data  Lc  gfx_mk.o [1]
ticks2ms                0x20007f5c     0x4  Data  Lc  gfx_mk.o [1]
ts_timer                0x20007fd4     0x4  Data  Gb  main.o [1]
tune_lines              0x08001149    0xba  Code  Lc  gfx_mk.o [1]
ucHeap                  0x20000080  0x7800  Data  Lc  heap_4.o [1]
ucMaxSysCallPriority    0x2000802c     0x1  Data  Lc  port.o [1]
ulMaxPRIGROUPValue      0x20007fd8     0x4  Data  Lc  port.o [1]
uwTick                  0x20007fdc     0x4  Data  Lc  stm32f7xx_hal.o [1]
uxCriticalNesting       0x20000074     0x4  Data  Lc  port.o [1]
uxCurrentNumberOfTasks  0x20007ff0     0x4  Data  Lc  tasks.o [1]
uxListRemove            0x080092f1    0x26  Code  Gb  list.o [1]
uxPendedTicks           0x20008000     0x4  Data  Lc  tasks.o [1]
uxSchedulerSuspended    0x20008014     0x4  Data  Lc  tasks.o [1]
uxTaskNumber            0x2000800c     0x4  Data  Lc  tasks.o [1]
uxTasksDeleted          0x20007fec     0x4  Data  Lc  tasks.o [1]
uxTopReadyPriority      0x20007ff8     0x4  Data  Lc  tasks.o [1]
vListInitialise         0x0800927f    0x1e  Code  Gb  list.o [1]
vListInitialiseItem     0x0800929d     0x6  Code  Gb  list.o [1]
vListInsert             0x080092bb    0x36  Code  Gb  list.o [1]
vListInsertEnd          0x080092a3    0x18  Code  Gb  list.o [1]
vPortEnableVFP          0x08009865          Code  Gb  portasm.o [1]
vPortEnterCritical      0x0800898d    0x42  Code  Gb  port.o [1]
vPortExitCritical       0x080089cf    0x36  Code  Gb  port.o [1]
vPortFree               0x080072ff    0x7e  Code  Gb  heap_4.o [1]
vPortStartFirstTask     0x0800984d          Code  Gb  portasm.o [1]
vPortValidateInterruptPriority
                        0x08008a35    0x52  Code  Gb  port.o [1]
vQueueAddToRegistry     0x0800880b    0x24  Code  Gb  queue.o [1]
vQueueDelete            0x0800868d    0x2a  Code  Gb  queue.o [1]
vQueueUnregisterQueue   0x0800882f    0x20  Code  Gb  queue.o [1]
vQueueWaitForMessageRestricted
                        0x0800885d    0x42  Code  Gb  queue.o [1]
vTaskDelay              0x0800766f    0x80  Code  Gb  tasks.o [1]
vTaskMissedYield        0x08007c71     0xa  Code  Gb  tasks.o [1]
vTaskPlaceOnEventList   0x08007a23    0x6c  Code  Gb  tasks.o [1]
vTaskPlaceOnEventListRestricted
                        0x08007aa9    0x78  Code  Gb  tasks.o [1]
vTaskPriorityInherit    0x08007ea9    0xac  Code  Gb  tasks.o [1]
vTaskSetTimeOutState    0x08007bbd    0x2a  Code  Gb  tasks.o [1]
vTaskStartScheduler     0x080076ef    0x7a  Code  Gb  tasks.o [1]
vTaskSuspendAll         0x08007769    0x10  Code  Gb  tasks.o [1]
vTaskSwitchContext      0x080079b1    0x72  Code  Gb  tasks.o [1]
vline_clip              0x080013d1    0x88  Code  Lc  gfx_mk.o [1]
waTimerThread           0x20000000     0x4  Data  Lc  gfx_mk.o [1]
waitsem                 0x20007f18     0xc  Data  Lc  gfx_mk.o [1]
write_bin_codeword      0x0800071b    0x60  Code  Lc  gfx_mk.o [1]
write_glyph_codeword    0x08000817    0x2c  Code  Lc  gfx_mk.o [1]
write_pixels            0x08000591    0x6e  Code  Lc  gfx_mk.o [1]
write_ref_codeword      0x0800077b    0x50  Code  Lc  gfx_mk.o [1]
write_ref_dictentry     0x080007cb    0x4c  Code  Lc  gfx_mk.o [1]
write_reg               0x08009137    0x14  Code  Lc  gmouse_lld_FT5336.o [1]
write_rle_dictentry     0x08000627    0xbe  Code  Lc  gfx_mk.o [1]
xActiveTimerList1       0x20007ee0    0x14  Data  Lc  timers.o [1]
xActiveTimerList2       0x20007ef4    0x14  Data  Lc  timers.o [1]
xBlockAllocatedBit      0x20007fc8     0x4  Data  Lc  heap_4.o [1]
xDelayedTaskList1       0x20007e7c    0x14  Data  Lc  tasks.o [1]
xDelayedTaskList2       0x20007e90    0x14  Data  Lc  tasks.o [1]
xFreeBytesRemaining     0x20007fc0     0x4  Data  Lc  heap_4.o [1]
xHeapStructSize         0x08030ddc     0x4  Data  Lc  heap_4.o [1]
xMinimumEverFreeBytesRemaining
                        0x20007fc4     0x4  Data  Lc  heap_4.o [1]
xNextTaskUnblockTime    0x20008010     0x4  Data  Lc  tasks.o [1]
xNumOfOverflows         0x20008008     0x4  Data  Lc  tasks.o [1]
xPendingReadyList       0x20007ea4    0x14  Data  Lc  tasks.o [1]
xPortStartScheduler     0x080088f7    0x96  Code  Gb  port.o [1]
xPortSysTickHandler     0x08008a05    0x30  Code  Gb  port.o [1]
xQueueCreateCountingSemaphore
                        0x080081f7    0x5c  Code  Gb  queue.o [1]
xQueueCreateMutex       0x0800819b    0x5c  Code  Gb  queue.o [1]
xQueueGenericCreate     0x0800811f    0x7c  Code  Gb  queue.o [1]
xQueueGenericReceive    0x080084e5   0x1a8  Code  Gb  queue.o [1]
xQueueGenericReset      0x08008089    0x96  Code  Gb  queue.o [1]
xQueueGenericSend       0x08008255   0x1b0  Code  Gb  queue.o [1]
xQueueGenericSendFromISR
                        0x08008405    0xe0  Code  Gb  queue.o [1]
xQueueRegistry          0x20007d40    0x40  Data  Gb  queue.o [1]
xSchedulerRunning       0x20007ffc     0x4  Data  Lc  tasks.o [1]
xStart                  0x20007f38     0x8  Data  Lc  heap_4.o [1]
xSuspendedTaskList      0x20007ecc    0x14  Data  Lc  tasks.o [1]
xTaskCheckForTimeOut    0x08007be7    0x8a  Code  Gb  tasks.o [1]
xTaskGenericCreate      0x080074fd   0x172  Code  Gb  tasks.o [1]
xTaskGetSchedulerState  0x08007e85    0x20  Code  Gb  tasks.o [1]
xTaskGetTickCount       0x08007879     0x8  Code  Gb  tasks.o [1]
xTaskGetTickCountFromISR
                        0x08007881    0x10  Code  Gb  tasks.o [1]
xTaskIncrementTick      0x08007891   0x120  Code  Gb  tasks.o [1]
xTaskPriorityDisinherit
                        0x08007f5d    0xbe  Code  Gb  tasks.o [1]
xTaskRemoveFromEventList
                        0x08007b29    0x8a  Code  Gb  tasks.o [1]
xTaskResumeAll          0x08007779   0x100  Code  Gb  tasks.o [1]
xTasksWaitingTermination
                        0x20007eb8    0x14  Data  Lc  tasks.o [1]
xTickCount              0x20007ff4     0x4  Data  Lc  tasks.o [1]
xTimerCreate            0x0800936d    0x5a  Code  Gb  timers.o [1]
xTimerCreateTimerTask   0x08009319    0x54  Code  Gb  timers.o [1]
xTimerGenericCommand    0x080093c7    0x78  Code  Gb  timers.o [1]
xTimerIsTimerActive     0x080097a1    0x34  Code  Gb  timers.o [1]
xTimerQueue             0x20008020     0x4  Data  Lc  timers.o [1]
xYieldPending           0x20008004     0x4  Data  Lc  tasks.o [1]


[1] = C:\Users\pitic\Documents\GitHub\temp\test_prj_070916\Debug\Obj
[2] = command line
[3] = dl7M_tlf.a
[4] = m7M_tls.a
[5] = rt7M_tl.a
[6] = shb_l.a

   56 958 bytes of readonly  code memory
  143 642 bytes of readonly  data memory
   33 930 bytes of readwrite data memory

Errors: none
Warnings: none
