###############################################################################
#
# IAR ELF Linker V7.50.1.10123/W32 for ARM                14/Nov/2017  16:06:29
# Copyright 2007-2015 IAR Systems AB.
#
#    Output file  =  
#        D:\Work\devel_stm32\dims_kl3333\dims_kl3333\EWARM\dims_kl3333\Exe\dims_kl3333.out
#    Map file     =  
#        D:\Work\devel_stm32\dims_kl3333\dims_kl3333\EWARM\dims_kl3333\List\dims_kl3333.map
#    Command line =  
#        D:\Work\devel_stm32\dims_kl3333\dims_kl3333\EWARM\dims_kl3333\Obj\cmsis_os.o
#        D:\Work\devel_stm32\dims_kl3333\dims_kl3333\EWARM\dims_kl3333\Obj\croutine.o
#        D:\Work\devel_stm32\dims_kl3333\dims_kl3333\EWARM\dims_kl3333\Obj\event_groups.o
#        D:\Work\devel_stm32\dims_kl3333\dims_kl3333\EWARM\dims_kl3333\Obj\freertos.o
#        D:\Work\devel_stm32\dims_kl3333\dims_kl3333\EWARM\dims_kl3333\Obj\heap_4.o
#        D:\Work\devel_stm32\dims_kl3333\dims_kl3333\EWARM\dims_kl3333\Obj\list.o
#        D:\Work\devel_stm32\dims_kl3333\dims_kl3333\EWARM\dims_kl3333\Obj\main.o
#        D:\Work\devel_stm32\dims_kl3333\dims_kl3333\EWARM\dims_kl3333\Obj\port.o
#        D:\Work\devel_stm32\dims_kl3333\dims_kl3333\EWARM\dims_kl3333\Obj\portasm.o
#        D:\Work\devel_stm32\dims_kl3333\dims_kl3333\EWARM\dims_kl3333\Obj\queue.o
#        D:\Work\devel_stm32\dims_kl3333\dims_kl3333\EWARM\dims_kl3333\Obj\startup_stm32f746xx.o
#        D:\Work\devel_stm32\dims_kl3333\dims_kl3333\EWARM\dims_kl3333\Obj\stm32f7xx_hal.o
#        D:\Work\devel_stm32\dims_kl3333\dims_kl3333\EWARM\dims_kl3333\Obj\stm32f7xx_hal_cortex.o
#        D:\Work\devel_stm32\dims_kl3333\dims_kl3333\EWARM\dims_kl3333\Obj\stm32f7xx_hal_dma.o
#        D:\Work\devel_stm32\dims_kl3333\dims_kl3333\EWARM\dims_kl3333\Obj\stm32f7xx_hal_dma_ex.o
#        D:\Work\devel_stm32\dims_kl3333\dims_kl3333\EWARM\dims_kl3333\Obj\stm32f7xx_hal_flash.o
#        D:\Work\devel_stm32\dims_kl3333\dims_kl3333\EWARM\dims_kl3333\Obj\stm32f7xx_hal_flash_ex.o
#        D:\Work\devel_stm32\dims_kl3333\dims_kl3333\EWARM\dims_kl3333\Obj\stm32f7xx_hal_gpio.o
#        D:\Work\devel_stm32\dims_kl3333\dims_kl3333\EWARM\dims_kl3333\Obj\stm32f7xx_hal_i2c.o
#        D:\Work\devel_stm32\dims_kl3333\dims_kl3333\EWARM\dims_kl3333\Obj\stm32f7xx_hal_i2c_ex.o
#        D:\Work\devel_stm32\dims_kl3333\dims_kl3333\EWARM\dims_kl3333\Obj\stm32f7xx_hal_ltdc.o
#        D:\Work\devel_stm32\dims_kl3333\dims_kl3333\EWARM\dims_kl3333\Obj\stm32f7xx_hal_msp.o
#        D:\Work\devel_stm32\dims_kl3333\dims_kl3333\EWARM\dims_kl3333\Obj\stm32f7xx_hal_pwr.o
#        D:\Work\devel_stm32\dims_kl3333\dims_kl3333\EWARM\dims_kl3333\Obj\stm32f7xx_hal_pwr_ex.o
#        D:\Work\devel_stm32\dims_kl3333\dims_kl3333\EWARM\dims_kl3333\Obj\stm32f7xx_hal_rcc.o
#        D:\Work\devel_stm32\dims_kl3333\dims_kl3333\EWARM\dims_kl3333\Obj\stm32f7xx_hal_rcc_ex.o
#        D:\Work\devel_stm32\dims_kl3333\dims_kl3333\EWARM\dims_kl3333\Obj\stm32f7xx_hal_rtc.o
#        D:\Work\devel_stm32\dims_kl3333\dims_kl3333\EWARM\dims_kl3333\Obj\stm32f7xx_hal_rtc_ex.o
#        D:\Work\devel_stm32\dims_kl3333\dims_kl3333\EWARM\dims_kl3333\Obj\stm32f7xx_hal_sdram.o
#        D:\Work\devel_stm32\dims_kl3333\dims_kl3333\EWARM\dims_kl3333\Obj\stm32f7xx_hal_spi.o
#        D:\Work\devel_stm32\dims_kl3333\dims_kl3333\EWARM\dims_kl3333\Obj\stm32f7xx_hal_tim.o
#        D:\Work\devel_stm32\dims_kl3333\dims_kl3333\EWARM\dims_kl3333\Obj\stm32f7xx_hal_tim_ex.o
#        D:\Work\devel_stm32\dims_kl3333\dims_kl3333\EWARM\dims_kl3333\Obj\stm32f7xx_hal_uart.o
#        D:\Work\devel_stm32\dims_kl3333\dims_kl3333\EWARM\dims_kl3333\Obj\stm32f7xx_it.o
#        D:\Work\devel_stm32\dims_kl3333\dims_kl3333\EWARM\dims_kl3333\Obj\stm32f7xx_ll_fmc.o
#        D:\Work\devel_stm32\dims_kl3333\dims_kl3333\EWARM\dims_kl3333\Obj\system_stm32f7xx.o
#        D:\Work\devel_stm32\dims_kl3333\dims_kl3333\EWARM\dims_kl3333\Obj\tasks.o
#        D:\Work\devel_stm32\dims_kl3333\dims_kl3333\EWARM\dims_kl3333\Obj\timers.o
#        D:\Work\devel_stm32\dims_kl3333\dims_kl3333\EWARM\dims_kl3333\Obj\uart_lld.o
#        --redirect _Printf=_PrintfFull --redirect _Scanf=_ScanfFull -o
#        D:\Work\devel_stm32\dims_kl3333\dims_kl3333\EWARM\dims_kl3333\Exe\dims_kl3333.out
#        --map
#        D:\Work\devel_stm32\dims_kl3333\dims_kl3333\EWARM\dims_kl3333\List\dims_kl3333.map
#        --config
#        D:\Work\devel_stm32\dims_kl3333\dims_kl3333\EWARM/stm32f746xx_flash.icf
#        --semihosting --entry __iar_program_start --vfe
#
###############################################################################

*******************************************************************************
*** MESSAGES
***

Error[Li005]: no definition for "pw_lld_init" [referenced from D:\Work\devel_st
          m32\dims_kl3333\dims_kl3333\EWARM\dims_kl3333\Obj\main.o]
Error[Li005]: no definition for "led_lld_init" [referenced from D:\Work\devel_s
          tm32\dims_kl3333\dims_kl3333\EWARM\dims_kl3333\Obj\main.o]
Error[Li005]: no definition for "lcd_lld_init" [referenced from D:\Work\devel_s
          tm32\dims_kl3333\dims_kl3333\EWARM\dims_kl3333\Obj\main.o]


*******************************************************************************
*** RUNTIME MODEL ATTRIBUTES
***

CppFlavor       = *
__SystemLibrary = DLib


*******************************************************************************
*** PLACEMENT SUMMARY
***

"A1":  place at 0x08000000 { ro section .intvec };
"P1":  place in [from 0x08000000 to 0x080fffff] { ro };
"P2":  place in [from 0x20000000 to 0x2004ffff] { rw, block CSTACK, block HEAP };

  Section            Kind        Address    Size  Object
  -------            ----        -------    ----  ------
"A1":                                      0x1c8
  .intvec            ro code  0x08000000   0x1c8  startup_stm32f746xx.o [1]
                            - 0x080001c8   0x1c8

"P1":                                     0x4c47
  .text              ro code  0x080001c8   0x7dc  tasks.o [1]
  .text              ro code  0x080009a4   0x1d8  port.o [1]
  .text              ro code  0x08000b7c    0x8e  list.o [1]
  .text              ro code  0x08000c0c   0x33c  timers.o [1]
  .text              ro code  0x08000f48   0x1b4  heap_4.o [1]
  .text              ro code  0x080010fc    0x3a  ABImemset48.o [5]
  CODE               ro code  0x08001138    0xac  portasm.o [1]
  .text              ro code  0x080011e4   0x60c  queue.o [1]
  .text              ro code  0x080017f0    0x76  ABImemcpy_unaligned.o [5]
  .text              ro code  0x08001868   0x710  stm32f7xx_hal_uart.o [1]
  .text              ro code  0x08001f78   0x380  uart_lld.o [1]
  .text              ro code  0x080022f8   0x2f8  stm32f7xx_hal_dma.o [1]
  .text              ro code  0x080025f0    0x5c  stm32f7xx_hal.o [1]
  .text              ro code  0x0800264c   0x554  stm32f7xx_hal_rcc.o [1]
  .text              ro code  0x08002ba0   0x208  stm32f7xx_hal_gpio.o [1]
  .text              ro code  0x08002da8    0xd8  stm32f7xx_hal_cortex.o [1]
  .text              ro code  0x08002e80   0x142  cmsis_os.o [1]
  .text              ro code  0x08002fc4   0x34c  stm32f7xx_hal_msp.o [1]
  .text              ro code  0x08003310   0x61c  main.o [1]
  .text              ro code  0x0800392c    0x3a  stm32f7xx_hal_sdram.o [1]
  .text              ro code  0x08003968    0xa8  stm32f7xx_hal_i2c.o [1]
  .text              ro code  0x08003a10    0x6e  stm32f7xx_hal_i2c_ex.o [1]
  .text              ro code  0x08003a80    0xb8  stm32f7xx_hal_spi.o [1]
  .text              ro code  0x08003b38   0x532  stm32f7xx_hal_tim.o [1]
  .text              ro code  0x0800406c   0x20c  stm32f7xx_hal_tim_ex.o [1]
  .text              ro code  0x08004278    0x78  stm32f7xx_hal_pwr_ex.o [1]
  .text              ro code  0x080042f0   0x468  stm32f7xx_hal_rcc_ex.o [1]
  .text              ro code  0x08004758   0x238  stm32f7xx_hal_ltdc.o [1]
  .text              ro code  0x08004990    0xf0  stm32f7xx_ll_fmc.o [1]
  .text              ro code  0x08004a80    0x50  system_stm32f7xx.o [1]
  .text              ro code  0x08004ad0    0x4c  stm32f7xx_it.o [1]
  .text              ro code  0x08004b1c    0x40  zero_init3.o [5]
  .text              ro code  0x08004b5c    0x38  packbits_init_single.o [5]
  .text              ro code  0x08004b94    0x28  data_init.o [5]
  .text              ro code  0x08004bbc    0x22  fpinit_M.o [4]
  .iar.init_table    const    0x08004be0    0x20  - Linker created -
  .text              ro code  0x08004c00    0x1a  cmain.o [5]
  .text              ro code  0x08004c1a     0x4  low_level_init.o [3]
  .text              ro code  0x08004c1e     0x4  exit.o [3]
  .text              ro code  0x08004c24     0xa  cexit.o [5]
  .text              ro code  0x08004c30    0x14  exit.o [6]
  .rodata            const    0x08004c44    0x10  uart_lld.o [1]
  .text              ro code  0x08004c54    0x10  startup_stm32f746xx.o [1]
  .rodata            const    0x08004c64     0xc  main.o [1]
  .text              ro code  0x08004c70     0xc  cstartup_M.o [5]
  .text              ro code  0x08004c7c     0x4  startup_stm32f746xx.o [1]
  .text              ro code  0x08004c80     0x4  startup_stm32f746xx.o [1]
  .text              ro code  0x08004c84     0x4  startup_stm32f746xx.o [1]
  .text              ro code  0x08004c88     0x4  startup_stm32f746xx.o [1]
  .text              ro code  0x08004c8c     0x4  startup_stm32f746xx.o [1]
  .text              ro code  0x08004c90     0x4  startup_stm32f746xx.o [1]
  .text              ro code  0x08004c94     0x4  startup_stm32f746xx.o [1]
  .text              ro code  0x08004c98     0x4  startup_stm32f746xx.o [1]
  .text              ro code  0x08004c9c     0x4  startup_stm32f746xx.o [1]
  .text              ro code  0x08004ca0     0x4  startup_stm32f746xx.o [1]
  .text              ro code  0x08004ca4     0x4  startup_stm32f746xx.o [1]
  .text              ro code  0x08004ca8     0x4  startup_stm32f746xx.o [1]
  .text              ro code  0x08004cac     0x4  startup_stm32f746xx.o [1]
  .text              ro code  0x08004cb0     0x4  startup_stm32f746xx.o [1]
  .text              ro code  0x08004cb4     0x4  startup_stm32f746xx.o [1]
  .text              ro code  0x08004cb8     0x4  startup_stm32f746xx.o [1]
  .text              ro code  0x08004cbc     0x4  startup_stm32f746xx.o [1]
  .text              ro code  0x08004cc0     0x4  startup_stm32f746xx.o [1]
  .text              ro code  0x08004cc4     0x4  startup_stm32f746xx.o [1]
  .text              ro code  0x08004cc8     0x4  startup_stm32f746xx.o [1]
  .text              ro code  0x08004ccc     0x4  startup_stm32f746xx.o [1]
  .text              ro code  0x08004cd0     0x4  startup_stm32f746xx.o [1]
  .text              ro code  0x08004cd4     0x4  startup_stm32f746xx.o [1]
  .text              ro code  0x08004cd8     0x4  startup_stm32f746xx.o [1]
  .text              ro code  0x08004cdc     0x4  startup_stm32f746xx.o [1]
  .text              ro code  0x08004ce0     0x4  startup_stm32f746xx.o [1]
  .text              ro code  0x08004ce4     0x4  startup_stm32f746xx.o [1]
  .text              ro code  0x08004ce8     0x4  startup_stm32f746xx.o [1]
  .text              ro code  0x08004cec     0x4  startup_stm32f746xx.o [1]
  .text              ro code  0x08004cf0     0x4  startup_stm32f746xx.o [1]
  .text              ro code  0x08004cf4     0x4  startup_stm32f746xx.o [1]
  .text              ro code  0x08004cf8     0x4  startup_stm32f746xx.o [1]
  .text              ro code  0x08004cfc     0x4  startup_stm32f746xx.o [1]
  .text              ro code  0x08004d00     0x4  startup_stm32f746xx.o [1]
  .text              ro code  0x08004d04     0x4  startup_stm32f746xx.o [1]
  .text              ro code  0x08004d08     0x4  startup_stm32f746xx.o [1]
  .text              ro code  0x08004d0c     0x4  startup_stm32f746xx.o [1]
  .text              ro code  0x08004d10     0x4  startup_stm32f746xx.o [1]
  .text              ro code  0x08004d14     0x4  startup_stm32f746xx.o [1]
  .text              ro code  0x08004d18     0x4  startup_stm32f746xx.o [1]
  .text              ro code  0x08004d1c     0x4  startup_stm32f746xx.o [1]
  .text              ro code  0x08004d20     0x4  startup_stm32f746xx.o [1]
  .text              ro code  0x08004d24     0x4  startup_stm32f746xx.o [1]
  .text              ro code  0x08004d28     0x4  startup_stm32f746xx.o [1]
  .text              ro code  0x08004d2c     0x4  startup_stm32f746xx.o [1]
  .text              ro code  0x08004d30     0x4  startup_stm32f746xx.o [1]
  .text              ro code  0x08004d34     0x4  startup_stm32f746xx.o [1]
  .text              ro code  0x08004d38     0x4  startup_stm32f746xx.o [1]
  .text              ro code  0x08004d3c     0x4  startup_stm32f746xx.o [1]
  .text              ro code  0x08004d40     0x4  startup_stm32f746xx.o [1]
  .text              ro code  0x08004d44     0x4  startup_stm32f746xx.o [1]
  .text              ro code  0x08004d48     0x4  startup_stm32f746xx.o [1]
  .text              ro code  0x08004d4c     0x4  startup_stm32f746xx.o [1]
  .text              ro code  0x08004d50     0x4  startup_stm32f746xx.o [1]
  .text              ro code  0x08004d54     0x4  startup_stm32f746xx.o [1]
  .text              ro code  0x08004d58     0x4  startup_stm32f746xx.o [1]
  .text              ro code  0x08004d5c     0x4  startup_stm32f746xx.o [1]
  .text              ro code  0x08004d60     0x4  startup_stm32f746xx.o [1]
  .text              ro code  0x08004d64     0x4  startup_stm32f746xx.o [1]
  .text              ro code  0x08004d68     0x4  startup_stm32f746xx.o [1]
  .text              ro code  0x08004d6c     0x4  startup_stm32f746xx.o [1]
  .text              ro code  0x08004d70     0x4  startup_stm32f746xx.o [1]
  .text              ro code  0x08004d74     0x4  startup_stm32f746xx.o [1]
  .text              ro code  0x08004d78     0x4  startup_stm32f746xx.o [1]
  .text              ro code  0x08004d7c     0x4  startup_stm32f746xx.o [1]
  .text              ro code  0x08004d80     0x4  startup_stm32f746xx.o [1]
  .text              ro code  0x08004d84     0x4  startup_stm32f746xx.o [1]
  .text              ro code  0x08004d88     0x4  startup_stm32f746xx.o [1]
  .text              ro code  0x08004d8c     0x4  startup_stm32f746xx.o [1]
  .text              ro code  0x08004d90     0x4  startup_stm32f746xx.o [1]
  .text              ro code  0x08004d94     0x4  startup_stm32f746xx.o [1]
  .text              ro code  0x08004d98     0x4  startup_stm32f746xx.o [1]
  .text              ro code  0x08004d9c     0x4  startup_stm32f746xx.o [1]
  .text              ro code  0x08004da0     0x4  startup_stm32f746xx.o [1]
  .text              ro code  0x08004da4     0x4  startup_stm32f746xx.o [1]
  .text              ro code  0x08004da8     0x4  startup_stm32f746xx.o [1]
  .text              ro code  0x08004dac     0x4  startup_stm32f746xx.o [1]
  .text              ro code  0x08004db0     0x4  startup_stm32f746xx.o [1]
  .text              ro code  0x08004db4     0x4  startup_stm32f746xx.o [1]
  .text              ro code  0x08004db8     0x4  startup_stm32f746xx.o [1]
  .text              ro code  0x08004dbc     0x4  startup_stm32f746xx.o [1]
  .text              ro code  0x08004dc0     0x4  startup_stm32f746xx.o [1]
  .text              ro code  0x08004dc4     0x4  startup_stm32f746xx.o [1]
  .text              ro code  0x08004dc8     0x4  startup_stm32f746xx.o [1]
  .text              ro code  0x08004dcc     0x4  startup_stm32f746xx.o [1]
  .text              ro code  0x08004dd0     0x4  startup_stm32f746xx.o [1]
  .text              ro code  0x08004dd4     0x4  startup_stm32f746xx.o [1]
  .text              ro code  0x08004dd8     0x4  startup_stm32f746xx.o [1]
  .text              ro code  0x08004ddc     0x4  startup_stm32f746xx.o [1]
  .text              ro code  0x08004de0     0x4  startup_stm32f746xx.o [1]
  .text              ro code  0x08004de4     0x4  startup_stm32f746xx.o [1]
  .text              ro code  0x08004de8     0x4  startup_stm32f746xx.o [1]
  .text              ro code  0x08004dec     0x4  startup_stm32f746xx.o [1]
  .text              ro code  0x08004df0     0x4  startup_stm32f746xx.o [1]
  .text              ro code  0x08004df4     0x4  startup_stm32f746xx.o [1]
  .text              ro code  0x08004df8     0x4  startup_stm32f746xx.o [1]
  .text              ro code  0x08004dfc     0x4  startup_stm32f746xx.o [1]
  .rodata            const    0x08004e00     0x0  zero_init3.o [5]
  .rodata            const    0x08004e00     0x0  packbits_init_single.o [5]
  Initializer bytes  const    0x08004e00     0xf  <for P2-1>
                            - 0x08004e0f  0x4c47

"P2", part 1 of 3:                          0xac
  P2-1                        0x20000000    0xac  <Init block>
    .data            inited   0x20000000     0xc  port.o [1]
    .data            inited   0x2000000c     0x4  system_stm32f7xx.o [1]
    .data            inited   0x20000010    0x9c  tasks.o [1]
                            - 0x200000ac    0xac

"P2", part 2 of 3:                         0x200
  CSTACK                      0x200000b0   0x200  <Block>
    CSTACK           uninit   0x200000b0   0x200  <Block tail>
                            - 0x200002b0   0x200

"P2", part 3 of 3:                        0x442c
  .bss               zero     0x200002b0  0x3c18  heap_4.o [1]
  .bss               zero     0x20003ec8   0x204  uart_lld.o [1]
  .bss               zero     0x200040cc   0x18c  main.o [1]
  .bss               zero     0x20004258   0x160  uart_lld.o [1]
  .bss               zero     0x200043b8    0xa8  main.o [1]
  .bss               zero     0x20004460    0xa0  uart_lld.o [1]
  .bss               zero     0x20004500    0x8c  tasks.o [1]
  .bss               zero     0x2000458c    0x78  uart_lld.o [1]
  .bss               zero     0x20004604    0x58  main.o [1]
  .bss               zero     0x2000465c    0x40  queue.o [1]
  .bss               zero     0x2000469c    0x38  timers.o [1]
  .bss               zero     0x200046d4     0x4  stm32f7xx_hal.o [1]
  .bss               zero     0x200046d8     0x4  stm32f7xx_hal_msp.o [1]
                            - 0x200046dc  0x442c


*******************************************************************************
*** INIT TABLE
***

          Address     Size
          -------     ----
Zero (__iar_zero_init3)
    1 destination range, total size 0x442c:
          0x200002b0  0x442c

Copy/packbits (__iar_packbits_init_single3)
    1 source range, total size 0xf (8% of destination):
          0x08004e00     0xf
    1 destination range, total size 0xac:
          0x20000000    0xac



*******************************************************************************
*** MODULE SUMMARY
***

    Module                  ro code  ro data  rw data
    ------                  -------  -------  -------
D:\Work\devel_stm32\dims_kl3333\dims_kl3333\EWARM\dims_kl3333\Obj: [1]
    cmsis_os.o                  322
    heap_4.o                    436            15 384
    list.o                      142
    main.o                    1 564       12      652
    port.o                      472        1       12
    portasm.o                   172
    queue.o                   1 548                64
    startup_stm32f746xx.o       860
    stm32f7xx_hal.o              92                 4
    stm32f7xx_hal_cortex.o      216
    stm32f7xx_hal_dma.o         760
    stm32f7xx_hal_gpio.o        520
    stm32f7xx_hal_i2c.o         168
    stm32f7xx_hal_i2c_ex.o      110
    stm32f7xx_hal_ltdc.o        568
    stm32f7xx_hal_msp.o         844                 4
    stm32f7xx_hal_pwr_ex.o      120
    stm32f7xx_hal_rcc.o       1 364
    stm32f7xx_hal_rcc_ex.o    1 128
    stm32f7xx_hal_sdram.o        58
    stm32f7xx_hal_spi.o         184
    stm32f7xx_hal_tim.o       1 330
    stm32f7xx_hal_tim_ex.o      524
    stm32f7xx_hal_uart.o      1 808
    stm32f7xx_it.o               76
    stm32f7xx_ll_fmc.o          240
    system_stm32f7xx.o           80                 4
    tasks.o                   2 012       14      296
    timers.o                    828                56
    uart_lld.o                  896       16    1 148
    -------------------------------------------------
    Total:                   19 442       43   17 624

command line: [2]
    -------------------------------------------------
    Total:

dl7M_tlf.a: [3]
    exit.o                        4
    low_level_init.o              4
    -------------------------------------------------
    Total:                        8

m7M_tls.a: [4]
    fpinit_M.o                   34
    -------------------------------------------------
    Total:                       34

rt7M_tl.a: [5]
    ABImemcpy_unaligned.o       118
    ABImemset48.o                58
    cexit.o                      10
    cmain.o                      26
    cstartup_M.o                 12
    data_init.o                  40
    packbits_init_single.o       56
    zero_init3.o                 64
    -------------------------------------------------
    Total:                      384

shb_l.a: [6]
    exit.o                       20
    -------------------------------------------------
    Total:                       20

    Gaps                         18        2
    Linker created                        32      512
-----------------------------------------------------
    Grand Total:             19 906       77   18 136


*******************************************************************************
*** ENTRY LIST
***

Entry                      Address    Size  Type      Object
-----                      -------    ----  ----      ------
.iar.init_table$$Base   0x08004be0           --   Gb  - Linker created -
.iar.init_table$$Limit  0x08004c00           --   Gb  - Linker created -
?main                   0x08004c01          Code  Gb  cmain.o [5]
APBAHBPrescTable        0x08002b90    0x10  Data  Gb  stm32f7xx_hal_rcc.o [1]
CSTACK$$Base            0x200000b0           --   Gb  - Linker created -
CSTACK$$Limit           0x200002b0           --   Gb  - Linker created -
DMA1_Stream1_IRQHandler
                        0x08004adf     0x6  Code  Gb  stm32f7xx_it.o [1]
DMA1_Stream3_IRQHandler
                        0x08004ae5     0x6  Code  Gb  stm32f7xx_it.o [1]
DMA2_Stream2_IRQHandler
                        0x08004af7     0x6  Code  Gb  stm32f7xx_it.o [1]
DMA2_Stream7_IRQHandler
                        0x08004afd     0x6  Code  Gb  stm32f7xx_it.o [1]
DMA_CalcBaseAndBitshift
                        0x080025c1    0x24  Code  Lc  stm32f7xx_hal_dma.o [1]
DMA_SetConfig           0x080022f9    0x1e  Code  Lc  stm32f7xx_hal_dma.o [1]
FMC_Initialized         0x200046d8     0x4  Data  Lc  stm32f7xx_hal_msp.o [1]
FMC_SDRAM_Init          0x08004991    0x74  Code  Gb  stm32f7xx_ll_fmc.o [1]
FMC_SDRAM_Timing_Init   0x08004a05    0x7c  Code  Gb  stm32f7xx_ll_fmc.o [1]
HAL_DMA_Abort           0x080023df    0x50  Code  Gb  stm32f7xx_hal_dma.o [1]
HAL_DMA_IRQHandler      0x0800242f   0x182  Code  Gb  stm32f7xx_hal_dma.o [1]
HAL_DMA_Init            0x08002317    0x74  Code  Gb  stm32f7xx_hal_dma.o [1]
HAL_DMA_Start_IT        0x0800238b    0x24  Code  Gb  stm32f7xx_hal_dma.o [1]
HAL_FMC_MspInit         0x0800323b    0x72  Code  Lc  stm32f7xx_hal_msp.o [1]
HAL_GPIO_Init           0x08002ba1   0x1ca  Code  Gb  stm32f7xx_hal_gpio.o [1]
HAL_GPIO_WritePin       0x08002d6b     0x8  Code  Gb  stm32f7xx_hal_gpio.o [1]
HAL_GetTick             0x0800263f     0x6  Code  Wk  stm32f7xx_hal.o [1]
HAL_I2CEx_ConfigAnalogFilter
                        0x08003a11    0x40  Code  Gb  stm32f7xx_hal_i2c_ex.o [1]
HAL_I2C_Init            0x08003969    0x9c  Code  Gb  stm32f7xx_hal_i2c.o [1]
HAL_I2C_MspInit         0x08002fdd    0x4a  Code  Gb  stm32f7xx_hal_msp.o [1]
HAL_IncTick             0x08002635     0xa  Code  Wk  stm32f7xx_hal.o [1]
HAL_Init                0x080025f1    0x20  Code  Gb  stm32f7xx_hal.o [1]
HAL_InitTick            0x08002611    0x24  Code  Wk  stm32f7xx_hal.o [1]
HAL_LTDC_ConfigLayer    0x08004849    0x44  Code  Gb  stm32f7xx_hal_ltdc.o [1]
HAL_LTDC_Init           0x08004759    0xf0  Code  Gb  stm32f7xx_hal_ltdc.o [1]
HAL_LTDC_MspInit        0x0800303b    0x9a  Code  Gb  stm32f7xx_hal_msp.o [1]
HAL_MspInit             0x08002fc5    0x18  Code  Gb  stm32f7xx_hal_msp.o [1]
HAL_NVIC_EnableIRQ      0x08002e17     0xc  Code  Gb  stm32f7xx_hal_cortex.o [1]
HAL_NVIC_SetPriority    0x08002ddd    0x3a  Code  Gb  stm32f7xx_hal_cortex.o [1]
HAL_NVIC_SetPriorityGrouping
                        0x08002dc3    0x1a  Code  Gb  stm32f7xx_hal_cortex.o [1]
HAL_PWREx_EnableOverDrive
                        0x08004279    0x48  Code  Gb  stm32f7xx_hal_pwr_ex.o [1]
HAL_RCCEx_PeriphCLKConfig
                        0x080042f1   0x430  Code  Gb  stm32f7xx_hal_rcc_ex.o [1]
HAL_RCC_ClockConfig     0x08002961   0x142  Code  Gb  stm32f7xx_hal_rcc.o [1]
HAL_RCC_GetHCLKFreq     0x08002b23    0x1e  Code  Gb  stm32f7xx_hal_rcc.o [1]
HAL_RCC_GetPCLK1Freq    0x08002b41    0x10  Code  Gb  stm32f7xx_hal_rcc.o [1]
HAL_RCC_GetPCLK2Freq    0x08002b51     0xe  Code  Gb  stm32f7xx_hal_rcc.o [1]
HAL_RCC_GetSysClockFreq
                        0x08002add    0x46  Code  Gb  stm32f7xx_hal_rcc.o [1]
HAL_RCC_OscConfig       0x0800264d   0x2f2  Code  Gb  stm32f7xx_hal_rcc.o [1]
HAL_SDRAM_Init          0x0800392d    0x3a  Code  Gb  stm32f7xx_hal_sdram.o [1]
HAL_SDRAM_MspInit       0x080032cd     0x2  Code  Gb  stm32f7xx_hal_msp.o [1]
HAL_SPI_Init            0x08003a81    0xac  Code  Gb  stm32f7xx_hal_spi.o [1]
HAL_SPI_MspInit         0x08003107    0x3e  Code  Gb  stm32f7xx_hal_msp.o [1]
HAL_SYSTICK_CLKSourceConfig
                        0x08002e53    0x14  Code  Gb  stm32f7xx_hal_cortex.o [1]
HAL_SYSTICK_Config      0x08002e2b    0x28  Code  Gb  stm32f7xx_hal_cortex.o [1]
HAL_TIMEx_BreakCallback
                        0x080041db     0x2  Code  Wk  stm32f7xx_hal_tim_ex.o [1]
HAL_TIMEx_CommutationCallback
                        0x080041d9     0x2  Code  Wk  stm32f7xx_hal_tim_ex.o [1]
HAL_TIMEx_MasterConfigSynchronization
                        0x0800418d    0x4c  Code  Gb  stm32f7xx_hal_tim_ex.o [1]
HAL_TIM_Base_Init       0x08003b39    0x26  Code  Gb  stm32f7xx_hal_tim.o [1]
HAL_TIM_Base_MspInit    0x0800315f    0x56  Code  Gb  stm32f7xx_hal_msp.o [1]
HAL_TIM_ConfigClockSource
                        0x08003d0b    0xb8  Code  Gb  stm32f7xx_hal_tim.o [1]
HAL_TIM_IC_CaptureCallback
                        0x08003de5     0x2  Code  Wk  stm32f7xx_hal_tim.o [1]
HAL_TIM_IRQHandler      0x08003ba1   0x160  Code  Gb  stm32f7xx_hal_tim.o [1]
HAL_TIM_MspPostInit     0x080031db    0x40  Code  Gb  stm32f7xx_hal_msp.o [1]
HAL_TIM_OC_DelayElapsedCallback
                        0x08003de3     0x2  Code  Wk  stm32f7xx_hal_tim.o [1]
HAL_TIM_PWM_ConfigChannel
                        0x0800406d   0x108  Code  Gb  stm32f7xx_hal_tim_ex.o [1]
HAL_TIM_PWM_Init        0x08003b5f    0x1a  Code  Gb  stm32f7xx_hal_tim.o [1]
HAL_TIM_PWM_MspInit     0x080031b5    0x26  Code  Gb  stm32f7xx_hal_msp.o [1]
HAL_TIM_PWM_PulseFinishedCallback
                        0x08003de7     0x2  Code  Wk  stm32f7xx_hal_tim.o [1]
HAL_TIM_PeriodElapsedCallback
                        0x08003de1     0x2  Code  Wk  stm32f7xx_hal_tim.o [1]
HAL_TIM_TriggerCallback
                        0x08003de9     0x2  Code  Wk  stm32f7xx_hal_tim.o [1]
HAL_UART_DMAStop        0x0800195d    0x32  Code  Gb  stm32f7xx_hal_uart.o [1]
HAL_UART_ErrorCallback  0x08001bd7     0x2  Code  Wk  stm32f7xx_hal_uart.o [1]
HAL_UART_IRQHandler     0x0800198f   0x14a  Code  Gb  stm32f7xx_hal_uart.o [1]
HAL_UART_Init           0x08001869    0x34  Code  Gb  stm32f7xx_hal_uart.o [1]
HAL_UART_MspInit        0x08001f79   0x13e  Code  Gb  uart_lld.o [1]
HAL_UART_Receive_DMA    0x080018e3    0x7a  Code  Gb  stm32f7xx_hal_uart.o [1]
HAL_UART_RxCpltCallback
                        0x08001bd3     0x2  Code  Wk  stm32f7xx_hal_uart.o [1]
HAL_UART_RxHalfCpltCallback
                        0x08001bd5     0x2  Code  Wk  stm32f7xx_hal_uart.o [1]
HAL_UART_TxCpltCallback
                        0x08001bd1     0x2  Code  Wk  stm32f7xx_hal_uart.o [1]
LTDC_SetConfig          0x0800488d    0xfa  Code  Lc  stm32f7xx_hal_ltdc.o [1]
MX_DMA_Init             0x0800365f    0xa4  Code  Lc  main.o [1]
MX_GPIO_Init            0x08003703   0x186  Code  Lc  main.o [1]
MX_LTDC_Init            0x080035ab    0x96  Code  Lc  main.o [1]
NVIC_SetPriority        0x08002da9    0x1a  Code  Lc  stm32f7xx_hal_cortex.o [1]
PendSV_Handler          0x08001139          Code  Gb  portasm.o [1]
Region$$Table$$Base     0x08004be0           --   Gb  - Linker created -
Region$$Table$$Limit    0x08004c00           --   Gb  - Linker created -
SVC_Handler             0x08001195          Code  Gb  portasm.o [1]
StartDefaultTask        0x0800390d     0xa  Code  Gb  main.o [1]
SysTick_Handler         0x08004ad1     0xe  Code  Gb  stm32f7xx_it.o [1]
SystemClock_Config      0x080034d1    0xce  Code  Gb  main.o [1]
SystemCoreClock         0x2000000c     0x4  Data  Gb  system_stm32f7xx.o [1]
SystemInit              0x08004a81    0x3a  Code  Gb  system_stm32f7xx.o [1]
TIM6_DAC_IRQHandler     0x08004af1     0x6  Code  Gb  stm32f7xx_it.o [1]
TIM_Base_SetConfig      0x08003deb    0x90  Code  Gb  stm32f7xx_hal_tim.o [1]
TIM_ETR_SetConfig       0x08004057    0x14  Code  Gb  stm32f7xx_hal_tim.o [1]
TIM_ITRx_SetConfig      0x08004047    0x10  Code  Lc  stm32f7xx_hal_tim.o [1]
TIM_OC1_SetConfig       0x08003e7b    0x50  Code  Gb  stm32f7xx_hal_tim.o [1]
TIM_OC2_SetConfig       0x08003ecb    0x58  Code  Gb  stm32f7xx_hal_tim.o [1]
TIM_OC3_SetConfig       0x08003f23    0x56  Code  Gb  stm32f7xx_hal_tim.o [1]
TIM_OC4_SetConfig       0x08003f7f    0x46  Code  Gb  stm32f7xx_hal_tim.o [1]
TIM_OC5_SetConfig       0x080041dd    0x44  Code  Lc  stm32f7xx_hal_tim_ex.o [1]
TIM_OC6_SetConfig       0x08004221    0x46  Code  Lc  stm32f7xx_hal_tim_ex.o [1]
TIM_TI1_ConfigInputStage
                        0x08004001    0x22  Code  Lc  stm32f7xx_hal_tim.o [1]
TIM_TI2_ConfigInputStage
                        0x08004023    0x24  Code  Lc  stm32f7xx_hal_tim.o [1]
UART_AdvFeatureConfig   0x08001e65    0xc6  Code  Gb  stm32f7xx_hal_uart.o [1]
UART_CheckIdleState     0x08001f2b    0x4e  Code  Gb  stm32f7xx_hal_uart.o [1]
UART_DMAError           0x08001bb1    0x20  Code  Lc  stm32f7xx_hal_uart.o [1]
UART_DMAReceiveCplt     0x08001b71    0x32  Code  Lc  stm32f7xx_hal_uart.o [1]
UART_DMARxHalfCplt      0x08001ba5     0xa  Code  Lc  stm32f7xx_hal_uart.o [1]
UART_Receive_IT         0x08001bd9    0x84  Code  Lc  stm32f7xx_hal_uart.o [1]
UART_SetConfig          0x08001c5d   0x1d8  Code  Gb  stm32f7xx_hal_uart.o [1]
UART_WaitOnFlagUntilTimeout
                        0x08001ad9    0x94  Code  Gb  stm32f7xx_hal_uart.o [1]
USART3_IRQHandler       0x08004aeb     0x6  Code  Gb  stm32f7xx_it.o [1]
Uart_run_Task           0x08002217    0x74  Code  Gb  uart_lld.o [1]
__aeabi_memset4         0x080010fd          Code  Gb  ABImemset48.o [5]
__aeabi_memset8         0x080010fd          Code  Gb  ABImemset48.o [5]
__cmain                 0x08004c01          Code  Gb  cmain.o [5]
__exit                  0x08004c31    0x14  Code  Gb  exit.o [6]
__iar_Memset4_word      0x08001105          Code  Gb  ABImemset48.o [5]
__iar_Memset8_word      0x08001105          Code  Gb  ABImemset48.o [5]
__iar_data_init3        0x08004b95    0x28  Code  Gb  data_init.o [5]
__iar_init_vfp          0x08004bbd          Code  Gb  fpinit_M.o [4]
__iar_packbits_init_single3
                        0x08004b5d    0x38  Code  Gb  packbits_init_single.o [5]
__iar_program_start     0x08004c71          Code  Gb  cstartup_M.o [5]
__iar_unaligned___aeabi_memcpy
                        0x080017f1          Code  Gb  ABImemcpy_unaligned.o [5]
__iar_unaligned___aeabi_memcpy4
                        0x08001811          Code  Gb  ABImemcpy_unaligned.o [5]
__iar_unaligned___aeabi_memcpy8
                        0x08001811          Code  Gb  ABImemcpy_unaligned.o [5]
__iar_zero_init3        0x08004b1d    0x40  Code  Gb  zero_init3.o [5]
__low_level_init        0x08004c1b     0x4  Code  Gb  low_level_init.o [3]
__vector_table          0x08000000          Data  Gb  startup_stm32f746xx.o [1]
_call_main              0x08004c0d          Code  Gb  cmain.o [5]
_exit                   0x08004c25          Code  Gb  cexit.o [5]
_main                   0x08004c17          Code  Gb  cmain.o [5]
defaultTaskHandle       0x20004254     0x4  Data  Gb  main.o [1]
exit                    0x08004c1f     0x4  Code  Gb  exit.o [3]
hdma_memtomem_dma2_stream0
                        0x20004604    0x58  Data  Gb  main.o [1]
hdma_usart1_rx          0x200042b0    0x58  Data  Gb  uart_lld.o [1]
hdma_usart1_tx          0x20004258    0x58  Data  Gb  uart_lld.o [1]
hdma_usart3_rx          0x20004308    0x58  Data  Gb  uart_lld.o [1]
hdma_usart3_tx          0x20004360    0x58  Data  Gb  uart_lld.o [1]
hi2c3                   0x20004164    0x3c  Data  Gb  main.o [1]
hltdc                   0x200043b8    0xa8  Data  Gb  main.o [1]
hsdram2                 0x20004130    0x34  Data  Gb  main.o [1]
hspi1                   0x200040cc    0x64  Data  Gb  main.o [1]
htim2                   0x200041a0    0x3c  Data  Gb  main.o [1]
htim3                   0x200041dc    0x3c  Data  Gb  main.o [1]
htim6                   0x20004218    0x3c  Data  Gb  main.o [1]
huart1                  0x20004460    0x70  Data  Gb  uart_lld.o [1]
huart3                  0x2000458c    0x70  Data  Gb  uart_lld.o [1]
inHandlerMode           0x08002e8d     0xc  Code  Lc  cmsis_os.o [1]
main                    0x08003311   0x1a0  Code  Gb  main.o [1]
makeFreeRtosPriority    0x08002e81     0xc  Code  Lc  cmsis_os.o [1]
myQueue01Handle         0x200044d4     0x4  Data  Gb  uart_lld.o [1]
osDelay                 0x08002ed9     0xe  Code  Gb  cmsis_os.o [1]
osKernelStart           0x08002e99     0xa  Code  Gb  cmsis_os.o [1]
osMessageCreate         0x08002fa5     0xa  Code  Gb  cmsis_os.o [1]
osSemaphoreCreate       0x08002f01    0x2c  Code  Gb  cmsis_os.o [1]
osSemaphoreWait         0x08002f2d    0x3c  Code  Gb  cmsis_os.o [1]
osSystickHandler        0x08002faf    0x14  Code  Gb  cmsis_os.o [1]
osThreadCreate          0x08002ea3    0x36  Code  Gb  cmsis_os.o [1]
osTimerCreate           0x08002ee7    0x1a  Code  Gb  cmsis_os.o [1]
prvAddCurrentTaskToDelayedList
                        0x080007ab    0x32  Code  Lc  tasks.o [1]
prvAllocateTCBAndStack  0x080007dd    0x38  Code  Lc  tasks.o [1]
prvCheckForValidListAndQueue
                        0x08000ee5    0x4c  Code  Lc  timers.o [1]
prvCopyDataFromQueue    0x0800170d    0x26  Code  Lc  queue.o [1]
prvCopyDataToQueue      0x0800169f    0x6e  Code  Lc  queue.o [1]
prvIdleTask             0x08000701    0x56  Code  Lc  tasks.o [1]
prvInitialiseTCBVariables
                        0x08000757    0x54  Code  Lc  tasks.o [1]
prvInsertBlockIntoFreeList
                        0x080010b1    0x46  Code  Lc  heap_4.o [1]
prvInsertTimerInActiveList
                        0x08000df5    0x34  Code  Lc  timers.o [1]
prvProcessReceivedCommands
                        0x08000e29    0xa8  Code  Lc  timers.o [1]
prvProcessTimerOrBlockTask
                        0x08000ceb    0x90  Code  Lc  timers.o [1]
prvResetNextTaskUnblockTime
                        0x08000815    0x1a  Code  Lc  tasks.o [1]
prvSampleTimeNow        0x08000d7b    0x7a  Code  Lc  timers.o [1]
prvTaskExitError        0x080009c9    0x2e  Code  Lc  port.o [1]
prvTimerTask            0x08000cc9    0x22  Code  Lc  timers.o [1]
prvUnlockQueue          0x08001733    0x5c  Code  Lc  queue.o [1]
pvPortMalloc            0x08000f49    0xfc  Code  Gb  heap_4.o [1]
pvTaskIncrementMutexHeldCount
                        0x08000951    0x12  Code  Gb  tasks.o [1]
pxCurrentTCB            0x20000038     0x4  Data  Gb  tasks.o [1]
pxCurrentTimerList      0x2000469c     0x4  Data  Lc  timers.o [1]
pxDelayedTaskList       0x2000003c     0x4  Data  Lc  tasks.o [1]
pxEnd                   0x200002b8     0x4  Data  Lc  heap_4.o [1]
pxOverflowDelayedTaskList
                        0x20000040     0x4  Data  Lc  tasks.o [1]
pxOverflowTimerList     0x200046a0     0x4  Data  Lc  timers.o [1]
pxPortInitialiseStack   0x080009a5    0x22  Code  Gb  port.o [1]
pxReadyTasksLists       0x20004500    0x8c  Data  Lc  tasks.o [1]
uart1_rx_cplt           0x200044e0     0x4  Data  Gb  uart_lld.o [1]
uart1_rx_idle           0x200045fc     0x4  Data  Gb  uart_lld.o [1]
uart1_rxh_cplt          0x200044e4     0x4  Data  Gb  uart_lld.o [1]
uart1_timeout           0x080022b9     0x2  Code  Lc  uart_lld.o [1]
uart1_timerHandle       0x200044d8     0x4  Data  Gb  uart_lld.o [1]
uart1_tx_cplt           0x200044e8     0x4  Data  Gb  uart_lld.o [1]
uart1_txh_cplt          0x200044ec     0x4  Data  Gb  uart_lld.o [1]
uart3_rx_buffer         0x20003ec8   0x200  Data  Gb  uart_lld.o [1]
uart3_rx_cplt           0x200044f0     0x4  Data  Gb  uart_lld.o [1]
uart3_rx_idle           0x20004600     0x4  Data  Gb  uart_lld.o [1]
uart3_rx_state          0x200040c8     0x1  Data  Gb  uart_lld.o [1]
uart3_rxh_cplt          0x200044f4     0x4  Data  Gb  uart_lld.o [1]
uart3_timeout           0x080022bb     0x2  Code  Lc  uart_lld.o [1]
uart3_timerHandle       0x200044dc     0x4  Data  Gb  uart_lld.o [1]
uart3_tx_cplt           0x200044f8     0x4  Data  Gb  uart_lld.o [1]
uart3_txh_cplt          0x200044fc     0x4  Data  Gb  uart_lld.o [1]
uart_lld_init           0x080020cb   0x140  Code  Gb  uart_lld.o [1]
uart_run_Handle         0x200044d0     0x4  Data  Gb  uart_lld.o [1]
ucHeap                  0x200002c8  0x3c00  Data  Lc  heap_4.o [1]
ucMaxSysCallPriority    0x20000000     0x1  Data  Lc  port.o [1]
ulMaxPRIGROUPValue      0x20000008     0x4  Data  Lc  port.o [1]
uwTick                  0x200046d4     0x4  Data  Lc  stm32f7xx_hal.o [1]
uxCriticalNesting       0x20000004     0x4  Data  Lc  port.o [1]
uxCurrentNumberOfTasks  0x2000005c     0x4  Data  Lc  tasks.o [1]
uxListRemove            0x08000be7    0x24  Code  Gb  list.o [1]
uxPendedTicks           0x2000006c     0x4  Data  Lc  tasks.o [1]
uxSchedulerSuspended    0x20000080     0x4  Data  Lc  tasks.o [1]
uxTaskNumber            0x20000078     0x4  Data  Lc  tasks.o [1]
uxTasksDeleted          0x20000044     0x4  Data  Lc  tasks.o [1]
uxTopReadyPriority      0x20000064     0x4  Data  Lc  tasks.o [1]
vListInitialise         0x08000b7d    0x1a  Code  Gb  list.o [1]
vListInitialiseItem     0x08000b97     0x6  Code  Gb  list.o [1]
vListInsert             0x08000bb5    0x32  Code  Gb  list.o [1]
vListInsertEnd          0x08000b9d    0x18  Code  Gb  list.o [1]
vPortEnableVFP          0x080011c9          Code  Gb  portasm.o [1]
vPortEnterCritical      0x08000a69    0x3a  Code  Gb  port.o [1]
vPortExitCritical       0x08000aa3    0x28  Code  Gb  port.o [1]
vPortFree               0x0800105b    0x44  Code  Gb  heap_4.o [1]
vPortSetupTimerInterrupt
                        0x08000af5    0x18  Code  Wk  port.o [1]
vPortStartFirstTask     0x080011b1          Code  Gb  portasm.o [1]
vPortValidateInterruptPriority
                        0x08000b0d    0x4a  Code  Gb  port.o [1]
vQueueAddToRegistry     0x0800178f    0x20  Code  Gb  queue.o [1]
vQueueWaitForMessageRestricted
                        0x080017b9    0x38  Code  Gb  queue.o [1]
vTaskDelay              0x080002db    0x36  Code  Gb  tasks.o [1]
vTaskMissedYield        0x080006f5     0xa  Code  Gb  tasks.o [1]
vTaskPlaceOnEventList   0x08000575    0x26  Code  Gb  tasks.o [1]
vTaskPlaceOnEventListRestricted
                        0x080005d7    0x2a  Code  Gb  tasks.o [1]
vTaskPriorityInherit    0x08000847    0x6a  Code  Gb  tasks.o [1]
vTaskSetTimeOutState    0x08000667    0x24  Code  Gb  tasks.o [1]
vTaskStartScheduler     0x08000367    0x54  Code  Gb  tasks.o [1]
vTaskSuspendAll         0x080003bb     0xc  Code  Gb  tasks.o [1]
vTaskSwitchContext      0x0800051f    0x56  Code  Gb  tasks.o [1]
xActiveTimerList1       0x200046ac    0x14  Data  Lc  timers.o [1]
xActiveTimerList2       0x200046c0    0x14  Data  Lc  timers.o [1]
xBlockAllocatedBit      0x200002c4     0x4  Data  Lc  heap_4.o [1]
xDelayedTaskList1       0x20000084    0x14  Data  Lc  tasks.o [1]
xDelayedTaskList2       0x20000098    0x14  Data  Lc  tasks.o [1]
xFreeBytesRemaining     0x200002bc     0x4  Data  Lc  heap_4.o [1]
xMinimumEverFreeBytesRemaining
                        0x200002c0     0x4  Data  Lc  heap_4.o [1]
xNextTaskUnblockTime    0x2000007c     0x4  Data  Lc  tasks.o [1]
xNumOfOverflows         0x20000074     0x4  Data  Lc  tasks.o [1]
xPendingReadyList       0x20000010    0x14  Data  Lc  tasks.o [1]
xPortStartScheduler     0x080009f7    0x72  Code  Gb  port.o [1]
xPortSysTickHandler     0x08000acb    0x2a  Code  Gb  port.o [1]
xQueueCreateCountingSemaphore
                        0x080012bf    0x2c  Code  Gb  queue.o [1]
xQueueGenericCreate     0x08001257    0x54  Code  Gb  queue.o [1]
xQueueGenericReceive    0x080014d5   0x11c  Code  Gb  queue.o [1]
xQueueGenericReset      0x080011e5    0x72  Code  Gb  queue.o [1]
xQueueGenericSend       0x080012eb   0x110  Code  Gb  queue.o [1]
xQueueGenericSendFromISR
                        0x0800141b    0x86  Code  Gb  queue.o [1]
xQueueReceiveFromISR    0x08001601    0x68  Code  Gb  queue.o [1]
xQueueRegistry          0x2000465c    0x40  Data  Gb  queue.o [1]
xSchedulerRunning       0x20000068     0x4  Data  Lc  tasks.o [1]
xStart                  0x200002b0     0x8  Data  Lc  heap_4.o [1]
xSuspendedTaskList      0x20000048    0x14  Data  Lc  tasks.o [1]
xTaskCheckForTimeOut    0x0800068b    0x50  Code  Gb  tasks.o [1]
xTaskGenericCreate      0x080001c9   0x112  Code  Gb  tasks.o [1]
xTaskGetSchedulerState  0x0800082f    0x18  Code  Gb  tasks.o [1]
xTaskGetTickCount       0x0800045d     0x8  Code  Gb  tasks.o [1]
xTaskIncrementTick      0x08000465    0xba  Code  Gb  tasks.o [1]
xTaskPriorityDisinherit
                        0x080008b1    0x6e  Code  Gb  tasks.o [1]
xTaskRemoveFromEventList
                        0x08000601    0x54  Code  Gb  tasks.o [1]
xTaskResumeAll          0x080003c7    0x96  Code  Gb  tasks.o [1]
xTasksWaitingTermination
                        0x20000024    0x14  Data  Lc  tasks.o [1]
xTickCount              0x20000060     0x4  Data  Lc  tasks.o [1]
xTimerCreate            0x08000c45    0x3c  Code  Gb  timers.o [1]
xTimerCreateTimerTask   0x08000c0d    0x38  Code  Gb  timers.o [1]
xTimerGenericCommand    0x08000c81    0x48  Code  Gb  timers.o [1]
xTimerQueue             0x200046a4     0x4  Data  Lc  timers.o [1]
xYieldPending           0x20000070     0x4  Data  Lc  tasks.o [1]


[1] = D:\Work\devel_stm32\dims_kl3333\dims_kl3333\EWARM\dims_kl3333\Obj
[2] = command line
[3] = dl7M_tlf.a
[4] = m7M_tls.a
[5] = rt7M_tl.a
[6] = shb_l.a

  19 906 bytes of readonly  code memory
      77 bytes of readonly  data memory
  18 136 bytes of readwrite data memory

Errors: 3
Warnings: none
