###############################################################################
#
# IAR ELF Linker V7.50.1.10123/W32 for ARM                15/Nov/2017  18:29:57
# Copyright 2007-2015 IAR Systems AB.
#
#    Output file  =  
#        D:\Work\devel_stm32\dims_kl3333\dims_kl3333\EWARM\dims_kl3333\Exe\dims_kl3333.out
#    Map file     =  
#        D:\Work\devel_stm32\dims_kl3333\dims_kl3333\EWARM\dims_kl3333\List\dims_kl3333.map
#    Command line =  
#        D:\Work\devel_stm32\dims_kl3333\dims_kl3333\EWARM\dims_kl3333\Obj\cmsis_os.o
#        D:\Work\devel_stm32\dims_kl3333\dims_kl3333\EWARM\dims_kl3333\Obj\croutine.o
#        D:\Work\devel_stm32\dims_kl3333\dims_kl3333\EWARM\dims_kl3333\Obj\dims_dsp_sdram.o
#        D:\Work\devel_stm32\dims_kl3333\dims_kl3333\EWARM\dims_kl3333\Obj\event_groups.o
#        D:\Work\devel_stm32\dims_kl3333\dims_kl3333\EWARM\dims_kl3333\Obj\freertos.o
#        D:\Work\devel_stm32\dims_kl3333\dims_kl3333\EWARM\dims_kl3333\Obj\gdisp_lld_framebuffer.o
#        D:\Work\devel_stm32\dims_kl3333\dims_kl3333\EWARM\dims_kl3333\Obj\gfx_mk.o
#        D:\Work\devel_stm32\dims_kl3333\dims_kl3333\EWARM\dims_kl3333\Obj\gpio_lld.o
#        D:\Work\devel_stm32\dims_kl3333\dims_kl3333\EWARM\dims_kl3333\Obj\gui.o
#        D:\Work\devel_stm32\dims_kl3333\dims_kl3333\EWARM\dims_kl3333\Obj\heap_4.o
#        D:\Work\devel_stm32\dims_kl3333\dims_kl3333\EWARM\dims_kl3333\Obj\ili9341_drv.o
#        D:\Work\devel_stm32\dims_kl3333\dims_kl3333\EWARM\dims_kl3333\Obj\led_lld.o
#        D:\Work\devel_stm32\dims_kl3333\dims_kl3333\EWARM\dims_kl3333\Obj\list.o
#        D:\Work\devel_stm32\dims_kl3333\dims_kl3333\EWARM\dims_kl3333\Obj\ltdc_drv.o
#        D:\Work\devel_stm32\dims_kl3333\dims_kl3333\EWARM\dims_kl3333\Obj\main.o
#        D:\Work\devel_stm32\dims_kl3333\dims_kl3333\EWARM\dims_kl3333\Obj\port.o
#        D:\Work\devel_stm32\dims_kl3333\dims_kl3333\EWARM\dims_kl3333\Obj\portasm.o
#        D:\Work\devel_stm32\dims_kl3333\dims_kl3333\EWARM\dims_kl3333\Obj\pw_lld.o
#        D:\Work\devel_stm32\dims_kl3333\dims_kl3333\EWARM\dims_kl3333\Obj\queue.o
#        D:\Work\devel_stm32\dims_kl3333\dims_kl3333\EWARM\dims_kl3333\Obj\startup_stm32f746xx.o
#        D:\Work\devel_stm32\dims_kl3333\dims_kl3333\EWARM\dims_kl3333\Obj\stm32f7xx_hal.o
#        D:\Work\devel_stm32\dims_kl3333\dims_kl3333\EWARM\dims_kl3333\Obj\stm32f7xx_hal_cortex.o
#        D:\Work\devel_stm32\dims_kl3333\dims_kl3333\EWARM\dims_kl3333\Obj\stm32f7xx_hal_dma.o
#        D:\Work\devel_stm32\dims_kl3333\dims_kl3333\EWARM\dims_kl3333\Obj\stm32f7xx_hal_dma_ex.o
#        D:\Work\devel_stm32\dims_kl3333\dims_kl3333\EWARM\dims_kl3333\Obj\stm32f7xx_hal_flash.o
#        D:\Work\devel_stm32\dims_kl3333\dims_kl3333\EWARM\dims_kl3333\Obj\stm32f7xx_hal_flash_ex.o
#        D:\Work\devel_stm32\dims_kl3333\dims_kl3333\EWARM\dims_kl3333\Obj\stm32f7xx_hal_gpio.o
#        D:\Work\devel_stm32\dims_kl3333\dims_kl3333\EWARM\dims_kl3333\Obj\stm32f7xx_hal_i2c.o
#        D:\Work\devel_stm32\dims_kl3333\dims_kl3333\EWARM\dims_kl3333\Obj\stm32f7xx_hal_i2c_ex.o
#        D:\Work\devel_stm32\dims_kl3333\dims_kl3333\EWARM\dims_kl3333\Obj\stm32f7xx_hal_ltdc.o
#        D:\Work\devel_stm32\dims_kl3333\dims_kl3333\EWARM\dims_kl3333\Obj\stm32f7xx_hal_msp.o
#        D:\Work\devel_stm32\dims_kl3333\dims_kl3333\EWARM\dims_kl3333\Obj\stm32f7xx_hal_pwr.o
#        D:\Work\devel_stm32\dims_kl3333\dims_kl3333\EWARM\dims_kl3333\Obj\stm32f7xx_hal_pwr_ex.o
#        D:\Work\devel_stm32\dims_kl3333\dims_kl3333\EWARM\dims_kl3333\Obj\stm32f7xx_hal_rcc.o
#        D:\Work\devel_stm32\dims_kl3333\dims_kl3333\EWARM\dims_kl3333\Obj\stm32f7xx_hal_rcc_ex.o
#        D:\Work\devel_stm32\dims_kl3333\dims_kl3333\EWARM\dims_kl3333\Obj\stm32f7xx_hal_rtc.o
#        D:\Work\devel_stm32\dims_kl3333\dims_kl3333\EWARM\dims_kl3333\Obj\stm32f7xx_hal_rtc_ex.o
#        D:\Work\devel_stm32\dims_kl3333\dims_kl3333\EWARM\dims_kl3333\Obj\stm32f7xx_hal_sdram.o
#        D:\Work\devel_stm32\dims_kl3333\dims_kl3333\EWARM\dims_kl3333\Obj\stm32f7xx_hal_spi.o
#        D:\Work\devel_stm32\dims_kl3333\dims_kl3333\EWARM\dims_kl3333\Obj\stm32f7xx_hal_tim.o
#        D:\Work\devel_stm32\dims_kl3333\dims_kl3333\EWARM\dims_kl3333\Obj\stm32f7xx_hal_tim_ex.o
#        D:\Work\devel_stm32\dims_kl3333\dims_kl3333\EWARM\dims_kl3333\Obj\stm32f7xx_hal_uart_idle_cb.o
#        D:\Work\devel_stm32\dims_kl3333\dims_kl3333\EWARM\dims_kl3333\Obj\stm32f7xx_it.o
#        D:\Work\devel_stm32\dims_kl3333\dims_kl3333\EWARM\dims_kl3333\Obj\stm32f7xx_ll_fmc.o
#        D:\Work\devel_stm32\dims_kl3333\dims_kl3333\EWARM\dims_kl3333\Obj\system_stm32f7xx.o
#        D:\Work\devel_stm32\dims_kl3333\dims_kl3333\EWARM\dims_kl3333\Obj\tasks.o
#        D:\Work\devel_stm32\dims_kl3333\dims_kl3333\EWARM\dims_kl3333\Obj\timers.o
#        D:\Work\devel_stm32\dims_kl3333\dims_kl3333\EWARM\dims_kl3333\Obj\uart_lld.o
#        --redirect _Printf=_PrintfFull --redirect _Scanf=_ScanfFull -o
#        D:\Work\devel_stm32\dims_kl3333\dims_kl3333\EWARM\dims_kl3333\Exe\dims_kl3333.out
#        --map
#        D:\Work\devel_stm32\dims_kl3333\dims_kl3333\EWARM\dims_kl3333\List\dims_kl3333.map
#        --config
#        D:\Work\devel_stm32\dims_kl3333\dims_kl3333\EWARM/stm32f746xx_flash.icf
#        --semihosting --entry __iar_program_start --vfe
#
###############################################################################

*******************************************************************************
*** RUNTIME MODEL ATTRIBUTES
***

CppFlavor       = *
__SystemLibrary = DLib


*******************************************************************************
*** PLACEMENT SUMMARY
***

"A1":  place at 0x08000000 { ro section .intvec };
"P1":  place in [from 0x08000000 to 0x080fffff] { ro };
"P2":  place in [from 0x20000000 to 0x2004ffff] { rw, block CSTACK, block HEAP };

  Section             Kind        Address     Size  Object
  -------             ----        -------     ----  ------
"A1":                                        0x1c8
  .intvec             ro code  0x08000000    0x1c8  startup_stm32f746xx.o [1]
                             - 0x080001c8    0x1c8

"P1":                                      0x2aac7
  .rodata             const    0x080001c8  0x229b8  gfx_mk.o [1]
  .text               ro code  0x08022b80   0x15e0  gfx_mk.o [1]
  .text               ro code  0x08024160    0x708  queue.o [1]
  .text               ro code  0x08024868    0x1d8  port.o [1]
  .text               ro code  0x08024a40    0x7dc  tasks.o [1]
  .text               ro code  0x0802521c    0x1b4  heap_4.o [1]
  .text               ro code  0x080253d0      0x6  ABImemclr.o [5]
  .text               ro code  0x080253d8     0x76  ABImemcpy_unaligned.o [5]
  .text               ro code  0x08025450    0x2f8  gdisp_lld_framebuffer.o [1]
  .text               ro code  0x08025748     0x8e  list.o [1]
  CODE                ro code  0x080257d8     0xac  portasm.o [1]
  .text               ro code  0x08025884    0x33c  timers.o [1]
  .text               ro code  0x08025bc0     0x3a  ABImemset48.o [5]
  .text               ro code  0x08025bfc     0x5e  ABImemset.o [5]
  .text               ro code  0x08025c5c    0x286  dims_dsp_sdram.o [1]
  .text               ro code  0x08025ee4    0x3d2  ili9341_drv.o [1]
  .text               ro code  0x080262b8    0x228  ltdc_drv.o [1]
  .text               ro code  0x080264e0    0x214  stm32f7xx_hal_gpio.o [1]
  .text               ro code  0x080266f4     0x98  stm32f7xx_hal_sdram.o [1]
  .text               ro code  0x0802678c     0x74  stm32f7xx_hal.o [1]
  .text               ro code  0x08026800    0x2f8  stm32f7xx_hal_dma.o [1]
  .text               ro code  0x08026af8     0xd8  stm32f7xx_hal_cortex.o [1]
  .text               ro code  0x08026bd0    0x350  stm32f7xx_hal_spi.o [1]
  .text               ro code  0x08026f20    0x374  stm32f7xx_hal_ltdc.o [1]
  .text               ro code  0x08027294    0x190  cmsis_os.o [1]
  .text               ro code  0x08027424    0x148  stm32f7xx_ll_fmc.o [1]
  .text               ro code  0x0802756c    0x1d0  stm32f7xx_hal_msp.o [1]
  .text               ro code  0x0802773c    0x554  stm32f7xx_hal_rcc.o [1]
  .text               ro code  0x08027c90    0x790  stm32f7xx_hal_uart_idle_cb.o [1]
  .text               ro code  0x08028420    0x414  uart_lld.o [1]
  .text               ro code  0x08028834     0x22  led_lld.o [1]
  .text               ro code  0x08028858    0x532  stm32f7xx_hal_tim.o [1]
  .text               ro code  0x08028d8c    0x20c  stm32f7xx_hal_tim_ex.o [1]
  .text               ro code  0x08028f98    0x518  gui.o [1]
  .text               ro code  0x080294b0     0x30  I32ToDbl.o [4]
  .text               ro code  0x080294e0    0x100  sqrt.o [4]
  .text               ro code  0x080295e0     0x4c  DblToI32.o [4]
  .text               ro code  0x0802962c    0x1a2  DblMul.o [4]
  .text               ro code  0x080297d0     0x90  DblToFlt.o [4]
  .text               ro code  0x08029860    0x16c  xfsin.o [4]
  .text               ro code  0x080299cc     0x4e  FltToDbl.o [4]
  .text               ro code  0x08029a1c      0xc  iarEdom.o [5]
  .text               ro code  0x08029a28      0xc  errno.o [3]
  .text               ro code  0x08029a34     0xec  xfquad.o [4]
  .text               ro code  0x08029b20      0x2  xtls.o [3]
  .text               ro code  0x08029b22     0x4e  xfdint.o [4]
  .text               ro code  0x08029b70     0xe6  fmodf.o [4]
  .text               ro code  0x08029c58    0x468  stm32f7xx_hal_rcc_ex.o [1]
  .text               ro code  0x0802a0c0    0x380  main.o [1]
  .text               ro code  0x0802a440     0xa8  stm32f7xx_hal_i2c.o [1]
  .text               ro code  0x0802a4e8     0x6e  stm32f7xx_hal_i2c_ex.o [1]
  .text               ro code  0x0802a558    0x1da  gpio_lld.o [1]
  .text               ro code  0x0802a734     0x3a  pw_lld.o [1]
  .text               ro code  0x0802a770     0x78  stm32f7xx_hal_pwr_ex.o [1]
  .rodata             const    0x0802a7e8     0x60  gdisp_lld_framebuffer.o [1]
  .text               ro code  0x0802a848     0x50  system_stm32f7xx.o [1]
  .text               ro code  0x0802a898     0x4c  stm32f7xx_it.o [1]
  .text               ro code  0x0802a8e4     0x40  zero_init3.o [5]
  .text               ro code  0x0802a924     0x38  packbits_init_single.o [5]
  .text               ro code  0x0802a95c     0x28  data_init.o [5]
  .rodata             const    0x0802a984     0x24  uart_lld.o [1]
  .text               ro code  0x0802a9a8     0x22  fpinit_M.o [4]
  .iar.init_table     const    0x0802a9cc     0x20  - Linker created -
  .text               ro code  0x0802a9ec     0x1a  cmain.o [5]
  .text               ro code  0x0802aa06      0x4  low_level_init.o [3]
  .text               ro code  0x0802aa0a      0x4  exit.o [3]
  .text               ro code  0x0802aa10      0xa  cexit.o [5]
  .text               ro code  0x0802aa1c     0x14  exit.o [6]
  .rodata             const    0x0802aa30     0x10  gui.o [1]
  .text               ro code  0x0802aa40     0x10  startup_stm32f746xx.o [1]
  .rodata             const    0x0802aa50      0xc  main.o [1]
  .text               ro code  0x0802aa5c      0xc  cstartup_M.o [5]
  .text               ro code  0x0802aa68      0x4  startup_stm32f746xx.o [1]
  .text               ro code  0x0802aa6c      0x4  startup_stm32f746xx.o [1]
  .text               ro code  0x0802aa70      0x4  startup_stm32f746xx.o [1]
  .text               ro code  0x0802aa74      0x4  startup_stm32f746xx.o [1]
  .text               ro code  0x0802aa78      0x4  startup_stm32f746xx.o [1]
  .text               ro code  0x0802aa7c      0x4  startup_stm32f746xx.o [1]
  .text               ro code  0x0802aa80      0x4  startup_stm32f746xx.o [1]
  .text               ro code  0x0802aa84      0x4  startup_stm32f746xx.o [1]
  .text               ro code  0x0802aa88      0x4  startup_stm32f746xx.o [1]
  .text               ro code  0x0802aa8c      0x4  startup_stm32f746xx.o [1]
  .text               ro code  0x0802aa90      0x4  startup_stm32f746xx.o [1]
  .text               ro code  0x0802aa94      0x4  startup_stm32f746xx.o [1]
  .text               ro code  0x0802aa98      0x4  startup_stm32f746xx.o [1]
  .text               ro code  0x0802aa9c      0x4  startup_stm32f746xx.o [1]
  .text               ro code  0x0802aaa0      0x4  startup_stm32f746xx.o [1]
  .text               ro code  0x0802aaa4      0x4  startup_stm32f746xx.o [1]
  .text               ro code  0x0802aaa8      0x4  startup_stm32f746xx.o [1]
  .text               ro code  0x0802aaac      0x4  startup_stm32f746xx.o [1]
  .text               ro code  0x0802aab0      0x4  startup_stm32f746xx.o [1]
  .text               ro code  0x0802aab4      0x4  startup_stm32f746xx.o [1]
  .text               ro code  0x0802aab8      0x4  startup_stm32f746xx.o [1]
  .text               ro code  0x0802aabc      0x4  startup_stm32f746xx.o [1]
  .text               ro code  0x0802aac0      0x4  startup_stm32f746xx.o [1]
  .text               ro code  0x0802aac4      0x4  startup_stm32f746xx.o [1]
  .text               ro code  0x0802aac8      0x4  startup_stm32f746xx.o [1]
  .text               ro code  0x0802aacc      0x4  startup_stm32f746xx.o [1]
  .text               ro code  0x0802aad0      0x4  startup_stm32f746xx.o [1]
  .text               ro code  0x0802aad4      0x4  startup_stm32f746xx.o [1]
  .text               ro code  0x0802aad8      0x4  startup_stm32f746xx.o [1]
  .text               ro code  0x0802aadc      0x4  startup_stm32f746xx.o [1]
  .text               ro code  0x0802aae0      0x4  startup_stm32f746xx.o [1]
  .text               ro code  0x0802aae4      0x4  startup_stm32f746xx.o [1]
  .text               ro code  0x0802aae8      0x4  startup_stm32f746xx.o [1]
  .text               ro code  0x0802aaec      0x4  startup_stm32f746xx.o [1]
  .text               ro code  0x0802aaf0      0x4  startup_stm32f746xx.o [1]
  .text               ro code  0x0802aaf4      0x4  startup_stm32f746xx.o [1]
  .text               ro code  0x0802aaf8      0x4  startup_stm32f746xx.o [1]
  .text               ro code  0x0802aafc      0x4  startup_stm32f746xx.o [1]
  .text               ro code  0x0802ab00      0x4  startup_stm32f746xx.o [1]
  .text               ro code  0x0802ab04      0x4  startup_stm32f746xx.o [1]
  .text               ro code  0x0802ab08      0x4  startup_stm32f746xx.o [1]
  .text               ro code  0x0802ab0c      0x4  startup_stm32f746xx.o [1]
  .text               ro code  0x0802ab10      0x4  startup_stm32f746xx.o [1]
  .text               ro code  0x0802ab14      0x4  startup_stm32f746xx.o [1]
  .text               ro code  0x0802ab18      0x4  startup_stm32f746xx.o [1]
  .text               ro code  0x0802ab1c      0x4  startup_stm32f746xx.o [1]
  .text               ro code  0x0802ab20      0x4  startup_stm32f746xx.o [1]
  .text               ro code  0x0802ab24      0x4  startup_stm32f746xx.o [1]
  .text               ro code  0x0802ab28      0x4  startup_stm32f746xx.o [1]
  .text               ro code  0x0802ab2c      0x4  startup_stm32f746xx.o [1]
  .text               ro code  0x0802ab30      0x4  startup_stm32f746xx.o [1]
  .text               ro code  0x0802ab34      0x4  startup_stm32f746xx.o [1]
  .text               ro code  0x0802ab38      0x4  startup_stm32f746xx.o [1]
  .text               ro code  0x0802ab3c      0x4  startup_stm32f746xx.o [1]
  .text               ro code  0x0802ab40      0x4  startup_stm32f746xx.o [1]
  .text               ro code  0x0802ab44      0x4  startup_stm32f746xx.o [1]
  .text               ro code  0x0802ab48      0x4  startup_stm32f746xx.o [1]
  .text               ro code  0x0802ab4c      0x4  startup_stm32f746xx.o [1]
  .text               ro code  0x0802ab50      0x4  startup_stm32f746xx.o [1]
  .text               ro code  0x0802ab54      0x4  startup_stm32f746xx.o [1]
  .text               ro code  0x0802ab58      0x4  startup_stm32f746xx.o [1]
  .text               ro code  0x0802ab5c      0x4  startup_stm32f746xx.o [1]
  .text               ro code  0x0802ab60      0x4  startup_stm32f746xx.o [1]
  .text               ro code  0x0802ab64      0x4  startup_stm32f746xx.o [1]
  .text               ro code  0x0802ab68      0x4  startup_stm32f746xx.o [1]
  .text               ro code  0x0802ab6c      0x4  startup_stm32f746xx.o [1]
  .text               ro code  0x0802ab70      0x4  startup_stm32f746xx.o [1]
  .text               ro code  0x0802ab74      0x4  startup_stm32f746xx.o [1]
  .text               ro code  0x0802ab78      0x4  startup_stm32f746xx.o [1]
  .text               ro code  0x0802ab7c      0x4  startup_stm32f746xx.o [1]
  .text               ro code  0x0802ab80      0x4  startup_stm32f746xx.o [1]
  .text               ro code  0x0802ab84      0x4  startup_stm32f746xx.o [1]
  .text               ro code  0x0802ab88      0x4  startup_stm32f746xx.o [1]
  .text               ro code  0x0802ab8c      0x4  startup_stm32f746xx.o [1]
  .text               ro code  0x0802ab90      0x4  startup_stm32f746xx.o [1]
  .text               ro code  0x0802ab94      0x4  startup_stm32f746xx.o [1]
  .text               ro code  0x0802ab98      0x4  startup_stm32f746xx.o [1]
  .text               ro code  0x0802ab9c      0x4  startup_stm32f746xx.o [1]
  .text               ro code  0x0802aba0      0x4  startup_stm32f746xx.o [1]
  .text               ro code  0x0802aba4      0x4  startup_stm32f746xx.o [1]
  .text               ro code  0x0802aba8      0x4  startup_stm32f746xx.o [1]
  .text               ro code  0x0802abac      0x4  startup_stm32f746xx.o [1]
  .text               ro code  0x0802abb0      0x4  startup_stm32f746xx.o [1]
  .text               ro code  0x0802abb4      0x4  startup_stm32f746xx.o [1]
  .text               ro code  0x0802abb8      0x4  startup_stm32f746xx.o [1]
  .text               ro code  0x0802abbc      0x4  startup_stm32f746xx.o [1]
  .text               ro code  0x0802abc0      0x4  startup_stm32f746xx.o [1]
  .text               ro code  0x0802abc4      0x4  startup_stm32f746xx.o [1]
  .text               ro code  0x0802abc8      0x4  startup_stm32f746xx.o [1]
  .text               ro code  0x0802abcc      0x4  startup_stm32f746xx.o [1]
  .text               ro code  0x0802abd0      0x4  startup_stm32f746xx.o [1]
  .text               ro code  0x0802abd4      0x4  startup_stm32f746xx.o [1]
  .text               ro code  0x0802abd8      0x4  startup_stm32f746xx.o [1]
  .text               ro code  0x0802abdc      0x4  startup_stm32f746xx.o [1]
  .text               ro code  0x0802abe0      0x4  startup_stm32f746xx.o [1]
  .text               ro code  0x0802abe4      0x4  startup_stm32f746xx.o [1]
  .rodata             const    0x0802abe8      0x0  zero_init3.o [5]
  .rodata             const    0x0802abe8      0x0  packbits_init_single.o [5]
  Initializer bytes   const    0x0802abe8     0xa7  <for P2-1>
                             - 0x0802ac8f  0x2aac7

"P2", part 1 of 3:                          0x2188
  P2-1                         0x20000000   0x2188  <Init block>
    .data             inited   0x20000000      0x8  gui.o [1]
    .data             inited   0x20000008   0x201c  gui.o [1]
    .data             inited   0x20002024      0xc  port.o [1]
    .data             inited   0x20002030      0x4  system_stm32f7xx.o [1]
    .data             inited   0x20002034     0x9c  tasks.o [1]
    .data             inited   0x200020d0     0xb4  uart_lld.o [1]
    __DLIB_PERTHREAD  inited   0x20002184      0x4  errno.o [3]
                             - 0x20002188   0x2188

"P2", part 2 of 3:                           0x200
  CSTACK                       0x20002188    0x200  <Block>
    CSTACK            uninit   0x20002188    0x200  <Block tail>
                             - 0x20002388    0x200

"P2", part 3 of 3:                          0xa8fc
  .bss                zero     0x20002388   0x5020  gui.o [1]
  .bss                zero     0x200073a8   0x3c18  heap_4.o [1]
  .bss                zero     0x2000afc0   0x1400  gui.o [1]
  .bss                zero     0x2000c3c0    0x208  gfx_mk.o [1]
  .bss                zero     0x2000c5c8    0x160  uart_lld.o [1]
  .bss                zero     0x2000c728    0x158  main.o [1]
  .bss                zero     0x2000c880     0xa8  ltdc_drv.o [1]
  .bss                zero     0x2000c928     0x8c  tasks.o [1]
  .bss                zero     0x2000c9b4     0x80  uart_lld.o [1]
  .bss                zero     0x2000ca34     0x64  ili9341_drv.o [1]
  .bss                zero     0x2000ca98     0x60  dims_dsp_sdram.o [1]
  .bss                zero     0x2000caf8     0x58  dims_dsp_sdram.o [1]
  .bss                zero     0x2000cb50     0x58  main.o [1]
  .bss                zero     0x2000cba8     0x40  queue.o [1]
  .bss                zero     0x2000cbe8     0x38  timers.o [1]
  .bss                zero     0x2000cc20     0x28  uart_lld.o [1]
  .bss                zero     0x2000cc48     0x1c  gfx_mk.o [1]
  .bss                zero     0x2000cc64      0x8  gfx_mk.o [1]
  .bss                zero     0x2000cc6c      0x8  gfx_mk.o [1]
  .bss                zero     0x2000cc74      0x8  ltdc_drv.o [1]
  .bss                zero     0x2000cc7c      0x4  gui.o [1]
  .bss                zero     0x2000cc80      0x4  stm32f7xx_hal.o [1]
                             - 0x2000cc84   0xa8fc


*******************************************************************************
*** INIT TABLE
***

          Address     Size
          -------     ----
Zero (__iar_zero_init3)
    1 destination range, total size 0xa8fc:
          0x20002388  0xa8fc

Copy/packbits (__iar_packbits_init_single3)
    1 source range, total size 0xa7 (1% of destination):
          0x0802abe8    0xa7
    1 destination range, total size 0x2188:
          0x20000000  0x2188



*******************************************************************************
*** MODULE SUMMARY
***

    Module                        ro code  ro data  rw data
    ------                        -------  -------  -------
D:\Work\devel_stm32\dims_kl3333\dims_kl3333\EWARM\dims_kl3333\Obj: [1]
    cmsis_os.o                        400
    dims_dsp_sdram.o                  646               184
    gdisp_lld_framebuffer.o           760       96
    gfx_mk.o                        5 600  141 752      564
    gpio_lld.o                        474
    gui.o                           1 304      176   33 864
    heap_4.o                          436            15 384
    ili9341_drv.o                     978               100
    led_lld.o                          34
    list.o                            142
    ltdc_drv.o                        552               176
    main.o                            896       12      432
    port.o                            472                12
    portasm.o                         172
    pw_lld.o                           58
    queue.o                         1 800                64
    startup_stm32f746xx.o             856
    stm32f7xx_hal.o                   116                 4
    stm32f7xx_hal_cortex.o            216
    stm32f7xx_hal_dma.o               760
    stm32f7xx_hal_gpio.o              532
    stm32f7xx_hal_i2c.o               168
    stm32f7xx_hal_i2c_ex.o            110
    stm32f7xx_hal_ltdc.o              884
    stm32f7xx_hal_msp.o               464
    stm32f7xx_hal_pwr_ex.o            120
    stm32f7xx_hal_rcc.o             1 364
    stm32f7xx_hal_rcc_ex.o          1 128
    stm32f7xx_hal_sdram.o             152
    stm32f7xx_hal_spi.o               848
    stm32f7xx_hal_tim.o             1 330
    stm32f7xx_hal_tim_ex.o            524
    stm32f7xx_hal_uart_idle_cb.o    1 936
    stm32f7xx_it.o                     76
    stm32f7xx_ll_fmc.o                328
    system_stm32f7xx.o                 80                 4
    tasks.o                         2 012        3      296
    timers.o                          828                56
    uart_lld.o                      1 044       39      700
    -------------------------------------------------------
    Total:                         30 600  142 078   51 840

command line: [2]
    -------------------------------------------------------
    Total:

dl7M_tlf.a: [3]
    errno.o                            12        1        4
    exit.o                              4
    low_level_init.o                    4
    xtls.o                              2
    -------------------------------------------------------
    Total:                             22        1        4

m7M_tls.a: [4]
    DblMul.o                          418
    DblToFlt.o                        144
    DblToI32.o                         76
    FltToDbl.o                         78
    I32ToDbl.o                         48
    fmodf.o                           230
    fpinit_M.o                         34
    sqrt.o                            256
    xfdint.o                           78
    xfquad.o                          236
    xfsin.o                           364
    -------------------------------------------------------
    Total:                          1 962

rt7M_tl.a: [5]
    ABImemclr.o                         6
    ABImemcpy_unaligned.o             118
    ABImemset.o                        94
    ABImemset48.o                      58
    cexit.o                            10
    cmain.o                            26
    cstartup_M.o                       12
    data_init.o                        40
    iarEdom.o                          12
    packbits_init_single.o             56
    zero_init3.o                       64
    -------------------------------------------------------
    Total:                            496

shb_l.a: [6]
    exit.o                             20
    -------------------------------------------------------
    Total:                             20

    Gaps                               34        2
    Linker created                              32      512
-----------------------------------------------------------
    Grand Total:                   33 134  142 113   52 356


*******************************************************************************
*** ENTRY LIST
***

Entry                      Address    Size  Type      Object
-----                      -------    ----  ----      ------
.iar.init_table$$Base   0x0802a9cc           --   Gb  - Linker created -
.iar.init_table$$Limit  0x0802a9ec           --   Gb  - Linker created -
?main                   0x0802a9ed          Code  Gb  cmain.o [5]
APBAHBPrescTable        0x08027c80    0x10  Data  Gb  stm32f7xx_hal_rcc.o [1]
Assignments             0x2000c3c8   0x200  Data  Lc  gfx_mk.o [1]
BSP_SDRAM_Init          0x08025c5d    0x64  Code  Gb  dims_dsp_sdram.o [1]
BSP_SDRAM_Initialization_sequence
                        0x08025cc1    0x74  Code  Gb  dims_dsp_sdram.o [1]
CSTACK$$Base            0x20002188           --   Gb  - Linker created -
CSTACK$$Limit           0x20002388           --   Gb  - Linker created -
Command                 0x2000cae8    0x10  Data  Lc  dims_dsp_sdram.o [1]
DMA1_Stream1_IRQHandler
                        0x0802a8a7     0x6  Code  Gb  stm32f7xx_it.o [1]
DMA1_Stream3_IRQHandler
                        0x0802a8ad     0x6  Code  Gb  stm32f7xx_it.o [1]
DMA2D_FillBuffer        0x08025585    0x28  Code  Lc  gdisp_lld_framebuffer.o [1]
DMA2_Stream2_IRQHandler
                        0x0802a8bf     0x6  Code  Gb  stm32f7xx_it.o [1]
DMA2_Stream7_IRQHandler
                        0x0802a8c5     0x6  Code  Gb  stm32f7xx_it.o [1]
DMA_CalcBaseAndBitshift
                        0x08026ac9    0x24  Code  Lc  stm32f7xx_hal_dma.o [1]
DMA_SetConfig           0x08026801    0x1e  Code  Lc  stm32f7xx_hal_dma.o [1]
FMC_SDRAM_Init          0x08027425    0x74  Code  Gb  stm32f7xx_ll_fmc.o [1]
FMC_SDRAM_ProgramRefreshRate
                        0x08027561     0xc  Code  Gb  stm32f7xx_ll_fmc.o [1]
FMC_SDRAM_SendCommand   0x08027515    0x4c  Code  Gb  stm32f7xx_ll_fmc.o [1]
FMC_SDRAM_Timing_Init   0x08027499    0x7c  Code  Gb  stm32f7xx_ll_fmc.o [1]
GDISP                   0x2000cc70     0x4  Data  Gb  gfx_mk.o [1]
GDISPVMT_OnlyOne        0x0802a7e8    0x60  Data  Gb  gdisp_lld_framebuffer.o [1]
GTimerThreadHandler     0x08023f6d    0xce  Code  Lc  gfx_mk.o [1]
GUI_mainTaskHandle      0x2000cc7c     0x4  Data  Gb  gui.o [1]
GUI_main_Task           0x0802938d    0xa6  Code  Gb  gui.o [1]
GUI_start               0x08029433    0x20  Code  Gb  gui.o [1]
HAL_DMA_DeInit          0x08026893    0x50  Code  Gb  stm32f7xx_hal_dma.o [1]
HAL_DMA_IRQHandler      0x08026937   0x182  Code  Gb  stm32f7xx_hal_dma.o [1]
HAL_DMA_Init            0x0802681f    0x74  Code  Gb  stm32f7xx_hal_dma.o [1]
HAL_DMA_Start_IT        0x080268e3    0x24  Code  Gb  stm32f7xx_hal_dma.o [1]
HAL_Delay               0x080267e1    0x18  Code  Wk  stm32f7xx_hal.o [1]
HAL_GPIO_Init           0x080264e1   0x1ca  Code  Gb  stm32f7xx_hal_gpio.o [1]
HAL_GPIO_ReadPin        0x080266ab     0xc  Code  Gb  stm32f7xx_hal_gpio.o [1]
HAL_GPIO_WritePin       0x080266b7     0x8  Code  Gb  stm32f7xx_hal_gpio.o [1]
HAL_GetTick             0x080267db     0x6  Code  Wk  stm32f7xx_hal.o [1]
HAL_I2CEx_ConfigAnalogFilter
                        0x0802a4e9    0x40  Code  Gb  stm32f7xx_hal_i2c_ex.o [1]
HAL_I2C_Init            0x0802a441    0x9c  Code  Gb  stm32f7xx_hal_i2c.o [1]
HAL_I2C_MspInit         0x08027585    0x48  Code  Gb  stm32f7xx_hal_msp.o [1]
HAL_IncTick             0x080267d1     0xa  Code  Wk  stm32f7xx_hal.o [1]
HAL_Init                0x0802678d    0x20  Code  Gb  stm32f7xx_hal.o [1]
HAL_InitTick            0x080267ad    0x24  Code  Wk  stm32f7xx_hal.o [1]
HAL_LTDC_ConfigColorKeying
                        0x080270e9    0x40  Code  Gb  stm32f7xx_hal_ltdc.o [1]
HAL_LTDC_ConfigLayer    0x080270a5    0x44  Code  Gb  stm32f7xx_hal_ltdc.o [1]
HAL_LTDC_EnableColorKeying
                        0x08027129    0x26  Code  Gb  stm32f7xx_hal_ltdc.o [1]
HAL_LTDC_ErrorCallback  0x080270a3     0x2  Code  Wk  stm32f7xx_hal_ltdc.o [1]
HAL_LTDC_IRQHandler     0x08027013    0x82  Code  Gb  stm32f7xx_hal_ltdc.o [1]
HAL_LTDC_Init           0x08026f21    0xf0  Code  Gb  stm32f7xx_hal_ltdc.o [1]
HAL_LTDC_LineEventCallback
                        0x0802649d    0x12  Code  Gb  ltdc_drv.o [1]
HAL_LTDC_MspInit        0x080262b9    0x96  Code  Lc  ltdc_drv.o [1]
HAL_LTDC_MspInit        0x08027011     0x2  Code  Wk  stm32f7xx_hal_ltdc.o [1]
HAL_LTDC_ProgramLineEvent
                        0x0802715f    0x2e  Code  Gb  stm32f7xx_hal_ltdc.o [1]
HAL_MspInit             0x0802756d    0x18  Code  Gb  stm32f7xx_hal_msp.o [1]
HAL_NVIC_EnableIRQ      0x08026b67     0xc  Code  Gb  stm32f7xx_hal_cortex.o [1]
HAL_NVIC_SetPriority    0x08026b2d    0x3a  Code  Gb  stm32f7xx_hal_cortex.o [1]
HAL_NVIC_SetPriorityGrouping
                        0x08026b13    0x1a  Code  Gb  stm32f7xx_hal_cortex.o [1]
HAL_PWREx_EnableOverDrive
                        0x0802a771    0x48  Code  Gb  stm32f7xx_hal_pwr_ex.o [1]
HAL_RCCEx_PeriphCLKConfig
                        0x08029c59   0x430  Code  Gb  stm32f7xx_hal_rcc_ex.o [1]
HAL_RCC_ClockConfig     0x08027a51   0x142  Code  Gb  stm32f7xx_hal_rcc.o [1]
HAL_RCC_GetHCLKFreq     0x08027c13    0x1e  Code  Gb  stm32f7xx_hal_rcc.o [1]
HAL_RCC_GetPCLK1Freq    0x08027c31    0x10  Code  Gb  stm32f7xx_hal_rcc.o [1]
HAL_RCC_GetPCLK2Freq    0x08027c41     0xe  Code  Gb  stm32f7xx_hal_rcc.o [1]
HAL_RCC_GetSysClockFreq
                        0x08027bcd    0x46  Code  Gb  stm32f7xx_hal_rcc.o [1]
HAL_RCC_OscConfig       0x0802773d   0x2f2  Code  Gb  stm32f7xx_hal_rcc.o [1]
HAL_SDRAM_Init          0x080266f5    0x3a  Code  Gb  stm32f7xx_hal_sdram.o [1]
HAL_SDRAM_MspInit       0x0802672f     0x2  Code  Wk  stm32f7xx_hal_sdram.o [1]
HAL_SDRAM_ProgramRefreshRate
                        0x08026759    0x16  Code  Gb  stm32f7xx_hal_sdram.o [1]
HAL_SDRAM_SendCommand   0x08026731    0x28  Code  Gb  stm32f7xx_hal_sdram.o [1]
HAL_SPI_Init            0x08026bd1    0xac  Code  Gb  stm32f7xx_hal_spi.o [1]
HAL_SPI_MspInit         0x080275e1    0x46  Code  Gb  stm32f7xx_hal_msp.o [1]
HAL_SPI_Transmit        0x08026c7d   0x108  Code  Gb  stm32f7xx_hal_spi.o [1]
HAL_SYSTICK_CLKSourceConfig
                        0x08026ba3    0x14  Code  Gb  stm32f7xx_hal_cortex.o [1]
HAL_SYSTICK_Config      0x08026b7b    0x28  Code  Gb  stm32f7xx_hal_cortex.o [1]
HAL_TIMEx_BreakCallback
                        0x08028efb     0x2  Code  Wk  stm32f7xx_hal_tim_ex.o [1]
HAL_TIMEx_CommutationCallback
                        0x08028ef9     0x2  Code  Wk  stm32f7xx_hal_tim_ex.o [1]
HAL_TIMEx_MasterConfigSynchronization
                        0x08028ead    0x4c  Code  Gb  stm32f7xx_hal_tim_ex.o [1]
HAL_TIM_Base_Init       0x08028859    0x26  Code  Gb  stm32f7xx_hal_tim.o [1]
HAL_TIM_Base_MspInit    0x08027641    0x56  Code  Gb  stm32f7xx_hal_msp.o [1]
HAL_TIM_ConfigClockSource
                        0x08028a2b    0xb8  Code  Gb  stm32f7xx_hal_tim.o [1]
HAL_TIM_IC_CaptureCallback
                        0x08028b05     0x2  Code  Wk  stm32f7xx_hal_tim.o [1]
HAL_TIM_IRQHandler      0x080288c1   0x160  Code  Gb  stm32f7xx_hal_tim.o [1]
HAL_TIM_MspPostInit     0x080276bd    0x46  Code  Gb  stm32f7xx_hal_msp.o [1]
HAL_TIM_OC_DelayElapsedCallback
                        0x08028b03     0x2  Code  Wk  stm32f7xx_hal_tim.o [1]
HAL_TIM_PWM_ConfigChannel
                        0x08028d8d   0x108  Code  Gb  stm32f7xx_hal_tim_ex.o [1]
HAL_TIM_PWM_Init        0x0802887f    0x1a  Code  Gb  stm32f7xx_hal_tim.o [1]
HAL_TIM_PWM_MspInit     0x08027697    0x26  Code  Gb  stm32f7xx_hal_msp.o [1]
HAL_TIM_PWM_PulseFinishedCallback
                        0x08028b07     0x2  Code  Wk  stm32f7xx_hal_tim.o [1]
HAL_TIM_PeriodElapsedCallback
                        0x08028b01     0x2  Code  Wk  stm32f7xx_hal_tim.o [1]
HAL_TIM_TriggerCallback
                        0x08028b09     0x2  Code  Wk  stm32f7xx_hal_tim.o [1]
HAL_UART_ErrorCallback  0x08028749     0x2  Code  Gb  uart_lld.o [1]
HAL_UART_IRQHandler     0x08027e27   0x164  Code  Gb  stm32f7xx_hal_uart_idle_cb.o [1]
HAL_UART_Init           0x08027c91    0x34  Code  Gb  stm32f7xx_hal_uart_idle_cb.o [1]
HAL_UART_MspInit        0x08028421   0x14c  Code  Gb  uart_lld.o [1]
HAL_UART_Receive_DMA    0x08027dad    0x7a  Code  Gb  stm32f7xx_hal_uart_idle_cb.o [1]
HAL_UART_RxCpltCallback
                        0x080286f9    0x1c  Code  Gb  uart_lld.o [1]
HAL_UART_RxHalfCpltCallback
                        0x08028715    0x34  Code  Gb  uart_lld.o [1]
HAL_UART_RxIdleCallback
                        0x080286c1    0x1c  Code  Gb  uart_lld.o [1]
HAL_UART_Transmit       0x08027d0b    0xa2  Code  Gb  stm32f7xx_hal_uart_idle_cb.o [1]
HAL_UART_TxCpltCallback
                        0x080286dd    0x1c  Code  Gb  uart_lld.o [1]
ILI9341_SendCommand     0x08025f7d     0x8  Code  Lc  ili9341_drv.o [1]
ILI9341_SendData        0x08025f85     0x6  Code  Lc  ili9341_drv.o [1]
ILI9341_init            0x08025fbb   0x2ca  Code  Gb  ili9341_drv.o [1]
LTDC_IRQHandler         0x08026497     0x6  Code  Gb  ltdc_drv.o [1]
LTDC_SetConfig          0x0802718d    0xfa  Code  Lc  stm32f7xx_hal_ltdc.o [1]
LTDC_drv_fb_update      0x08026455    0x26  Code  Gb  ltdc_drv.o [1]
LTDC_drv_get_free_fb_addr
                        0x0802647b    0x1c  Code  Gb  ltdc_drv.o [1]
LTDC_drv_init           0x0802637f    0xd6  Code  Gb  ltdc_drv.o [1]
MX_DMA_Init             0x0802a311    0xaa  Code  Lc  main.o [1]
MX_GPIO_Init            0x0802a559   0x184  Code  Lc  gpio_lld.o [1]
MspInit                 0x08025d51   0x142  Code  Lc  dims_dsp_sdram.o [1]
NVIC_SetPriority        0x08026af9    0x1a  Code  Lc  stm32f7xx_hal_cortex.o [1]
PendSV_Handler          0x080257d9          Code  Gb  portasm.o [1]
RefreshTimerId          0x2000738c    0x1c  Data  Gb  gui.o [1]
Refresh_Timer_cb        0x08028f99     0x2  Code  Lc  gui.o [1]
Region$$Table$$Base     0x0802a9cc           --   Gb  - Linker created -
Region$$Table$$Limit    0x0802a9ec           --   Gb  - Linker created -
SPI_EndRxTxTransaction  0x08026ed9    0x26  Code  Lc  stm32f7xx_hal_spi.o [1]
SPI_WaitFifoStateUntilTimeout
                        0x08026e1d    0x68  Code  Lc  stm32f7xx_hal_spi.o [1]
SPI_WaitFlagStateUntilTimeout
                        0x08026dcd    0x50  Code  Lc  stm32f7xx_hal_spi.o [1]
SVC_Handler             0x08025835          Code  Gb  portasm.o [1]
SdramHandle             0x2000ca98    0x34  Data  Lc  dims_dsp_sdram.o [1]
StartDefaultTask        0x0802a3ed    0x18  Code  Gb  main.o [1]
SysTick_Handler         0x0802a899     0xe  Code  Gb  stm32f7xx_it.o [1]
SystemClock_Config      0x0802a23d    0xd4  Code  Gb  main.o [1]
SystemCoreClock         0x20002030     0x4  Data  Gb  system_stm32f7xx.o [1]
SystemInit              0x0802a849    0x3a  Code  Gb  system_stm32f7xx.o [1]
TIM6_DAC_IRQHandler     0x0802a8b9     0x6  Code  Gb  stm32f7xx_it.o [1]
TIM_Base_SetConfig      0x08028b0b    0x90  Code  Gb  stm32f7xx_hal_tim.o [1]
TIM_ETR_SetConfig       0x08028d77    0x14  Code  Gb  stm32f7xx_hal_tim.o [1]
TIM_ITRx_SetConfig      0x08028d67    0x10  Code  Lc  stm32f7xx_hal_tim.o [1]
TIM_OC1_SetConfig       0x08028b9b    0x50  Code  Gb  stm32f7xx_hal_tim.o [1]
TIM_OC2_SetConfig       0x08028beb    0x58  Code  Gb  stm32f7xx_hal_tim.o [1]
TIM_OC3_SetConfig       0x08028c43    0x56  Code  Gb  stm32f7xx_hal_tim.o [1]
TIM_OC4_SetConfig       0x08028c9f    0x46  Code  Gb  stm32f7xx_hal_tim.o [1]
TIM_OC5_SetConfig       0x08028efd    0x44  Code  Lc  stm32f7xx_hal_tim_ex.o [1]
TIM_OC6_SetConfig       0x08028f41    0x46  Code  Lc  stm32f7xx_hal_tim_ex.o [1]
TIM_TI1_ConfigInputStage
                        0x08028d21    0x22  Code  Lc  stm32f7xx_hal_tim.o [1]
TIM_TI2_ConfigInputStage
                        0x08028d43    0x24  Code  Lc  stm32f7xx_hal_tim.o [1]
Timing                  0x2000cacc    0x1c  Data  Lc  dims_dsp_sdram.o [1]
UART_AdvFeatureConfig   0x0802830d    0xc6  Code  Gb  stm32f7xx_hal_uart_idle_cb.o [1]
UART_CheckIdleState     0x080283d3    0x4e  Code  Gb  stm32f7xx_hal_uart_idle_cb.o [1]
UART_DMAError           0x08028061    0x20  Code  Lc  stm32f7xx_hal_uart_idle_cb.o [1]
UART_DMAReceiveCplt     0x08028021    0x32  Code  Lc  stm32f7xx_hal_uart_idle_cb.o [1]
UART_DMARxHalfCplt      0x08028055     0xa  Code  Lc  stm32f7xx_hal_uart_idle_cb.o [1]
UART_Receive_IT         0x08028081    0x84  Code  Lc  stm32f7xx_hal_uart_idle_cb.o [1]
UART_SetConfig          0x08028105   0x1d8  Code  Gb  stm32f7xx_hal_uart_idle_cb.o [1]
UART_WaitOnFlagUntilTimeout
                        0x08027f8b    0x94  Code  Gb  stm32f7xx_hal_uart_idle_cb.o [1]
USART3_IRQHandler       0x0802a8b3     0x6  Code  Gb  stm32f7xx_it.o [1]
Uart_TestTx_Task        0x0802876d    0x26  Code  Gb  uart_lld.o [1]
Uart_run_Task           0x0802874b    0x22  Code  Gb  uart_lld.o [1]
__aeabi_d2f             0x080297d1          Code  Gb  DblToFlt.o [4]
__aeabi_d2iz            0x080295e1          Code  Gb  DblToI32.o [4]
__aeabi_dmul            0x0802962d          Code  Gb  DblMul.o [4]
__aeabi_errno_addr      0x08029a29     0x6  Code  Gb  errno.o [3]
__aeabi_f2d             0x080299cd          Code  Gb  FltToDbl.o [4]
__aeabi_i2d             0x080294b1          Code  Gb  I32ToDbl.o [4]
__aeabi_memclr          0x080253d1          Code  Gb  ABImemclr.o [5]
__aeabi_memset4         0x08025bc1          Code  Gb  ABImemset48.o [5]
__aeabi_memset8         0x08025bc1          Code  Gb  ABImemset48.o [5]
__aeabi_ui2d            0x080294c5          Code  Gb  I32ToDbl.o [4]
__cmain                 0x0802a9ed          Code  Gb  cmain.o [5]
__exit                  0x0802aa1d    0x14  Code  Gb  exit.o [6]
__iar_Errno             0x20002184     0x4  Data  Gb  errno.o [3]
__iar_FDint             0x08029b23    0x4e  Code  Gb  xfdint.o [4]
__iar_FQuad             0x08029a35    0xc2  Code  Gb  xfquad.o [4]
__iar_FSin              0x08029861   0x12a  Code  Gb  xfsin.o [4]
__iar_Memset4_word      0x08025bc9          Code  Gb  ABImemset48.o [5]
__iar_Memset8_word      0x08025bc9          Code  Gb  ABImemset48.o [5]
__iar_Memset_word       0x08025bfd          Code  Gb  ABImemset.o [5]
__iar_d2uiz             0x0802960d          Code  Gb  DblToI32.o [4]
__iar_data_init3        0x0802a95d    0x28  Code  Gb  data_init.o [5]
__iar_dlib_perthread_access
                        0x08029b21     0x2  Code  Gb  xtls.o [3]
__iar_edom              0x08029a1d          Code  Gb  iarEdom.o [5]
__iar_init_vfp          0x0802a9a9          Code  Gb  fpinit_M.o [4]
__iar_packbits_init_single3
                        0x0802a925    0x38  Code  Gb  packbits_init_single.o [5]
__iar_program_start     0x0802aa5d          Code  Gb  cstartup_M.o [5]
__iar_sqrt              0x080294f1          Code  Gb  sqrt.o [4]
__iar_ui2d              0x080294c9          Code  Gb  I32ToDbl.o [4]
__iar_unaligned___aeabi_memcpy
                        0x080253d9          Code  Gb  ABImemcpy_unaligned.o [5]
__iar_unaligned___aeabi_memcpy4
                        0x080253f9          Code  Gb  ABImemcpy_unaligned.o [5]
__iar_unaligned___aeabi_memcpy8
                        0x080253f9          Code  Gb  ABImemcpy_unaligned.o [5]
__iar_vfp_fmodf         0x08029b71          Code  Gb  fmodf.o [4]
__iar_vfp_sqrt          0x080294e1          Code  Gb  sqrt.o [4]
__iar_vfp_sqrtl         0x080294e1          Code  Gb  sqrt.o [4]
__iar_zero_init3        0x0802a8e5    0x40  Code  Gb  zero_init3.o [5]
__low_level_init        0x0802aa07     0x4  Code  Gb  low_level_init.o [3]
__vector_table          0x08000000          Data  Gb  startup_stm32f746xx.o [1]
_call_main              0x0802a9f9          Code  Gb  cmain.o [5]
_exit                   0x0802aa11          Code  Gb  cexit.o [5]
_gdispDeInitDriver      0x080239ad    0x22  Code  Gb  gfx_mk.o [1]
_gdispInit              0x0802380b    0x40  Code  Gb  gfx_mk.o [1]
_gdispInitDriver        0x0802384b    0x28  Code  Gb  gfx_mk.o [1]
_gdispPostInitDriver    0x08023881    0xaa  Code  Gb  gfx_mk.o [1]
_gtimerInit             0x0802405d    0x1e  Code  Gb  gfx_mk.o [1]
_main                   0x0802aa03          Code  Gb  cmain.o [5]
angleX                  0x20000008     0x2  Data  Gb  gui.o [1]
angleY                  0x2000000a     0x2  Data  Gb  gui.o [1]
angleZ                  0x2000000c     0x2  Data  Gb  gui.o [1]
col                     0x20001814   0x800  Data  Gb  gui.o [1]
cosi                    0x20000000     0x4  Data  Gb  gui.o [1]
defaultTaskHandle       0x2000c87c     0x4  Data  Gb  main.o [1]
dhead                   0x2000cc64     0x4  Data  Lc  gfx_mk.o [1]
draw                    0x080291cd    0xe2  Code  Lc  gui.o [1]
drawpixel_clip          0x08023771    0x2e  Code  Lc  gfx_mk.o [1]
dtail                   0x2000cc68     0x4  Data  Lc  gfx_mk.o [1]
exit                    0x0802aa0b     0x4  Code  Gb  exit.o [3]
fb_index                0x2000cc74     0x1  Data  Gb  ltdc_drv.o [1]
fillcharglyph           0x08023d1d     0x8  Code  Lc  gfx_mk.o [1]
fillcharline            0x08023ca7    0x76  Code  Lc  gfx_mk.o [1]
find_char_range         0x08022fe3    0x2c  Code  Lc  gfx_mk.o [1]
find_glyph              0x08022d63    0x34  Code  Lc  gfx_mk.o [1]
fmodf                   0x08029b75          Code  Gb  fmodf.o [4]
gdispBlendColor         0x08023e39    0x5e  Code  Gb  gfx_mk.o [1]
gdispGClear             0x08023a2b    0x22  Code  Gb  gfx_mk.o [1]
gdispGDrawCircle        0x08023b47   0x128  Code  Gb  gfx_mk.o [1]
gdispGDrawStringBox     0x08023d73    0x96  Code  Gb  gfx_mk.o [1]
gdispGFillArea          0x08023a4d    0x8a  Code  Gb  gfx_mk.o [1]
gdispGFlush             0x080239e1    0x22  Code  Gb  gfx_mk.o [1]
gdispGGetHeight         0x080239db     0x6  Code  Gb  gfx_mk.o [1]
gdispGGetWidth          0x080239d5     0x6  Code  Gb  gfx_mk.o [1]
gdispGSetClip           0x08023ad7    0x70  Code  Gb  gfx_mk.o [1]
gdispInitDone           0x2000cc6c     0x1  Data  Lc  gfx_mk.o [1]
gdispOpenFont           0x08023ed1    0x3e  Code  Gb  gfx_mk.o [1]
gdisp_lld_clear         0x080256a9    0x1a  Code  Gb  gdisp_lld_framebuffer.o [1]
gdisp_lld_control       0x080256c5    0x84  Code  Gb  gdisp_lld_framebuffer.o [1]
gdisp_lld_draw_pixel    0x080254f1    0x10  Code  Gb  gdisp_lld_framebuffer.o [1]
gdisp_lld_fill_area     0x080255ad    0xe0  Code  Gb  gdisp_lld_framebuffer.o [1]
gdisp_lld_flush         0x080254c9    0x28  Code  Gb  gdisp_lld_framebuffer.o [1]
gdisp_lld_get_pixel_color
                        0x08025501     0xe  Code  Gb  gdisp_lld_framebuffer.o [1]
gdisp_lld_init          0x08025451    0x78  Code  Gb  gdisp_lld_framebuffer.o [1]
gdriverGetInstance      0x08022cdb    0x24  Code  Gb  gfx_mk.o [1]
gdriverGetNext          0x08022cff    0x18  Code  Gb  gfx_mk.o [1]
gdriverRegister         0x08022c5d    0x7e  Code  Gb  gfx_mk.o [1]
get_width               0x0802300f    0x12  Code  Lc  gfx_mk.o [1]
get_wordlen             0x080234cf    0x98  Code  Lc  gfx_mk.o [1]
geventMutex             0x2000c3c4     0x4  Data  Lc  gfx_mk.o [1]
gfxInit                 0x08022b81    0x26  Code  Gb  gfx_mk.o [1]
gfxInitDone             0x2000c3c0     0x1  Data  Lc  gfx_mk.o [1]
gfxMutexInit            0x08022ba7     0xe  Code  Gb  gfx_mk.o [1]
gfxSemInit              0x08022bb5    0x18  Code  Gb  gfx_mk.o [1]
gfxSemSignal            0x08022bf3    0x28  Code  Gb  gfx_mk.o [1]
gfxSemWait              0x08022bcd    0x26  Code  Gb  gfx_mk.o [1]
gfxThreadCreate         0x08022c1b    0x34  Code  Gb  gfx_mk.o [1]
gpio_lld_init           0x0802a731     0x2  Code  Gb  gpio_lld.o [1]
gtimerInit              0x0802407b     0x6  Code  Gb  gfx_mk.o [1]
gtimerStart             0x08024081    0xb4  Code  Gb  gfx_mk.o [1]
guiEventLoop            0x080292af    0xca  Code  Gb  gui.o [1]
hThread                 0x2000cc4c     0x4  Data  Lc  gfx_mk.o [1]
hdma_memtomem_dma2_stream0
                        0x2000cb50    0x58  Data  Gb  main.o [1]
hdma_usart1_rx          0x2000c620    0x58  Data  Gb  uart_lld.o [1]
hdma_usart1_tx          0x2000c5c8    0x58  Data  Gb  uart_lld.o [1]
hdma_usart3_rx          0x2000c678    0x58  Data  Gb  uart_lld.o [1]
hdma_usart3_tx          0x2000c6d0    0x58  Data  Gb  uart_lld.o [1]
height                  0x2000238a     0x2  Data  Gb  gui.o [1]
hi2c3                   0x2000c78c    0x3c  Data  Gb  main.o [1]
hline_clip              0x0802379f    0x6c  Code  Lc  gfx_mk.o [1]
hltdc                   0x2000c880    0xa8  Data  Lc  ltdc_drv.o [1]
hspi1                   0x2000ca34    0x64  Data  Lc  ili9341_drv.o [1]
hspi1                   0x2000c728    0x64  Data  Gb  main.o [1]
htim2                   0x2000c7c8    0x3c  Data  Gb  main.o [1]
htim3                   0x2000c804    0x3c  Data  Gb  main.o [1]
htim6                   0x2000c840    0x3c  Data  Gb  main.o [1]
huart1                  0x2000c9b4    0x70  Data  Gb  uart_lld.o [1]
huart3                  0x200020d0    0x70  Data  Gb  uart_lld.o [1]
inHandlerMode           0x080272a1     0xc  Code  Lc  cmsis_os.o [1]
is_wrap_space           0x080234b5    0x1a  Code  Lc  gfx_mk.o [1]
led_lld_init            0x08028855     0x2  Code  Gb  led_lld.o [1]
led_lld_toggle          0x08028835    0x20  Code  Gb  led_lld.o [1]
led_tab                 0x0802a404    0x28  Data  Lc  main.o [1]
led_tab                 0x080287dc    0x28  Data  Lc  uart_lld.o [1]
main                    0x0802a0c1   0x164  Code  Gb  main.o [1]
makeFreeRtosPriority    0x08027295     0xc  Code  Lc  cmsis_os.o [1]
matchfont               0x08023e97    0x3a  Code  Lc  gfx_mk.o [1]
matrix                  0x08028f9b   0x15a  Code  Lc  gui.o [1]
mf_bwfont_DejaVuSans10  0x08000b74    0x24  Data  Gb  gfx_mk.o [1]
mf_bwfont_DejaVuSans10_char_ranges
                        0x08000b5c    0x18  Data  Lc  gfx_mk.o [1]
mf_bwfont_DejaVuSans10_glyph_data_0
                        0x08000574   0x4c8  Data  Lc  gfx_mk.o [1]
mf_bwfont_DejaVuSans10_glyph_offsets_0
                        0x08000a3c    0xc0  Data  Lc  gfx_mk.o [1]
mf_bwfont_DejaVuSans10_glyph_widths_0
                        0x08000afc    0x60  Data  Lc  gfx_mk.o [1]
mf_bwfont_DejaVuSans10_listentry
                        0x08000b98     0x8  Data  Lc  gfx_mk.o [1]
mf_bwfont_DejaVuSans12  0x08001d90    0x24  Data  Gb  gfx_mk.o [1]
mf_bwfont_DejaVuSans12_char_ranges
                        0x08001d78    0x18  Data  Lc  gfx_mk.o [1]
mf_bwfont_DejaVuSans12_glyph_data_0
                        0x080016fc   0x55c  Data  Lc  gfx_mk.o [1]
mf_bwfont_DejaVuSans12_glyph_offsets_0
                        0x08001c58    0xc0  Data  Lc  gfx_mk.o [1]
mf_bwfont_DejaVuSans12_glyph_widths_0
                        0x08001d18    0x60  Data  Lc  gfx_mk.o [1]
mf_bwfont_DejaVuSans12_listentry
                        0x08001db4     0x8  Data  Lc  gfx_mk.o [1]
mf_bwfont_DejaVuSansBold12
                        0x0800b410    0x24  Data  Gb  gfx_mk.o [1]
mf_bwfont_DejaVuSansBold12_char_ranges
                        0x0800b3f8    0x18  Data  Lc  gfx_mk.o [1]
mf_bwfont_DejaVuSansBold12_glyph_data_0
                        0x0800acd4   0x604  Data  Lc  gfx_mk.o [1]
mf_bwfont_DejaVuSansBold12_glyph_offsets_0
                        0x0800b2d8    0xc0  Data  Lc  gfx_mk.o [1]
mf_bwfont_DejaVuSansBold12_glyph_widths_0
                        0x0800b398    0x60  Data  Lc  gfx_mk.o [1]
mf_bwfont_DejaVuSansBold12_listentry
                        0x0800b434     0x8  Data  Lc  gfx_mk.o [1]
mf_bwfont_character_width
                        0x0802314b    0x14  Code  Gb  gfx_mk.o [1]
mf_bwfont_fixed_10x20   0x0800be08    0x24  Data  Gb  gfx_mk.o [1]
mf_bwfont_fixed_10x20_char_ranges
                        0x0800bdf0    0x18  Data  Lc  gfx_mk.o [1]
mf_bwfont_fixed_10x20_glyph_data_0
                        0x0800b43c   0x894  Data  Lc  gfx_mk.o [1]
mf_bwfont_fixed_10x20_glyph_offsets_0
                        0x0800bcd0    0xc0  Data  Lc  gfx_mk.o [1]
mf_bwfont_fixed_10x20_glyph_widths_0
                        0x0800bd90    0x60  Data  Lc  gfx_mk.o [1]
mf_bwfont_fixed_10x20_listentry
                        0x0800be2c     0x8  Data  Lc  gfx_mk.o [1]
mf_bwfont_fixed_5x8     0x0800c028    0x24  Data  Gb  gfx_mk.o [1]
mf_bwfont_fixed_5x8_char_ranges
                        0x0800c010    0x18  Data  Lc  gfx_mk.o [1]
mf_bwfont_fixed_5x8_glyph_data_0
                        0x0800be34   0x1dc  Data  Lc  gfx_mk.o [1]
mf_bwfont_fixed_5x8_listentry
                        0x0800c04c     0x8  Data  Lc  gfx_mk.o [1]
mf_bwfont_fixed_7x14    0x0800c5a0    0x24  Data  Gb  gfx_mk.o [1]
mf_bwfont_fixed_7x14_char_ranges
                        0x0800c588    0x18  Data  Lc  gfx_mk.o [1]
mf_bwfont_fixed_7x14_glyph_data_0
                        0x0800c054   0x534  Data  Lc  gfx_mk.o [1]
mf_bwfont_fixed_7x14_listentry
                        0x0800c5c4     0x8  Data  Lc  gfx_mk.o [1]
mf_bwfont_render_character
                        0x08023125    0x26  Code  Gb  gfx_mk.o [1]
mf_character_width      0x08022d4b    0x18  Code  Gb  gfx_mk.o [1]
mf_countline_callback   0x08023d37     0xa  Code  Lc  gfx_mk.o [1]
mf_fillline_callback    0x08023d41    0x32  Code  Lc  gfx_mk.o [1]
mf_get_string_width     0x080232d5    0x46  Code  Gb  gfx_mk.o [1]
mf_getchar              0x0802320d    0x7a  Code  Gb  gfx_mk.o [1]
mf_render_aligned       0x080233ff    0xb6  Code  Gb  gfx_mk.o [1]
mf_render_character     0x08022d1d    0x2e  Code  Gb  gfx_mk.o [1]
mf_rewind               0x08023287    0x18  Code  Gb  gfx_mk.o [1]
mf_rlefont_DejaVuSans12_aa
                        0x080016c4    0x30  Data  Gb  gfx_mk.o [1]
mf_rlefont_DejaVuSans12_aa_char_ranges
                        0x080016b8     0xc  Data  Lc  gfx_mk.o [1]
mf_rlefont_DejaVuSans12_aa_dictionary_data
                        0x08000ba0   0x14c  Data  Lc  gfx_mk.o [1]
mf_rlefont_DejaVuSans12_aa_dictionary_offsets
                        0x08000cec    0xf4  Data  Lc  gfx_mk.o [1]
mf_rlefont_DejaVuSans12_aa_glyph_data_0
                        0x08000de0   0x818  Data  Lc  gfx_mk.o [1]
mf_rlefont_DejaVuSans12_aa_glyph_offsets_0
                        0x080015f8    0xc0  Data  Lc  gfx_mk.o [1]
mf_rlefont_DejaVuSans12_aa_listentry
                        0x080016f4     0x8  Data  Lc  gfx_mk.o [1]
mf_rlefont_DejaVuSans16
                        0x080033b0    0x30  Data  Gb  gfx_mk.o [1]
mf_rlefont_DejaVuSans16_aa
                        0x08002c74    0x30  Data  Gb  gfx_mk.o [1]
mf_rlefont_DejaVuSans16_aa_char_ranges
                        0x08002c68     0xc  Data  Lc  gfx_mk.o [1]
mf_rlefont_DejaVuSans16_aa_dictionary_data
                        0x08001dbc   0x1ac  Data  Lc  gfx_mk.o [1]
mf_rlefont_DejaVuSans16_aa_dictionary_offsets
                        0x08001f68   0x118  Data  Lc  gfx_mk.o [1]
mf_rlefont_DejaVuSans16_aa_glyph_data_0
                        0x08002080   0xb28  Data  Lc  gfx_mk.o [1]
mf_rlefont_DejaVuSans16_aa_glyph_offsets_0
                        0x08002ba8    0xc0  Data  Lc  gfx_mk.o [1]
mf_rlefont_DejaVuSans16_aa_listentry
                        0x08002ca4     0x8  Data  Lc  gfx_mk.o [1]
mf_rlefont_DejaVuSans16_char_ranges
                        0x080033a4     0xc  Data  Lc  gfx_mk.o [1]
mf_rlefont_DejaVuSans16_dictionary_data
                        0x08002cac    0xf8  Data  Lc  gfx_mk.o [1]
mf_rlefont_DejaVuSans16_dictionary_offsets
                        0x08002da4    0xb0  Data  Lc  gfx_mk.o [1]
mf_rlefont_DejaVuSans16_glyph_data_0
                        0x08002e54   0x490  Data  Lc  gfx_mk.o [1]
mf_rlefont_DejaVuSans16_glyph_offsets_0
                        0x080032e4    0xc0  Data  Lc  gfx_mk.o [1]
mf_rlefont_DejaVuSans16_listentry
                        0x080033e0     0x8  Data  Lc  gfx_mk.o [1]
mf_rlefont_DejaVuSans20
                        0x08005098    0x30  Data  Gb  gfx_mk.o [1]
mf_rlefont_DejaVuSans20_aa
                        0x08004760    0x30  Data  Gb  gfx_mk.o [1]
mf_rlefont_DejaVuSans20_aa_char_ranges
                        0x08004754     0xc  Data  Lc  gfx_mk.o [1]
mf_rlefont_DejaVuSans20_aa_dictionary_data
                        0x080033e8   0x1e8  Data  Lc  gfx_mk.o [1]
mf_rlefont_DejaVuSans20_aa_dictionary_offsets
                        0x080035d0   0x138  Data  Lc  gfx_mk.o [1]
mf_rlefont_DejaVuSans20_aa_glyph_data_0
                        0x08003708   0xf8c  Data  Lc  gfx_mk.o [1]
mf_rlefont_DejaVuSans20_aa_glyph_offsets_0
                        0x08004694    0xc0  Data  Lc  gfx_mk.o [1]
mf_rlefont_DejaVuSans20_aa_listentry
                        0x08004790     0x8  Data  Lc  gfx_mk.o [1]
mf_rlefont_DejaVuSans20_char_ranges
                        0x0800508c     0xc  Data  Lc  gfx_mk.o [1]
mf_rlefont_DejaVuSans20_dictionary_data
                        0x08004798   0x140  Data  Lc  gfx_mk.o [1]
mf_rlefont_DejaVuSans20_dictionary_offsets
                        0x080048d8    0xdc  Data  Lc  gfx_mk.o [1]
mf_rlefont_DejaVuSans20_glyph_data_0
                        0x080049b4   0x618  Data  Lc  gfx_mk.o [1]
mf_rlefont_DejaVuSans20_glyph_offsets_0
                        0x08004fcc    0xc0  Data  Lc  gfx_mk.o [1]
mf_rlefont_DejaVuSans20_listentry
                        0x080050c8     0x8  Data  Lc  gfx_mk.o [1]
mf_rlefont_DejaVuSans24
                        0x080072d8    0x30  Data  Gb  gfx_mk.o [1]
mf_rlefont_DejaVuSans24_aa
                        0x08006804    0x30  Data  Gb  gfx_mk.o [1]
mf_rlefont_DejaVuSans24_aa_char_ranges
                        0x080067f8     0xc  Data  Lc  gfx_mk.o [1]
mf_rlefont_DejaVuSans24_aa_dictionary_data
                        0x080050d0   0x254  Data  Lc  gfx_mk.o [1]
mf_rlefont_DejaVuSans24_aa_dictionary_offsets
                        0x08005324   0x154  Data  Lc  gfx_mk.o [1]
mf_rlefont_DejaVuSans24_aa_glyph_data_0
                        0x08005478  0x12c0  Data  Lc  gfx_mk.o [1]
mf_rlefont_DejaVuSans24_aa_glyph_offsets_0
                        0x08006738    0xc0  Data  Lc  gfx_mk.o [1]
mf_rlefont_DejaVuSans24_aa_listentry
                        0x08006834     0x8  Data  Lc  gfx_mk.o [1]
mf_rlefont_DejaVuSans24_char_ranges
                        0x080072cc     0xc  Data  Lc  gfx_mk.o [1]
mf_rlefont_DejaVuSans24_dictionary_data
                        0x0800683c   0x18c  Data  Lc  gfx_mk.o [1]
mf_rlefont_DejaVuSans24_dictionary_offsets
                        0x080069c8    0xf0  Data  Lc  gfx_mk.o [1]
mf_rlefont_DejaVuSans24_glyph_data_0
                        0x08006ab8   0x754  Data  Lc  gfx_mk.o [1]
mf_rlefont_DejaVuSans24_glyph_offsets_0
                        0x0800720c    0xc0  Data  Lc  gfx_mk.o [1]
mf_rlefont_DejaVuSans24_listentry
                        0x08007308     0x8  Data  Lc  gfx_mk.o [1]
mf_rlefont_DejaVuSans32
                        0x0800a094    0x30  Data  Gb  gfx_mk.o [1]
mf_rlefont_DejaVuSans32_aa
                        0x08009268    0x30  Data  Gb  gfx_mk.o [1]
mf_rlefont_DejaVuSans32_aa_char_ranges
                        0x0800925c     0xc  Data  Lc  gfx_mk.o [1]
mf_rlefont_DejaVuSans32_aa_dictionary_data
                        0x08007310   0x2e4  Data  Lc  gfx_mk.o [1]
mf_rlefont_DejaVuSans32_aa_dictionary_offsets
                        0x080075f4   0x178  Data  Lc  gfx_mk.o [1]
mf_rlefont_DejaVuSans32_aa_glyph_data_0
                        0x0800776c  0x1a30  Data  Lc  gfx_mk.o [1]
mf_rlefont_DejaVuSans32_aa_glyph_offsets_0
                        0x0800919c    0xc0  Data  Lc  gfx_mk.o [1]
mf_rlefont_DejaVuSans32_aa_listentry
                        0x08009298     0x8  Data  Lc  gfx_mk.o [1]
mf_rlefont_DejaVuSans32_char_ranges
                        0x0800a088     0xc  Data  Lc  gfx_mk.o [1]
mf_rlefont_DejaVuSans32_dictionary_data
                        0x080092a0   0x244  Data  Lc  gfx_mk.o [1]
mf_rlefont_DejaVuSans32_dictionary_offsets
                        0x080094e4   0x11c  Data  Lc  gfx_mk.o [1]
mf_rlefont_DejaVuSans32_glyph_data_0
                        0x08009600   0x9c8  Data  Lc  gfx_mk.o [1]
mf_rlefont_DejaVuSans32_glyph_offsets_0
                        0x08009fc8    0xc0  Data  Lc  gfx_mk.o [1]
mf_rlefont_DejaVuSans32_listentry
                        0x0800a0c4     0x8  Data  Lc  gfx_mk.o [1]
mf_rlefont_DejaVuSansBold12_aa
                        0x0800ac9c    0x30  Data  Gb  gfx_mk.o [1]
mf_rlefont_DejaVuSansBold12_aa_char_ranges
                        0x0800ac90     0xc  Data  Lc  gfx_mk.o [1]
mf_rlefont_DejaVuSansBold12_aa_dictionary_data
                        0x0800a0cc   0x128  Data  Lc  gfx_mk.o [1]
mf_rlefont_DejaVuSansBold12_aa_dictionary_offsets
                        0x0800a1f4    0xe8  Data  Lc  gfx_mk.o [1]
mf_rlefont_DejaVuSansBold12_aa_glyph_data_0
                        0x0800a2dc   0x8f4  Data  Lc  gfx_mk.o [1]
mf_rlefont_DejaVuSansBold12_aa_glyph_offsets_0
                        0x0800abd0    0xc0  Data  Lc  gfx_mk.o [1]
mf_rlefont_DejaVuSansBold12_aa_listentry
                        0x0800accc     0x8  Data  Lc  gfx_mk.o [1]
mf_rlefont_LargeNumbers
                        0x0800c984    0x30  Data  Gb  gfx_mk.o [1]
mf_rlefont_LargeNumbers_char_ranges
                        0x0800c978     0xc  Data  Lc  gfx_mk.o [1]
mf_rlefont_LargeNumbers_dictionary_data
                        0x0800c5cc    0x90  Data  Lc  gfx_mk.o [1]
mf_rlefont_LargeNumbers_dictionary_offsets
                        0x0800c65c    0x70  Data  Lc  gfx_mk.o [1]
mf_rlefont_LargeNumbers_glyph_data_0
                        0x0800c6cc   0x278  Data  Lc  gfx_mk.o [1]
mf_rlefont_LargeNumbers_glyph_offsets_0
                        0x0800c944    0x34  Data  Lc  gfx_mk.o [1]
mf_rlefont_LargeNumbers_listentry
                        0x0800c9b4     0x8  Data  Lc  gfx_mk.o [1]
mf_rlefont_MagistralTT12
                        0x0800fa7c    0x30  Data  Gb  gfx_mk.o [1]
mf_rlefont_MagistralTT12_char_ranges
                        0x0800f9e0    0x9c  Data  Lc  gfx_mk.o [1]
mf_rlefont_MagistralTT12_dictionary_data
                        0x0800d9e4   0x454  Data  Lc  gfx_mk.o [1]
mf_rlefont_MagistralTT12_dictionary_offsets
                        0x0800de38   0x1d4  Data  Lc  gfx_mk.o [1]
mf_rlefont_MagistralTT12_glyph_data_0
                        0x0800e00c   0x610  Data  Lc  gfx_mk.o [1]
mf_rlefont_MagistralTT12_glyph_data_1
                        0x0800e6dc   0x910  Data  Lc  gfx_mk.o [1]
mf_rlefont_MagistralTT12_glyph_data_10
                        0x0800f2e4    0x2c  Data  Lc  gfx_mk.o [1]
mf_rlefont_MagistralTT12_glyph_data_11
                        0x0800f314    0x18  Data  Lc  gfx_mk.o [1]
mf_rlefont_MagistralTT12_glyph_data_12
                        0x0800f330   0x60c  Data  Lc  gfx_mk.o [1]
mf_rlefont_MagistralTT12_glyph_data_2
                        0x0800f1ac    0x20  Data  Lc  gfx_mk.o [1]
mf_rlefont_MagistralTT12_glyph_data_3
                        0x0800f1d0     0xc  Data  Lc  gfx_mk.o [1]
mf_rlefont_MagistralTT12_glyph_data_4
                        0x0800f1e0    0x10  Data  Lc  gfx_mk.o [1]
mf_rlefont_MagistralTT12_glyph_data_5
                        0x0800f1f4    0x24  Data  Lc  gfx_mk.o [1]
mf_rlefont_MagistralTT12_glyph_data_6
                        0x0800f220    0x3c  Data  Lc  gfx_mk.o [1]
mf_rlefont_MagistralTT12_glyph_data_7
                        0x0800f2a0     0x4  Data  Lc  gfx_mk.o [1]
mf_rlefont_MagistralTT12_glyph_data_8
                        0x0800f2a8     0xc  Data  Lc  gfx_mk.o [1]
mf_rlefont_MagistralTT12_glyph_data_9
                        0x0800f2b8    0x28  Data  Lc  gfx_mk.o [1]
mf_rlefont_MagistralTT12_glyph_offsets_0
                        0x0800e61c    0xc0  Data  Lc  gfx_mk.o [1]
mf_rlefont_MagistralTT12_glyph_offsets_1
                        0x0800efec   0x1c0  Data  Lc  gfx_mk.o [1]
mf_rlefont_MagistralTT12_glyph_offsets_10
                        0x0800f310     0x2  Data  Lc  gfx_mk.o [1]
mf_rlefont_MagistralTT12_glyph_offsets_11
                        0x0800f32c     0x2  Data  Lc  gfx_mk.o [1]
mf_rlefont_MagistralTT12_glyph_offsets_12
                        0x0800f93c    0xa4  Data  Lc  gfx_mk.o [1]
mf_rlefont_MagistralTT12_glyph_offsets_2
                        0x0800f1cc     0x2  Data  Lc  gfx_mk.o [1]
mf_rlefont_MagistralTT12_glyph_offsets_3
                        0x0800f1dc     0x4  Data  Lc  gfx_mk.o [1]
mf_rlefont_MagistralTT12_glyph_offsets_4
                        0x0800f1f0     0x4  Data  Lc  gfx_mk.o [1]
mf_rlefont_MagistralTT12_glyph_offsets_5
                        0x0800f218     0x8  Data  Lc  gfx_mk.o [1]
mf_rlefont_MagistralTT12_glyph_offsets_6
                        0x0800f25c    0x44  Data  Lc  gfx_mk.o [1]
mf_rlefont_MagistralTT12_glyph_offsets_7
                        0x0800f2a4     0x2  Data  Lc  gfx_mk.o [1]
mf_rlefont_MagistralTT12_glyph_offsets_8
                        0x0800f2b4     0x2  Data  Lc  gfx_mk.o [1]
mf_rlefont_MagistralTT12_glyph_offsets_9
                        0x0800f2e0     0x2  Data  Lc  gfx_mk.o [1]
mf_rlefont_MagistralTT12_listentry
                        0x0800faac     0x8  Data  Lc  gfx_mk.o [1]
mf_rlefont_MagistralTT14
                        0x08012034    0x30  Data  Gb  gfx_mk.o [1]
mf_rlefont_MagistralTT14_char_ranges
                        0x08011f98    0x9c  Data  Lc  gfx_mk.o [1]
mf_rlefont_MagistralTT14_dictionary_data
                        0x0800fab4   0x514  Data  Lc  gfx_mk.o [1]
mf_rlefont_MagistralTT14_dictionary_offsets
                        0x0800ffc8   0x1d4  Data  Lc  gfx_mk.o [1]
mf_rlefont_MagistralTT14_glyph_data_0
                        0x0801019c   0x768  Data  Lc  gfx_mk.o [1]
mf_rlefont_MagistralTT14_glyph_data_1
                        0x080109c4   0xa64  Data  Lc  gfx_mk.o [1]
mf_rlefont_MagistralTT14_glyph_data_10
                        0x08011738    0x3c  Data  Lc  gfx_mk.o [1]
mf_rlefont_MagistralTT14_glyph_data_11
                        0x08011778    0x14  Data  Lc  gfx_mk.o [1]
mf_rlefont_MagistralTT14_glyph_data_12
                        0x08011790   0x764  Data  Lc  gfx_mk.o [1]
mf_rlefont_MagistralTT14_glyph_data_2
                        0x080115e8    0x20  Data  Lc  gfx_mk.o [1]
mf_rlefont_MagistralTT14_glyph_data_3
                        0x0801160c    0x14  Data  Lc  gfx_mk.o [1]
mf_rlefont_MagistralTT14_glyph_data_4
                        0x08011624    0x10  Data  Lc  gfx_mk.o [1]
mf_rlefont_MagistralTT14_glyph_data_5
                        0x08011638    0x24  Data  Lc  gfx_mk.o [1]
mf_rlefont_MagistralTT14_glyph_data_6
                        0x08011664    0x40  Data  Lc  gfx_mk.o [1]
mf_rlefont_MagistralTT14_glyph_data_7
                        0x080116e8     0x4  Data  Lc  gfx_mk.o [1]
mf_rlefont_MagistralTT14_glyph_data_8
                        0x080116f0     0xc  Data  Lc  gfx_mk.o [1]
mf_rlefont_MagistralTT14_glyph_data_9
                        0x08011700    0x34  Data  Lc  gfx_mk.o [1]
mf_rlefont_MagistralTT14_glyph_offsets_0
                        0x08010904    0xc0  Data  Lc  gfx_mk.o [1]
mf_rlefont_MagistralTT14_glyph_offsets_1
                        0x08011428   0x1c0  Data  Lc  gfx_mk.o [1]
mf_rlefont_MagistralTT14_glyph_offsets_10
                        0x08011774     0x2  Data  Lc  gfx_mk.o [1]
mf_rlefont_MagistralTT14_glyph_offsets_11
                        0x0801178c     0x2  Data  Lc  gfx_mk.o [1]
mf_rlefont_MagistralTT14_glyph_offsets_12
                        0x08011ef4    0xa4  Data  Lc  gfx_mk.o [1]
mf_rlefont_MagistralTT14_glyph_offsets_2
                        0x08011608     0x2  Data  Lc  gfx_mk.o [1]
mf_rlefont_MagistralTT14_glyph_offsets_3
                        0x08011620     0x4  Data  Lc  gfx_mk.o [1]
mf_rlefont_MagistralTT14_glyph_offsets_4
                        0x08011634     0x4  Data  Lc  gfx_mk.o [1]
mf_rlefont_MagistralTT14_glyph_offsets_5
                        0x0801165c     0x8  Data  Lc  gfx_mk.o [1]
mf_rlefont_MagistralTT14_glyph_offsets_6
                        0x080116a4    0x44  Data  Lc  gfx_mk.o [1]
mf_rlefont_MagistralTT14_glyph_offsets_7
                        0x080116ec     0x2  Data  Lc  gfx_mk.o [1]
mf_rlefont_MagistralTT14_glyph_offsets_8
                        0x080116fc     0x2  Data  Lc  gfx_mk.o [1]
mf_rlefont_MagistralTT14_glyph_offsets_9
                        0x08011734     0x2  Data  Lc  gfx_mk.o [1]
mf_rlefont_MagistralTT14_listentry
                        0x08012064     0x8  Data  Lc  gfx_mk.o [1]
mf_rlefont_MagistralTT16
                        0x08014ad8    0x30  Data  Gb  gfx_mk.o [1]
mf_rlefont_MagistralTT16_char_ranges
                        0x08014a3c    0x9c  Data  Lc  gfx_mk.o [1]
mf_rlefont_MagistralTT16_dictionary_data
                        0x0801206c   0x5d0  Data  Lc  gfx_mk.o [1]
mf_rlefont_MagistralTT16_dictionary_offsets
                        0x0801263c   0x1d4  Data  Lc  gfx_mk.o [1]
mf_rlefont_MagistralTT16_glyph_data_0
                        0x08012810   0x878  Data  Lc  gfx_mk.o [1]
mf_rlefont_MagistralTT16_glyph_data_1
                        0x08013148   0xbe0  Data  Lc  gfx_mk.o [1]
mf_rlefont_MagistralTT16_glyph_data_10
                        0x08014054    0x3c  Data  Lc  gfx_mk.o [1]
mf_rlefont_MagistralTT16_glyph_data_11
                        0x08014094    0x18  Data  Lc  gfx_mk.o [1]
mf_rlefont_MagistralTT16_glyph_data_12
                        0x080140b0   0x8e8  Data  Lc  gfx_mk.o [1]
mf_rlefont_MagistralTT16_glyph_data_2
                        0x08013ee8    0x2c  Data  Lc  gfx_mk.o [1]
mf_rlefont_MagistralTT16_glyph_data_3
                        0x08013f18    0x1c  Data  Lc  gfx_mk.o [1]
mf_rlefont_MagistralTT16_glyph_data_4
                        0x08013f38    0x14  Data  Lc  gfx_mk.o [1]
mf_rlefont_MagistralTT16_glyph_data_5
                        0x08013f50    0x24  Data  Lc  gfx_mk.o [1]
mf_rlefont_MagistralTT16_glyph_data_6
                        0x08013f7c    0x3c  Data  Lc  gfx_mk.o [1]
mf_rlefont_MagistralTT16_glyph_data_7
                        0x08013ffc     0x8  Data  Lc  gfx_mk.o [1]
mf_rlefont_MagistralTT16_glyph_data_8
                        0x08014008     0xc  Data  Lc  gfx_mk.o [1]
mf_rlefont_MagistralTT16_glyph_data_9
                        0x08014018    0x38  Data  Lc  gfx_mk.o [1]
mf_rlefont_MagistralTT16_glyph_offsets_0
                        0x08013088    0xc0  Data  Lc  gfx_mk.o [1]
mf_rlefont_MagistralTT16_glyph_offsets_1
                        0x08013d28   0x1c0  Data  Lc  gfx_mk.o [1]
mf_rlefont_MagistralTT16_glyph_offsets_10
                        0x08014090     0x2  Data  Lc  gfx_mk.o [1]
mf_rlefont_MagistralTT16_glyph_offsets_11
                        0x080140ac     0x2  Data  Lc  gfx_mk.o [1]
mf_rlefont_MagistralTT16_glyph_offsets_12
                        0x08014998    0xa4  Data  Lc  gfx_mk.o [1]
mf_rlefont_MagistralTT16_glyph_offsets_2
                        0x08013f14     0x2  Data  Lc  gfx_mk.o [1]
mf_rlefont_MagistralTT16_glyph_offsets_3
                        0x08013f34     0x4  Data  Lc  gfx_mk.o [1]
mf_rlefont_MagistralTT16_glyph_offsets_4
                        0x08013f4c     0x4  Data  Lc  gfx_mk.o [1]
mf_rlefont_MagistralTT16_glyph_offsets_5
                        0x08013f74     0x8  Data  Lc  gfx_mk.o [1]
mf_rlefont_MagistralTT16_glyph_offsets_6
                        0x08013fb8    0x44  Data  Lc  gfx_mk.o [1]
mf_rlefont_MagistralTT16_glyph_offsets_7
                        0x08014004     0x2  Data  Lc  gfx_mk.o [1]
mf_rlefont_MagistralTT16_glyph_offsets_8
                        0x08014014     0x2  Data  Lc  gfx_mk.o [1]
mf_rlefont_MagistralTT16_glyph_offsets_9
                        0x08014050     0x2  Data  Lc  gfx_mk.o [1]
mf_rlefont_MagistralTT16_listentry
                        0x08014b08     0x8  Data  Lc  gfx_mk.o [1]
mf_rlefont_MagistralTT18
                        0x080178c8    0x30  Data  Gb  gfx_mk.o [1]
mf_rlefont_MagistralTT18_char_ranges
                        0x0801782c    0x9c  Data  Lc  gfx_mk.o [1]
mf_rlefont_MagistralTT18_dictionary_data
                        0x08014b10   0x640  Data  Lc  gfx_mk.o [1]
mf_rlefont_MagistralTT18_dictionary_offsets
                        0x08015150   0x1d4  Data  Lc  gfx_mk.o [1]
mf_rlefont_MagistralTT18_glyph_data_0
                        0x08015324   0x90c  Data  Lc  gfx_mk.o [1]
mf_rlefont_MagistralTT18_glyph_data_1
                        0x08015cf0   0xd54  Data  Lc  gfx_mk.o [1]
mf_rlefont_MagistralTT18_glyph_data_10
                        0x08016d8c    0x44  Data  Lc  gfx_mk.o [1]
mf_rlefont_MagistralTT18_glyph_data_11
                        0x08016dd4    0x14  Data  Lc  gfx_mk.o [1]
mf_rlefont_MagistralTT18_glyph_data_12
                        0x08016dec   0x99c  Data  Lc  gfx_mk.o [1]
mf_rlefont_MagistralTT18_glyph_data_2
                        0x08016c04    0x2c  Data  Lc  gfx_mk.o [1]
mf_rlefont_MagistralTT18_glyph_data_3
                        0x08016c34    0x24  Data  Lc  gfx_mk.o [1]
mf_rlefont_MagistralTT18_glyph_data_4
                        0x08016c5c    0x14  Data  Lc  gfx_mk.o [1]
mf_rlefont_MagistralTT18_glyph_data_5
                        0x08016c74    0x24  Data  Lc  gfx_mk.o [1]
mf_rlefont_MagistralTT18_glyph_data_6
                        0x08016ca0    0x48  Data  Lc  gfx_mk.o [1]
mf_rlefont_MagistralTT18_glyph_data_7
                        0x08016d2c     0xc  Data  Lc  gfx_mk.o [1]
mf_rlefont_MagistralTT18_glyph_data_8
                        0x08016d3c    0x10  Data  Lc  gfx_mk.o [1]
mf_rlefont_MagistralTT18_glyph_data_9
                        0x08016d50    0x38  Data  Lc  gfx_mk.o [1]
mf_rlefont_MagistralTT18_glyph_offsets_0
                        0x08015c30    0xc0  Data  Lc  gfx_mk.o [1]
mf_rlefont_MagistralTT18_glyph_offsets_1
                        0x08016a44   0x1c0  Data  Lc  gfx_mk.o [1]
mf_rlefont_MagistralTT18_glyph_offsets_10
                        0x08016dd0     0x2  Data  Lc  gfx_mk.o [1]
mf_rlefont_MagistralTT18_glyph_offsets_11
                        0x08016de8     0x2  Data  Lc  gfx_mk.o [1]
mf_rlefont_MagistralTT18_glyph_offsets_12
                        0x08017788    0xa4  Data  Lc  gfx_mk.o [1]
mf_rlefont_MagistralTT18_glyph_offsets_2
                        0x08016c30     0x2  Data  Lc  gfx_mk.o [1]
mf_rlefont_MagistralTT18_glyph_offsets_3
                        0x08016c58     0x4  Data  Lc  gfx_mk.o [1]
mf_rlefont_MagistralTT18_glyph_offsets_4
                        0x08016c70     0x4  Data  Lc  gfx_mk.o [1]
mf_rlefont_MagistralTT18_glyph_offsets_5
                        0x08016c98     0x8  Data  Lc  gfx_mk.o [1]
mf_rlefont_MagistralTT18_glyph_offsets_6
                        0x08016ce8    0x44  Data  Lc  gfx_mk.o [1]
mf_rlefont_MagistralTT18_glyph_offsets_7
                        0x08016d38     0x2  Data  Lc  gfx_mk.o [1]
mf_rlefont_MagistralTT18_glyph_offsets_8
                        0x08016d4c     0x2  Data  Lc  gfx_mk.o [1]
mf_rlefont_MagistralTT18_glyph_offsets_9
                        0x08016d88     0x2  Data  Lc  gfx_mk.o [1]
mf_rlefont_MagistralTT18_listentry
                        0x080178f8     0x8  Data  Lc  gfx_mk.o [1]
mf_rlefont_MagistralTT20
                        0x0801acfc    0x30  Data  Gb  gfx_mk.o [1]
mf_rlefont_MagistralTT20_char_ranges
                        0x0801ac60    0x9c  Data  Lc  gfx_mk.o [1]
mf_rlefont_MagistralTT20_dictionary_data
                        0x08017900   0x73c  Data  Lc  gfx_mk.o [1]
mf_rlefont_MagistralTT20_dictionary_offsets
                        0x0801803c   0x1d4  Data  Lc  gfx_mk.o [1]
mf_rlefont_MagistralTT20_glyph_data_0
                        0x08018210   0xafc  Data  Lc  gfx_mk.o [1]
mf_rlefont_MagistralTT20_glyph_data_1
                        0x08018dcc   0xee8  Data  Lc  gfx_mk.o [1]
mf_rlefont_MagistralTT20_glyph_data_10
                        0x08019ff4    0x54  Data  Lc  gfx_mk.o [1]
mf_rlefont_MagistralTT20_glyph_data_11
                        0x0801a04c    0x14  Data  Lc  gfx_mk.o [1]
mf_rlefont_MagistralTT20_glyph_data_12
                        0x0801a064   0xb58  Data  Lc  gfx_mk.o [1]
mf_rlefont_MagistralTT20_glyph_data_2
                        0x08019e74    0x38  Data  Lc  gfx_mk.o [1]
mf_rlefont_MagistralTT20_glyph_data_3
                        0x08019eb0     0xc  Data  Lc  gfx_mk.o [1]
mf_rlefont_MagistralTT20_glyph_data_4
                        0x08019ec0    0x14  Data  Lc  gfx_mk.o [1]
mf_rlefont_MagistralTT20_glyph_data_5
                        0x08019ed8    0x24  Data  Lc  gfx_mk.o [1]
mf_rlefont_MagistralTT20_glyph_data_6
                        0x08019f04    0x3c  Data  Lc  gfx_mk.o [1]
mf_rlefont_MagistralTT20_glyph_data_7
                        0x08019f84     0xc  Data  Lc  gfx_mk.o [1]
mf_rlefont_MagistralTT20_glyph_data_8
                        0x08019f94    0x10  Data  Lc  gfx_mk.o [1]
mf_rlefont_MagistralTT20_glyph_data_9
                        0x08019fa8    0x48  Data  Lc  gfx_mk.o [1]
mf_rlefont_MagistralTT20_glyph_offsets_0
                        0x08018d0c    0xc0  Data  Lc  gfx_mk.o [1]
mf_rlefont_MagistralTT20_glyph_offsets_1
                        0x08019cb4   0x1c0  Data  Lc  gfx_mk.o [1]
mf_rlefont_MagistralTT20_glyph_offsets_10
                        0x0801a048     0x2  Data  Lc  gfx_mk.o [1]
mf_rlefont_MagistralTT20_glyph_offsets_11
                        0x0801a060     0x2  Data  Lc  gfx_mk.o [1]
mf_rlefont_MagistralTT20_glyph_offsets_12
                        0x0801abbc    0xa4  Data  Lc  gfx_mk.o [1]
mf_rlefont_MagistralTT20_glyph_offsets_2
                        0x08019eac     0x2  Data  Lc  gfx_mk.o [1]
mf_rlefont_MagistralTT20_glyph_offsets_3
                        0x08019ebc     0x4  Data  Lc  gfx_mk.o [1]
mf_rlefont_MagistralTT20_glyph_offsets_4
                        0x08019ed4     0x4  Data  Lc  gfx_mk.o [1]
mf_rlefont_MagistralTT20_glyph_offsets_5
                        0x08019efc     0x8  Data  Lc  gfx_mk.o [1]
mf_rlefont_MagistralTT20_glyph_offsets_6
                        0x08019f40    0x44  Data  Lc  gfx_mk.o [1]
mf_rlefont_MagistralTT20_glyph_offsets_7
                        0x08019f90     0x2  Data  Lc  gfx_mk.o [1]
mf_rlefont_MagistralTT20_glyph_offsets_8
                        0x08019fa4     0x2  Data  Lc  gfx_mk.o [1]
mf_rlefont_MagistralTT20_glyph_offsets_9
                        0x08019ff0     0x2  Data  Lc  gfx_mk.o [1]
mf_rlefont_MagistralTT20_listentry
                        0x0801ad2c     0x8  Data  Lc  gfx_mk.o [1]
mf_rlefont_MagistralTT24
                        0x0801ea18    0x30  Data  Gb  gfx_mk.o [1]
mf_rlefont_MagistralTT24_char_ranges
                        0x0801e97c    0x9c  Data  Lc  gfx_mk.o [1]
mf_rlefont_MagistralTT24_dictionary_data
                        0x0801ad34   0x7dc  Data  Lc  gfx_mk.o [1]
mf_rlefont_MagistralTT24_dictionary_offsets
                        0x0801b510   0x1d4  Data  Lc  gfx_mk.o [1]
mf_rlefont_MagistralTT24_glyph_data_0
                        0x0801b6e4   0xcf4  Data  Lc  gfx_mk.o [1]
mf_rlefont_MagistralTT24_glyph_data_1
                        0x0801c498  0x1240  Data  Lc  gfx_mk.o [1]
mf_rlefont_MagistralTT24_glyph_data_10
                        0x0801da74    0x68  Data  Lc  gfx_mk.o [1]
mf_rlefont_MagistralTT24_glyph_data_11
                        0x0801dae0    0x14  Data  Lc  gfx_mk.o [1]
mf_rlefont_MagistralTT24_glyph_data_12
                        0x0801daf8   0xde0  Data  Lc  gfx_mk.o [1]
mf_rlefont_MagistralTT24_glyph_data_2
                        0x0801d898    0x44  Data  Lc  gfx_mk.o [1]
mf_rlefont_MagistralTT24_glyph_data_3
                        0x0801d8e0    0x2c  Data  Lc  gfx_mk.o [1]
mf_rlefont_MagistralTT24_glyph_data_4
                        0x0801d910    0x1c  Data  Lc  gfx_mk.o [1]
mf_rlefont_MagistralTT24_glyph_data_5
                        0x0801d930    0x28  Data  Lc  gfx_mk.o [1]
mf_rlefont_MagistralTT24_glyph_data_6
                        0x0801d960    0x44  Data  Lc  gfx_mk.o [1]
mf_rlefont_MagistralTT24_glyph_data_7
                        0x0801d9e8     0xc  Data  Lc  gfx_mk.o [1]
mf_rlefont_MagistralTT24_glyph_data_8
                        0x0801d9f8    0x18  Data  Lc  gfx_mk.o [1]
mf_rlefont_MagistralTT24_glyph_data_9
                        0x0801da14    0x5c  Data  Lc  gfx_mk.o [1]
mf_rlefont_MagistralTT24_glyph_offsets_0
                        0x0801c3d8    0xc0  Data  Lc  gfx_mk.o [1]
mf_rlefont_MagistralTT24_glyph_offsets_1
                        0x0801d6d8   0x1c0  Data  Lc  gfx_mk.o [1]
mf_rlefont_MagistralTT24_glyph_offsets_10
                        0x0801dadc     0x2  Data  Lc  gfx_mk.o [1]
mf_rlefont_MagistralTT24_glyph_offsets_11
                        0x0801daf4     0x2  Data  Lc  gfx_mk.o [1]
mf_rlefont_MagistralTT24_glyph_offsets_12
                        0x0801e8d8    0xa4  Data  Lc  gfx_mk.o [1]
mf_rlefont_MagistralTT24_glyph_offsets_2
                        0x0801d8dc     0x2  Data  Lc  gfx_mk.o [1]
mf_rlefont_MagistralTT24_glyph_offsets_3
                        0x0801d90c     0x4  Data  Lc  gfx_mk.o [1]
mf_rlefont_MagistralTT24_glyph_offsets_4
                        0x0801d92c     0x4  Data  Lc  gfx_mk.o [1]
mf_rlefont_MagistralTT24_glyph_offsets_5
                        0x0801d958     0x8  Data  Lc  gfx_mk.o [1]
mf_rlefont_MagistralTT24_glyph_offsets_6
                        0x0801d9a4    0x44  Data  Lc  gfx_mk.o [1]
mf_rlefont_MagistralTT24_glyph_offsets_7
                        0x0801d9f4     0x2  Data  Lc  gfx_mk.o [1]
mf_rlefont_MagistralTT24_glyph_offsets_8
                        0x0801da10     0x2  Data  Lc  gfx_mk.o [1]
mf_rlefont_MagistralTT24_glyph_offsets_9
                        0x0801da70     0x2  Data  Lc  gfx_mk.o [1]
mf_rlefont_MagistralTT24_listentry
                        0x0801ea48     0x8  Data  Lc  gfx_mk.o [1]
mf_rlefont_MagistralTT26
                        0x08023f18    0x30  Data  Gb  gfx_mk.o [1]
mf_rlefont_MagistralTT26_char_ranges
                        0x08022ae4    0x9c  Data  Lc  gfx_mk.o [1]
mf_rlefont_MagistralTT26_dictionary_data
                        0x0801ea50   0x918  Data  Lc  gfx_mk.o [1]
mf_rlefont_MagistralTT26_dictionary_offsets
                        0x0801f368   0x1d4  Data  Lc  gfx_mk.o [1]
mf_rlefont_MagistralTT26_glyph_data_0
                        0x0801f53c   0xe0c  Data  Lc  gfx_mk.o [1]
mf_rlefont_MagistralTT26_glyph_data_1
                        0x08020408  0x1294  Data  Lc  gfx_mk.o [1]
mf_rlefont_MagistralTT26_glyph_data_10
                        0x08021a44    0x74  Data  Lc  gfx_mk.o [1]
mf_rlefont_MagistralTT26_glyph_data_11
                        0x08021abc    0x18  Data  Lc  gfx_mk.o [1]
mf_rlefont_MagistralTT26_glyph_data_12
                        0x08021ad8   0xf68  Data  Lc  gfx_mk.o [1]
mf_rlefont_MagistralTT26_glyph_data_2
                        0x0802185c    0x44  Data  Lc  gfx_mk.o [1]
mf_rlefont_MagistralTT26_glyph_data_3
                        0x080218a4    0x30  Data  Lc  gfx_mk.o [1]
mf_rlefont_MagistralTT26_glyph_data_4
                        0x080218d8    0x18  Data  Lc  gfx_mk.o [1]
mf_rlefont_MagistralTT26_glyph_data_5
                        0x080218f4    0x24  Data  Lc  gfx_mk.o [1]
mf_rlefont_MagistralTT26_glyph_data_6
                        0x08021920    0x54  Data  Lc  gfx_mk.o [1]
mf_rlefont_MagistralTT26_glyph_data_7
                        0x080219b8     0x8  Data  Lc  gfx_mk.o [1]
mf_rlefont_MagistralTT26_glyph_data_8
                        0x080219c4     0xc  Data  Lc  gfx_mk.o [1]
mf_rlefont_MagistralTT26_glyph_data_9
                        0x080219d4    0x6c  Data  Lc  gfx_mk.o [1]
mf_rlefont_MagistralTT26_glyph_offsets_0
                        0x08020348    0xc0  Data  Lc  gfx_mk.o [1]
mf_rlefont_MagistralTT26_glyph_offsets_1
                        0x0802169c   0x1c0  Data  Lc  gfx_mk.o [1]
mf_rlefont_MagistralTT26_glyph_offsets_10
                        0x08021ab8     0x2  Data  Lc  gfx_mk.o [1]
mf_rlefont_MagistralTT26_glyph_offsets_11
                        0x08021ad4     0x2  Data  Lc  gfx_mk.o [1]
mf_rlefont_MagistralTT26_glyph_offsets_12
                        0x08022a40    0xa4  Data  Lc  gfx_mk.o [1]
mf_rlefont_MagistralTT26_glyph_offsets_2
                        0x080218a0     0x2  Data  Lc  gfx_mk.o [1]
mf_rlefont_MagistralTT26_glyph_offsets_3
                        0x080218d4     0x4  Data  Lc  gfx_mk.o [1]
mf_rlefont_MagistralTT26_glyph_offsets_4
                        0x080218f0     0x4  Data  Lc  gfx_mk.o [1]
mf_rlefont_MagistralTT26_glyph_offsets_5
                        0x08021918     0x8  Data  Lc  gfx_mk.o [1]
mf_rlefont_MagistralTT26_glyph_offsets_6
                        0x08021974    0x44  Data  Lc  gfx_mk.o [1]
mf_rlefont_MagistralTT26_glyph_offsets_7
                        0x080219c0     0x2  Data  Lc  gfx_mk.o [1]
mf_rlefont_MagistralTT26_glyph_offsets_8
                        0x080219d0     0x2  Data  Lc  gfx_mk.o [1]
mf_rlefont_MagistralTT26_glyph_offsets_9
                        0x08021a40     0x2  Data  Lc  gfx_mk.o [1]
mf_rlefont_MagistralTT26_listentry
                        0x08023f10     0x8  Data  Lc  gfx_mk.o [1]
mf_rlefont_UI1          0x0800d3a4    0x30  Data  Gb  gfx_mk.o [1]
mf_rlefont_UI1_Double   0x0800d3f8    0x24  Data  Gb  gfx_mk.o [1]
mf_rlefont_UI1_Double_listentry
                        0x0800d41c     0x8  Data  Lc  gfx_mk.o [1]
mf_rlefont_UI1_Narrow   0x0800d3d4    0x24  Data  Gb  gfx_mk.o [1]
mf_rlefont_UI1_Narrow_listentry
                        0x0800d424     0x8  Data  Lc  gfx_mk.o [1]
mf_rlefont_UI1_char_ranges
                        0x0800d380    0x24  Data  Lc  gfx_mk.o [1]
mf_rlefont_UI1_dictionary_data
                        0x0800c9bc   0x11c  Data  Lc  gfx_mk.o [1]
mf_rlefont_UI1_dictionary_offsets
                        0x0800cad8    0xd8  Data  Lc  gfx_mk.o [1]
mf_rlefont_UI1_glyph_data_0
                        0x0800cbb0     0x4  Data  Lc  gfx_mk.o [1]
mf_rlefont_UI1_glyph_data_1
                        0x0800cbb8   0x314  Data  Lc  gfx_mk.o [1]
mf_rlefont_UI1_glyph_data_2
                        0x0800cf94   0x314  Data  Lc  gfx_mk.o [1]
mf_rlefont_UI1_glyph_offsets_0
                        0x0800cbb4     0x2  Data  Lc  gfx_mk.o [1]
mf_rlefont_UI1_glyph_offsets_1
                        0x0800cecc    0xc8  Data  Lc  gfx_mk.o [1]
mf_rlefont_UI1_glyph_offsets_2
                        0x0800d2a8    0xd8  Data  Lc  gfx_mk.o [1]
mf_rlefont_UI1_listentry
                        0x0800d42c     0x8  Data  Lc  gfx_mk.o [1]
mf_rlefont_UI2          0x0800d954    0x30  Data  Gb  gfx_mk.o [1]
mf_rlefont_UI2_Double   0x0800d9a8    0x24  Data  Gb  gfx_mk.o [1]
mf_rlefont_UI2_Double_listentry
                        0x0800d9cc     0x8  Data  Lc  gfx_mk.o [1]
mf_rlefont_UI2_Narrow   0x0800d984    0x24  Data  Gb  gfx_mk.o [1]
mf_rlefont_UI2_Narrow_listentry
                        0x0800d9d4     0x8  Data  Lc  gfx_mk.o [1]
mf_rlefont_UI2_char_ranges
                        0x0800d948     0xc  Data  Lc  gfx_mk.o [1]
mf_rlefont_UI2_dictionary_data
                        0x0800d434    0xa0  Data  Lc  gfx_mk.o [1]
mf_rlefont_UI2_dictionary_offsets
                        0x0800d4d4    0x7c  Data  Lc  gfx_mk.o [1]
mf_rlefont_UI2_glyph_data_0
                        0x0800d550   0x338  Data  Lc  gfx_mk.o [1]
mf_rlefont_UI2_glyph_offsets_0
                        0x0800d888    0xc0  Data  Lc  gfx_mk.o [1]
mf_rlefont_UI2_listentry
                        0x0800d9dc     0x8  Data  Lc  gfx_mk.o [1]
mf_rlefont_character_width
                        0x08022fd7     0xc  Code  Gb  gfx_mk.o [1]
mf_rlefont_render_character
                        0x08022f77    0x60  Code  Gb  gfx_mk.o [1]
mf_round_to_tab         0x0802329f    0x36  Code  Lc  gfx_mk.o [1]
mf_scaled_character_width
                        0x080231a9    0x16  Code  Gb  gfx_mk.o [1]
mf_scaled_render_character
                        0x080231bf    0x44  Code  Gb  gfx_mk.o [1]
mf_wordwrap             0x080235f9   0x13a  Code  Gb  gfx_mk.o [1]
mutex                   0x2000cc48     0x4  Data  Lc  gfx_mk.o [1]
osDelay                 0x080272ed     0xe  Code  Gb  cmsis_os.o [1]
osKernelStart           0x080272ad     0xa  Code  Gb  cmsis_os.o [1]
osSemaphoreCreate       0x08027315    0x2c  Code  Gb  cmsis_os.o [1]
osSemaphoreRelease      0x080273b1    0x30  Code  Gb  cmsis_os.o [1]
osSemaphoreWait         0x08027341    0x3c  Code  Gb  cmsis_os.o [1]
osSystickHandler        0x08027411    0x14  Code  Gb  cmsis_os.o [1]
osThreadCreate          0x080272b7    0x36  Code  Gb  cmsis_os.o [1]
osTimerCreate           0x080272fb    0x1a  Code  Gb  cmsis_os.o [1]
os_semaphore_def_sem_ltdc_fb_chd_id
                        0x080264dc     0x4  Data  Gb  ltdc_drv.o [1]
pTimerHead              0x2000cc50     0x4  Data  Lc  gfx_mk.o [1]
prvAddCurrentTaskToDelayedList
                        0x08025023    0x32  Code  Lc  tasks.o [1]
prvAllocateTCBAndStack  0x08025055    0x38  Code  Lc  tasks.o [1]
prvCheckForValidListAndQueue
                        0x08025b5d    0x4c  Code  Lc  timers.o [1]
prvCopyDataFromQueue    0x08024769    0x26  Code  Lc  queue.o [1]
prvCopyDataToQueue      0x080246fb    0x6e  Code  Lc  queue.o [1]
prvIdleTask             0x08024f79    0x56  Code  Lc  tasks.o [1]
prvInitialiseTCBVariables
                        0x08024fcf    0x54  Code  Lc  tasks.o [1]
prvInsertBlockIntoFreeList
                        0x08025385    0x46  Code  Lc  heap_4.o [1]
prvInsertTimerInActiveList
                        0x08025a6d    0x34  Code  Lc  timers.o [1]
prvProcessReceivedCommands
                        0x08025aa1    0xa8  Code  Lc  timers.o [1]
prvProcessTimerOrBlockTask
                        0x08025963    0x90  Code  Lc  timers.o [1]
prvResetNextTaskUnblockTime
                        0x0802508d    0x1a  Code  Lc  tasks.o [1]
prvSampleTimeNow        0x080259f3    0x7a  Code  Lc  timers.o [1]
prvTaskExitError        0x0802488d    0x2e  Code  Lc  port.o [1]
prvTimerTask            0x08025941    0x22  Code  Lc  timers.o [1]
prvUnlockQueue          0x0802478f    0x5c  Code  Lc  queue.o [1]
pvPortMalloc            0x0802521d    0xfc  Code  Gb  heap_4.o [1]
pvTaskIncrementMutexHeldCount
                        0x080251c9    0x12  Code  Gb  tasks.o [1]
pw_lld_dcdc_off         0x0802a74f     0x6  Code  Gb  pw_lld.o [1]
pw_lld_disorber_off     0x0802a755     0x6  Code  Gb  pw_lld.o [1]
pw_lld_gps_on           0x0802a749     0x6  Code  Gb  pw_lld.o [1]
pw_lld_init             0x0802a75b    0x14  Code  Gb  pw_lld.o [1]
pw_lld_main_on          0x0802a735     0x4  Code  Gb  pw_lld.o [1]
pxCurrentTCB            0x2000205c     0x4  Data  Gb  tasks.o [1]
pxCurrentTimerList      0x2000cbe8     0x4  Data  Lc  timers.o [1]
pxDelayedTaskList       0x20002060     0x4  Data  Lc  tasks.o [1]
pxEnd                   0x200073b0     0x4  Data  Lc  heap_4.o [1]
pxOverflowDelayedTaskList
                        0x20002064     0x4  Data  Lc  tasks.o [1]
pxOverflowTimerList     0x2000cbec     0x4  Data  Lc  timers.o [1]
pxPortInitialiseStack   0x08024869    0x22  Code  Gb  port.o [1]
pxReadyTasksLists       0x2000c928    0x8c  Data  Lc  tasks.o [1]
render_char             0x08023021    0xf6  Code  Lc  gfx_mk.o [1]
render_left             0x0802331b    0x4c  Code  Lc  gfx_mk.o [1]
render_right            0x08023367    0x98  Code  Lc  gfx_mk.o [1]
rotate                  0x080290f5    0xd8  Code  Lc  gui.o [1]
scaled_pixel_callback   0x0802315f    0x4a  Code  Lc  gfx_mk.o [1]
sem_ltdc_fb_chd_id      0x2000cc78     0x4  Data  Gb  ltdc_drv.o [1]
sine                    0x2000238c  0x5000  Data  Gb  gui.o [1]
skip_pixels             0x08022def    0x20  Code  Lc  gfx_mk.o [1]
speedX                  0x2000000e     0x2  Data  Gb  gui.o [1]
speedY                  0x20000010     0x2  Data  Gb  gui.o [1]
speedZ                  0x20000012     0x2  Data  Gb  gui.o [1]
spi_init                0x08025ee5    0x82  Code  Lc  ili9341_drv.o [1]
sqrt                    0x080294f1          Code  Gb  sqrt.o [4]
sqrtl                   0x080294f1          Code  Gb  sqrt.o [4]
ticks2ms                0x2000cc60     0x4  Data  Lc  gfx_mk.o [1]
tune_lines              0x08023567    0x92  Code  Lc  gfx_mk.o [1]
uart1_rx_cplt           0x2000cc24     0x4  Data  Gb  uart_lld.o [1]
uart1_rx_idle           0x2000cc20     0x4  Data  Gb  uart_lld.o [1]
uart1_rxh_cplt          0x2000cc28     0x4  Data  Gb  uart_lld.o [1]
uart1_timeout           0x080287c1     0x2  Code  Lc  uart_lld.o [1]
uart1_timerHandle       0x2000ca2c     0x4  Data  Gb  uart_lld.o [1]
uart1_tx_cplt           0x2000cc2c     0x4  Data  Gb  uart_lld.o [1]
uart1_txh_cplt          0x2000cc30     0x4  Data  Gb  uart_lld.o [1]
uart3_rx_buffer         0x20002144    0x40  Data  Gb  uart_lld.o [1]
uart3_rx_cplt           0x2000cc38     0x4  Data  Gb  uart_lld.o [1]
uart3_rx_idle           0x2000cc34     0x4  Data  Gb  uart_lld.o [1]
uart3_rxh_cplt          0x2000cc3c     0x4  Data  Gb  uart_lld.o [1]
uart3_timeout           0x080287c3     0x2  Code  Lc  uart_lld.o [1]
uart3_timerHandle       0x2000ca30     0x4  Data  Gb  uart_lld.o [1]
uart3_tx_cplt           0x2000cc40     0x4  Data  Gb  uart_lld.o [1]
uart3_txh_cplt          0x2000cc44     0x4  Data  Gb  uart_lld.o [1]
uart_lld_init           0x08028581   0x140  Code  Gb  uart_lld.o [1]
uart_run_Handle         0x2000ca24     0x4  Data  Gb  uart_lld.o [1]
uart_testTx_Handle      0x2000ca28     0x4  Data  Gb  uart_lld.o [1]
ucHeap                  0x200073c0  0x3c00  Data  Lc  heap_4.o [1]
ucMaxSysCallPriority    0x20002024     0x1  Data  Lc  port.o [1]
ulMaxPRIGROUPValue      0x2000202c     0x4  Data  Lc  port.o [1]
uwTick                  0x2000cc80     0x4  Data  Lc  stm32f7xx_hal.o [1]
uxCriticalNesting       0x20002028     0x4  Data  Lc  port.o [1]
uxCurrentNumberOfTasks  0x20002080     0x4  Data  Lc  tasks.o [1]
uxListRemove            0x080257b3    0x24  Code  Gb  list.o [1]
uxPendedTicks           0x20002090     0x4  Data  Lc  tasks.o [1]
uxSchedulerSuspended    0x200020a4     0x4  Data  Lc  tasks.o [1]
uxTaskNumber            0x2000209c     0x4  Data  Lc  tasks.o [1]
uxTasksDeleted          0x20002068     0x4  Data  Lc  tasks.o [1]
uxTopReadyPriority      0x20002088     0x4  Data  Lc  tasks.o [1]
vListInitialise         0x08025749    0x1a  Code  Gb  list.o [1]
vListInitialiseItem     0x08025763     0x6  Code  Gb  list.o [1]
vListInsert             0x08025781    0x32  Code  Gb  list.o [1]
vListInsertEnd          0x08025769    0x18  Code  Gb  list.o [1]
vPortEnableVFP          0x08025869          Code  Gb  portasm.o [1]
vPortEnterCritical      0x0802492d    0x3a  Code  Gb  port.o [1]
vPortExitCritical       0x08024967    0x28  Code  Gb  port.o [1]
vPortFree               0x0802532f    0x44  Code  Gb  heap_4.o [1]
vPortSetupTimerInterrupt
                        0x080249b9    0x18  Code  Wk  port.o [1]
vPortStartFirstTask     0x08025851          Code  Gb  portasm.o [1]
vPortValidateInterruptPriority
                        0x080249d1    0x4a  Code  Gb  port.o [1]
vQueueAddToRegistry     0x080247eb    0x20  Code  Gb  queue.o [1]
vQueueDelete            0x080246e1    0x1a  Code  Gb  queue.o [1]
vQueueUnregisterQueue   0x0802480b    0x1e  Code  Gb  queue.o [1]
vQueueWaitForMessageRestricted
                        0x08024831    0x38  Code  Gb  queue.o [1]
vTaskDelay              0x08024b53    0x36  Code  Gb  tasks.o [1]
vTaskMissedYield        0x08024f6d     0xa  Code  Gb  tasks.o [1]
vTaskPlaceOnEventList   0x08024ded    0x26  Code  Gb  tasks.o [1]
vTaskPlaceOnEventListRestricted
                        0x08024e4f    0x2a  Code  Gb  tasks.o [1]
vTaskPriorityInherit    0x080250bf    0x6a  Code  Gb  tasks.o [1]
vTaskSetTimeOutState    0x08024edf    0x24  Code  Gb  tasks.o [1]
vTaskStartScheduler     0x08024bdf    0x54  Code  Gb  tasks.o [1]
vTaskSuspendAll         0x08024c33     0xc  Code  Gb  tasks.o [1]
vTaskSwitchContext      0x08024d97    0x56  Code  Gb  tasks.o [1]
waitsem                 0x2000cc54     0xc  Data  Lc  gfx_mk.o [1]
width                   0x20002388     0x2  Data  Gb  gui.o [1]
write_glyph_codeword    0x08022f1f    0x58  Code  Lc  gfx_mk.o [1]
write_pixels            0x08022d97    0x58  Code  Lc  gfx_mk.o [1]
write_ref_codeword      0x08022e85    0x9a  Code  Lc  gfx_mk.o [1]
write_rle_dictentry     0x08022e0f    0x76  Code  Lc  gfx_mk.o [1]
xActiveTimerList1       0x2000cbf8    0x14  Data  Lc  timers.o [1]
xActiveTimerList2       0x2000cc0c    0x14  Data  Lc  timers.o [1]
xBlockAllocatedBit      0x200073bc     0x4  Data  Lc  heap_4.o [1]
xDelayedTaskList1       0x200020a8    0x14  Data  Lc  tasks.o [1]
xDelayedTaskList2       0x200020bc    0x14  Data  Lc  tasks.o [1]
xFreeBytesRemaining     0x200073b4     0x4  Data  Lc  heap_4.o [1]
xMinimumEverFreeBytesRemaining
                        0x200073b8     0x4  Data  Lc  heap_4.o [1]
xNextTaskUnblockTime    0x200020a0     0x4  Data  Lc  tasks.o [1]
xNumOfOverflows         0x20002098     0x4  Data  Lc  tasks.o [1]
xPendingReadyList       0x20002034    0x14  Data  Lc  tasks.o [1]
xPortStartScheduler     0x080248bb    0x72  Code  Gb  port.o [1]
xPortSysTickHandler     0x0802498f    0x2a  Code  Gb  port.o [1]
xQueueCreateCountingSemaphore
                        0x08024291    0x2c  Code  Gb  queue.o [1]
xQueueCreateMutex       0x08024227    0x56  Code  Gb  queue.o [1]
xQueueGenericCreate     0x080241d3    0x54  Code  Gb  queue.o [1]
xQueueGenericReceive    0x08024517   0x11c  Code  Gb  queue.o [1]
xQueueGenericReset      0x08024161    0x72  Code  Gb  queue.o [1]
xQueueGenericSend       0x080242bd   0x110  Code  Gb  queue.o [1]
xQueueGenericSendFromISR
                        0x080243ed    0x86  Code  Gb  queue.o [1]
xQueueGiveFromISR       0x08024485    0x70  Code  Gb  queue.o [1]
xQueueReceiveFromISR    0x08024643    0x68  Code  Gb  queue.o [1]
xQueueRegistry          0x2000cba8    0x40  Data  Gb  queue.o [1]
xSchedulerRunning       0x2000208c     0x4  Data  Lc  tasks.o [1]
xStart                  0x200073a8     0x8  Data  Lc  heap_4.o [1]
xSuspendedTaskList      0x2000206c    0x14  Data  Lc  tasks.o [1]
xTaskCheckForTimeOut    0x08024f03    0x50  Code  Gb  tasks.o [1]
xTaskGenericCreate      0x08024a41   0x112  Code  Gb  tasks.o [1]
xTaskGetSchedulerState  0x080250a7    0x18  Code  Gb  tasks.o [1]
xTaskGetTickCount       0x08024cd5     0x8  Code  Gb  tasks.o [1]
xTaskIncrementTick      0x08024cdd    0xba  Code  Gb  tasks.o [1]
xTaskPriorityDisinherit
                        0x08025129    0x6e  Code  Gb  tasks.o [1]
xTaskRemoveFromEventList
                        0x08024e79    0x54  Code  Gb  tasks.o [1]
xTaskResumeAll          0x08024c3f    0x96  Code  Gb  tasks.o [1]
xTasksWaitingTermination
                        0x20002048    0x14  Data  Lc  tasks.o [1]
xTickCount              0x20002084     0x4  Data  Lc  tasks.o [1]
xTimerCreate            0x080258bd    0x3c  Code  Gb  timers.o [1]
xTimerCreateTimerTask   0x08025885    0x38  Code  Gb  timers.o [1]
xTimerGenericCommand    0x080258f9    0x48  Code  Gb  timers.o [1]
xTimerQueue             0x2000cbf0     0x4  Data  Lc  timers.o [1]
xYieldPending           0x20002094     0x4  Data  Lc  tasks.o [1]
xyz                     0x20000014  0x1800  Data  Gb  gui.o [1]


[1] = D:\Work\devel_stm32\dims_kl3333\dims_kl3333\EWARM\dims_kl3333\Obj
[2] = command line
[3] = dl7M_tlf.a
[4] = m7M_tls.a
[5] = rt7M_tl.a
[6] = shb_l.a

   33 134 bytes of readonly  code memory
  142 113 bytes of readonly  data memory
   52 356 bytes of readwrite data memory

Errors: none
Warnings: none
